
[1m[44m DEV [49m[22m [34mv4.0.16 [39m[90m/Users/dalelee/Desktop/aos-showcase[39m

[90mstdout[2m | src/ai/strategy/__tests__/debug_build.test.ts[2m > [22m[2mAI Build Sequential & Anti-Fragment Verification[2m > [22m[2m연속 건설(Continuity) 검증: 한 턴 내 3개 트랙이 끊기지 않고 이어져야 함
[22m[39m[getConnectedNeighbors] 결과: 0개 이웃 발견
[isRouteComplete 디버그] 5,3 이웃: 0 개
[isRouteComplete 디버그] W→C 연결 실패
[AI 경로] 컴퓨터-기차II: W→C (blue 화물, 거리 3)
[getConnectedNeighbors] 결과: 0개 이웃 발견
[isRouteComplete 디버그] 5,3 이웃: 0 개
[isRouteComplete 디버그] W→C 연결 실패
[AI 경로] 컴퓨터-기차II: W→C (blue 화물, 거리 3)
[getConnectedNeighbors] 결과: 0개 이웃 발견
[isRouteComplete 디버그] 5,3 이웃: 0 개
[isRouteComplete 디버그] W→C 연결 실패
[AI 트랙] 첫 트랙: W 도시에서 시작
[getConnectedNeighbors] 결과: 0개 이웃 발견
[getConnectedNeighbors] 결과: 0개 이웃 발견
[getConnectedNeighbors] 결과: 0개 이웃 발견
[getConnectedNeighbors] 결과: 0개 이웃 발견
[getConnectedNeighbors] 결과: 0개 이웃 발견
[getConnectedNeighbors] 결과: 0개 이웃 발견
[getConnectedNeighbors] 결과: 0개 이웃 발견
[getConnectedNeighbors] 결과: 0개 이웃 발견
[getConnectedNeighbors] 결과: 0개 이웃 발견
[getConnectedNeighbors] 결과: 0개 이웃 발견
[getConnectedNeighbors] 결과: 0개 이웃 발견
[getConnectedNeighbors] 결과: 0개 이웃 발견
[getConnectedNeighbors] 결과: 0개 이웃 발견
[getConnectedNeighbors] 결과: 0개 이웃 발견
[getConnectedNeighbors] 결과: 0개 이웃 발견
[getConnectedNeighbors] 결과: 0개 이웃 발견
[getConnectedNeighbors] 결과: 0개 이웃 발견
[getConnectedNeighbors] 결과: 0개 이웃 발견
[getConnectedNeighbors] 결과: 0개 이웃 발견
[AI 트랙] 컴퓨터-기차II: 건설 (5,2) edges=[1,4] $2 총점=1951.0 [의도: 출발 도시 연결] (전략=화물 기반 동적 전략, 경로=W→C)
[getConnectedNeighbors] 결과: 1개 이웃 발견
[isRouteComplete 디버그] 5,3 이웃: 1 개
[getConnectedNeighbors] 결과: 1개 이웃 발견
[isRouteComplete 디버그] 5,2 이웃: 1 개
[isRouteComplete 디버그] W→C 연결 실패
[AI 경로] 컴퓨터-기차II: 현재 경로 W→C 유지 (진행도: 33%)
[getConnectedNeighbors] 결과: 1개 이웃 발견
[isRouteComplete 디버그] 5,3 이웃: 1 개
[getConnectedNeighbors] 결과: 1개 이웃 발견
[isRouteComplete 디버그] 5,2 이웃: 1 개
[isRouteComplete 디버그] W→C 연결 실패
[AI 경로] 컴퓨터-기차II: W→C (blue 화물, 거리 3)
[getConnectedNeighbors] 결과: 1개 이웃 발견
[isRouteComplete 디버그] 5,3 이웃: 1 개
[getConnectedNeighbors] 결과: 1개 이웃 발견
[isRouteComplete 디버그] 5,2 이웃: 1 개
[isRouteComplete 디버그] W→C 연결 실패
[getConnectedNeighbors] 결과: 1개 이웃 발견
[getConnectedNeighbors] 결과: 0개 이웃 발견
[AI 트랙] 출발지(W) 망에서만 확장 후보 탐색 (순차 건설 강제)
[getConnectedNeighbors] 결과: 1개 이웃 발견
[getConnectedNeighbors] 결과: 1개 이웃 발견
[getConnectedNeighbors] 결과: 1개 이웃 발견
[getConnectedNeighbors] 결과: 1개 이웃 발견
[getConnectedNeighbors] 결과: 1개 이웃 발견
[getConnectedNeighbors] 결과: 1개 이웃 발견
[getConnectedNeighbors] 결과: 1개 이웃 발견
[getConnectedNeighbors] 결과: 1개 이웃 발견
[getConnectedNeighbors] 결과: 1개 이웃 발견
[getConnectedNeighbors] 결과: 1개 이웃 발견
[getConnectedNeighbors] 결과: 1개 이웃 발견
[getConnectedNeighbors] 결과: 1개 이웃 발견
[getConnectedNeighbors] 결과: 1개 이웃 발견
[getConnectedNeighbors] 결과: 1개 이웃 발견
[getConnectedNeighbors] 결과: 1개 이웃 발견
[getConnectedNeighbors] 결과: 1개 이웃 발견
[getConnectedNeighbors] 결과: 1개 이웃 발견
[getConnectedNeighbors] 결과: 1개 이웃 발견
[getConnectedNeighbors] 결과: 1개 이웃 발견
[getConnectedNeighbors] 결과: 1개 이웃 발견
[getConnectedNeighbors] 결과: 1개 이웃 발견
[getConnectedNeighbors] 결과: 1개 이웃 발견
[getConnectedNeighbors] 결과: 1개 이웃 발견
[getConnectedNeighbors] 결과: 1개 이웃 발견
[getConnectedNeighbors] 결과: 1개 이웃 발견
[getConnectedNeighbors] 결과: 1개 이웃 발견
[getConnectedNeighbors] 결과: 1개 이웃 발견
[getConnectedNeighbors] 결과: 1개 이웃 발견
[getConnectedNeighbors] 결과: 1개 이웃 발견
[getConnectedNeighbors] 결과: 1개 이웃 발견
[getConnectedNeighbors] 결과: 1개 이웃 발견
[getConnectedNeighbors] 결과: 1개 이웃 발견
[getConnectedNeighbors] 결과: 1개 이웃 발견
[getConnectedNeighbors] 결과: 1개 이웃 발견
[getConnectedNeighbors] 결과: 1개 이웃 발견
[getConnectedNeighbors] 결과: 1개 이웃 발견
[getConnectedNeighbors] 결과: 1개 이웃 발견
[getConnectedNeighbors] 결과: 1개 이웃 발견
[getConnectedNeighbors] 결과: 1개 이웃 발견
[getConnectedNeighbors] 결과: 1개 이웃 발견
[getConnectedNeighbors] 결과: 1개 이웃 발견
[getConnectedNeighbors] 결과: 1개 이웃 발견
[getConnectedNeighbors] 결과: 1개 이웃 발견
[getConnectedNeighbors] 결과: 1개 이웃 발견
[getConnectedNeighbors] 결과: 1개 이웃 발견
[getConnectedNeighbors] 결과: 0개 이웃 발견
[getConnectedNeighbors] 결과: 1개 이웃 발견
[getConnectedNeighbors] 결과: 1개 이웃 발견
[getConnectedNeighbors] 결과: 1개 이웃 발견
[getConnectedNeighbors] 결과: 1개 이웃 발견
[getConnectedNeighbors] 결과: 1개 이웃 발견
[getConnectedNeighbors] 결과: 1개 이웃 발견
[getConnectedNeighbors] 결과: 1개 이웃 발견
[getConnectedNeighbors] 결과: 1개 이웃 발견
[getConnectedNeighbors] 결과: 1개 이웃 발견
[getConnectedNeighbors] 결과: 1개 이웃 발견
[getConnectedNeighbors] 결과: 1개 이웃 발견
[getConnectedNeighbors] 결과: 1개 이웃 발견
[getConnectedNeighbors] 결과: 1개 이웃 발견
[getConnectedNeighbors] 결과: 1개 이웃 발견
[getConnectedNeighbors] 결과: 1개 이웃 발견
[getConnectedNeighbors] 결과: 1개 이웃 발견
[getConnectedNeighbors] 결과: 1개 이웃 발견
[getConnectedNeighbors] 결과: 1개 이웃 발견
[getConnectedNeighbors] 결과: 1개 이웃 발견
[getConnectedNeighbors] 결과: 1개 이웃 발견
[getConnectedNeighbors] 결과: 1개 이웃 발견
[getConnectedNeighbors] 결과: 1개 이웃 발견
[getConnectedNeighbors] 결과: 1개 이웃 발견
[getConnectedNeighbors] 결과: 1개 이웃 발견
[getConnectedNeighbors] 결과: 1개 이웃 발견
[getConnectedNeighbors] 결과: 1개 이웃 발견
[getConnectedNeighbors] 결과: 1개 이웃 발견
[getConnectedNeighbors] 결과: 1개 이웃 발견
[getConnectedNeighbors] 결과: 1개 이웃 발견
[getConnectedNeighbors] 결과: 1개 이웃 발견
[getConnectedNeighbors] 결과: 1개 이웃 발견
[getConnectedNeighbors] 결과: 1개 이웃 발견
[getConnectedNeighbors] 결과: 1개 이웃 발견
[getConnectedNeighbors] 결과: 1개 이웃 발견
[getConnectedNeighbors] 결과: 1개 이웃 발견
[getConnectedNeighbors] 결과: 1개 이웃 발견
[getConnectedNeighbors] 결과: 1개 이웃 발견
[getConnectedNeighbors] 결과: 1개 이웃 발견
[getConnectedNeighbors] 결과: 1개 이웃 발견
[getConnectedNeighbors] 결과: 1개 이웃 발견
[getConnectedNeighbors] 결과: 1개 이웃 발견
[getConnectedNeighbors] 결과: 1개 이웃 발견
[getConnectedNeighbors] 결과: 1개 이웃 발견
[getConnectedNeighbors] 결과: 1개 이웃 발견
[AI 트랙] 컴퓨터-기차II: 건설 (4,1) edges=[1,5] $2 총점=5533.0 [의도: 목적 도시 연결 완성] (전략=화물 기반 동적 전략, 경로=W→C)
[getConnectedNeighbors] 결과: 1개 이웃 발견
[isRouteComplete 디버그] 5,3 이웃: 1 개
  edge 4: 이웃 (4, 1) 트랙 확인, 소유자 매칭 성공! 필요한 entryEdge: 1
[getConnectedNeighbors] 결과: 2개 이웃 발견
[isRouteComplete 디버그] 5,2 이웃: 2 개
  edge 1: 이웃 (5, 2) 트랙 확인, 소유자 매칭 성공! 필요한 entryEdge: 4
[getConnectedNeighbors] 결과: 2개 이웃 발견
[isRouteComplete 디버그] 4,1 이웃: 2 개
[isRouteComplete 디버그] W→C 연결 찾음!
[AI 경로] W→C 경로 완성됨!
[AI 경로] 컴퓨터-기차II: 경로 W→C 완성됨, 새 경로 탐색
[getConnectedNeighbors] 결과: 1개 이웃 발견
[isRouteComplete 디버그] 5,3 이웃: 1 개
  edge 4: 이웃 (4, 1) 트랙 확인, 소유자 매칭 성공! 필요한 entryEdge: 1
[getConnectedNeighbors] 결과: 2개 이웃 발견
[isRouteComplete 디버그] 5,2 이웃: 2 개
  edge 1: 이웃 (5, 2) 트랙 확인, 소유자 매칭 성공! 필요한 entryEdge: 4
[getConnectedNeighbors] 결과: 2개 이웃 발견
[isRouteComplete 디버그] 4,1 이웃: 2 개
[isRouteComplete 디버그] W→C 연결 찾음!
[AI 경로] 컴퓨터-기차II: 모든 배달 기회가 이미 연결되어 있음
[AI 경로] 컴퓨터-기차II: 네트워크 확장 C→O
[getConnectedNeighbors] 결과: 1개 이웃 발견
[isRouteComplete 디버그] 5,3 이웃: 1 개
  edge 4: 이웃 (4, 1) 트랙 확인, 소유자 매칭 성공! 필요한 entryEdge: 1
[getConnectedNeighbors] 결과: 2개 이웃 발견
[isRouteComplete 디버그] 5,2 이웃: 2 개
  edge 1: 이웃 (5, 2) 트랙 확인, 소유자 매칭 성공! 필요한 entryEdge: 4
[getConnectedNeighbors] 결과: 2개 이웃 발견
[isRouteComplete 디버그] 4,1 이웃: 2 개
[isRouteComplete 디버그] W→C 연결 찾음!
[AI 경로] 컴퓨터-기차II: 모든 배달 기회가 이미 연결되어 있음
[AI 경로] 컴퓨터-기차II: 네트워크 확장 C→O
[getConnectedNeighbors] 결과: 1개 이웃 발견
[isRouteComplete 디버그] 5,0 이웃: 1 개
  edge 1: 이웃 (5, 2) 트랙 확인, 소유자 매칭 성공! 필요한 entryEdge: 4
[getConnectedNeighbors] 결과: 2개 이웃 발견
[isRouteComplete 디버그] 4,1 이웃: 2 개
  edge 4: 이웃 (4, 1) 트랙 확인, 소유자 매칭 성공! 필요한 entryEdge: 1
[getConnectedNeighbors] 결과: 2개 이웃 발견
[isRouteComplete 디버그] 5,2 이웃: 2 개
[getConnectedNeighbors] 결과: 1개 이웃 발견
[isRouteComplete 디버그] 5,3 이웃: 1 개
[isRouteComplete 디버그] C→O 연결 실패
[getConnectedNeighbors] 결과: 1개 이웃 발견
  edge 1: 이웃 (5, 2) 트랙 확인, 소유자 매칭 성공! 필요한 entryEdge: 4
[getConnectedNeighbors] 결과: 1개 이웃 발견
[getConnectedNeighbors] 결과: 1개 이웃 발견
[getConnectedNeighbors] 결과: 0개 이웃 발견
[AI 트랙] 출발지(C) 망에서만 확장 후보 탐색 (순차 건설 강제)
[getConnectedNeighbors] 결과: 1개 이웃 발견
  edge 1: 이웃 (5, 2) 트랙 확인, 소유자 매칭 성공! 필요한 entryEdge: 4
[getConnectedNeighbors] 결과: 2개 이웃 발견
  edge 4: 이웃 (4, 1) 트랙 확인, 소유자 매칭 성공! 필요한 entryEdge: 1
[getConnectedNeighbors] 결과: 2개 이웃 발견
[getConnectedNeighbors] 결과: 1개 이웃 발견
[getConnectedNeighbors] 결과: 1개 이웃 발견
  edge 1: 이웃 (5, 2) 트랙 확인, 소유자 매칭 성공! 필요한 entryEdge: 4
[getConnectedNeighbors] 결과: 2개 이웃 발견
  edge 4: 이웃 (4, 1) 트랙 확인, 소유자 매칭 성공! 필요한 entryEdge: 1
[getConnectedNeighbors] 결과: 2개 이웃 발견
[getConnectedNeighbors] 결과: 1개 이웃 발견
[getConnectedNeighbors] 결과: 1개 이웃 발견
  edge 1: 이웃 (5, 2) 트랙 확인, 소유자 매칭 성공! 필요한 entryEdge: 4
[getConnectedNeighbors] 결과: 2개 이웃 발견
  edge 4: 이웃 (4, 1) 트랙 확인, 소유자 매칭 성공! 필요한 entryEdge: 1
[getConnectedNeighbors] 결과: 2개 이웃 발견
[getConnectedNeighbors] 결과: 1개 이웃 발견
[getConnectedNeighbors] 결과: 1개 이웃 발견
  edge 1: 이웃 (5, 2) 트랙 확인, 소유자 매칭 성공! 필요한 entryEdge: 4
[getConnectedNeighbors] 결과: 2개 이웃 발견
  edge 4: 이웃 (4, 1) 트랙 확인, 소유자 매칭 성공! 필요한 entryEdge: 1
[getConnectedNeighbors] 결과: 2개 이웃 발견
[getConnectedNeighbors] 결과: 1개 이웃 발견
[getConnectedNeighbors] 결과: 1개 이웃 발견
  edge 1: 이웃 (5, 2) 트랙 확인, 소유자 매칭 성공! 필요한 entryEdge: 4
[getConnectedNeighbors] 결과: 2개 이웃 발견
  edge 4: 이웃 (4, 1) 트랙 확인, 소유자 매칭 성공! 필요한 entryEdge: 1
[getConnectedNeighbors] 결과: 2개 이웃 발견
[getConnectedNeighbors] 결과: 1개 이웃 발견
[getConnectedNeighbors] 결과: 1개 이웃 발견
  edge 1: 이웃 (5, 2) 트랙 확인, 소유자 매칭 성공! 필요한 entryEdge: 4
[getConnectedNeighbors] 결과: 2개 이웃 발견
  edge 4: 이웃 (4, 1) 트랙 확인, 소유자 매칭 성공! 필요한 entryEdge: 1
[getConnectedNeighbors] 결과: 2개 이웃 발견
[getConnectedNeighbors] 결과: 1개 이웃 발견
[getConnectedNeighbors] 결과: 1개 이웃 발견
  edge 1: 이웃 (5, 2) 트랙 확인, 소유자 매칭 성공! 필요한 entryEdge: 4
[getConnectedNeighbors] 결과: 2개 이웃 발견
  edge 4: 이웃 (4, 1) 트랙 확인, 소유자 매칭 성공! 필요한 entryEdge: 1
[getConnectedNeighbors] 결과: 2개 이웃 발견
[getConnectedNeighbors] 결과: 1개 이웃 발견
[getConnectedNeighbors] 결과: 1개 이웃 발견
  edge 1: 이웃 (5, 2) 트랙 확인, 소유자 매칭 성공! 필요한 entryEdge: 4
[getConnectedNeighbors] 결과: 2개 이웃 발견
  edge 4: 이웃 (4, 1) 트랙 확인, 소유자 매칭 성공! 필요한 entryEdge: 1
[getConnectedNeighbors] 결과: 2개 이웃 발견
[getConnectedNeighbors] 결과: 1개 이웃 발견
[getConnectedNeighbors] 결과: 1개 이웃 발견
  edge 1: 이웃 (5, 2) 트랙 확인, 소유자 매칭 성공! 필요한 entryEdge: 4
[getConnectedNeighbors] 결과: 2개 이웃 발견
  edge 4: 이웃 (4, 1) 트랙 확인, 소유자 매칭 성공! 필요한 entryEdge: 1
[getConnectedNeighbors] 결과: 2개 이웃 발견
[getConnectedNeighbors] 결과: 1개 이웃 발견
[getConnectedNeighbors] 결과: 1개 이웃 발견
  edge 1: 이웃 (5, 2) 트랙 확인, 소유자 매칭 성공! 필요한 entryEdge: 4
[getConnectedNeighbors] 결과: 2개 이웃 발견
  edge 4: 이웃 (4, 1) 트랙 확인, 소유자 매칭 성공! 필요한 entryEdge: 1
[getConnectedNeighbors] 결과: 2개 이웃 발견
[getConnectedNeighbors] 결과: 1개 이웃 발견
[getConnectedNeighbors] 결과: 1개 이웃 발견
  edge 1: 이웃 (5, 2) 트랙 확인, 소유자 매칭 성공! 필요한 entryEdge: 4
[getConnectedNeighbors] 결과: 2개 이웃 발견
  edge 4: 이웃 (4, 1) 트랙 확인, 소유자 매칭 성공! 필요한 entryEdge: 1
[getConnectedNeighbors] 결과: 2개 이웃 발견
[getConnectedNeighbors] 결과: 1개 이웃 발견
[getConnectedNeighbors] 결과: 1개 이웃 발견
  edge 1: 이웃 (5, 2) 트랙 확인, 소유자 매칭 성공! 필요한 entryEdge: 4
[getConnectedNeighbors] 결과: 2개 이웃 발견
  edge 4: 이웃 (4, 1) 트랙 확인, 소유자 매칭 성공! 필요한 entryEdge: 1
[getConnectedNeighbors] 결과: 2개 이웃 발견
[getConnectedNeighbors] 결과: 1개 이웃 발견
[getConnectedNeighbors] 결과: 1개 이웃 발견
  edge 1: 이웃 (5, 2) 트랙 확인, 소유자 매칭 성공! 필요한 entryEdge: 4
[getConnectedNeighbors] 결과: 2개 이웃 발견
  edge 4: 이웃 (4, 1) 트랙 확인, 소유자 매칭 성공! 필요한 entryEdge: 1
[getConnectedNeighbors] 결과: 2개 이웃 발견
[getConnectedNeighbors] 결과: 1개 이웃 발견
[getConnectedNeighbors] 결과: 1개 이웃 발견
  edge 1: 이웃 (5, 2) 트랙 확인, 소유자 매칭 성공! 필요한 entryEdge: 4
[getConnectedNeighbors] 결과: 2개 이웃 발견
  edge 4: 이웃 (4, 1) 트랙 확인, 소유자 매칭 성공! 필요한 entryEdge: 1
[getConnectedNeighbors] 결과: 2개 이웃 발견
[getConnectedNeighbors] 결과: 1개 이웃 발견
[getConnectedNeighbors] 결과: 1개 이웃 발견
  edge 1: 이웃 (5, 2) 트랙 확인, 소유자 매칭 성공! 필요한 entryEdge: 4
[getConnectedNeighbors] 결과: 2개 이웃 발견
  edge 4: 이웃 (4, 1) 트랙 확인, 소유자 매칭 성공! 필요한 entryEdge: 1
[getConnectedNeighbors] 결과: 2개 이웃 발견
[getConnectedNeighbors] 결과: 1개 이웃 발견
[getConnectedNeighbors] 결과: 1개 이웃 발견
  edge 1: 이웃 (5, 2) 트랙 확인, 소유자 매칭 성공! 필요한 entryEdge: 4
[getConnectedNeighbors] 결과: 2개 이웃 발견
  edge 4: 이웃 (4, 1) 트랙 확인, 소유자 매칭 성공! 필요한 entryEdge: 1
[getConnectedNeighbors] 결과: 2개 이웃 발견
[getConnectedNeighbors] 결과: 1개 이웃 발견
[getConnectedNeighbors] 결과: 1개 이웃 발견
  edge 1: 이웃 (5, 2) 트랙 확인, 소유자 매칭 성공! 필요한 entryEdge: 4
[getConnectedNeighbors] 결과: 2개 이웃 발견
  edge 4: 이웃 (4, 1) 트랙 확인, 소유자 매칭 성공! 필요한 entryEdge: 1
[getConnectedNeighbors] 결과: 2개 이웃 발견
[getConnectedNeighbors] 결과: 1개 이웃 발견
[getConnectedNeighbors] 결과: 1개 이웃 발견
  edge 1: 이웃 (5, 2) 트랙 확인, 소유자 매칭 성공! 필요한 entryEdge: 4
[getConnectedNeighbors] 결과: 2개 이웃 발견
  edge 4: 이웃 (4, 1) 트랙 확인, 소유자 매칭 성공! 필요한 entryEdge: 1
[getConnectedNeighbors] 결과: 2개 이웃 발견
[getConnectedNeighbors] 결과: 1개 이웃 발견
[getConnectedNeighbors] 결과: 1개 이웃 발견
  edge 1: 이웃 (5, 2) 트랙 확인, 소유자 매칭 성공! 필요한 entryEdge: 4
[getConnectedNeighbors] 결과: 2개 이웃 발견
  edge 4: 이웃 (4, 1) 트랙 확인, 소유자 매칭 성공! 필요한 entryEdge: 1
[getConnectedNeighbors] 결과: 2개 이웃 발견
[getConnectedNeighbors] 결과: 1개 이웃 발견
[getConnectedNeighbors] 결과: 1개 이웃 발견
  edge 1: 이웃 (5, 2) 트랙 확인, 소유자 매칭 성공! 필요한 entryEdge: 4
[getConnectedNeighbors] 결과: 2개 이웃 발견
  edge 4: 이웃 (4, 1) 트랙 확인, 소유자 매칭 성공! 필요한 entryEdge: 1
[getConnectedNeighbors] 결과: 2개 이웃 발견
[getConnectedNeighbors] 결과: 1개 이웃 발견
[getConnectedNeighbors] 결과: 1개 이웃 발견
  edge 1: 이웃 (5, 2) 트랙 확인, 소유자 매칭 성공! 필요한 entryEdge: 4
[getConnectedNeighbors] 결과: 1개 이웃 발견
[getConnectedNeighbors] 결과: 1개 이웃 발견
[getConnectedNeighbors] 결과: 0개 이웃 발견
[getConnectedNeighbors] 결과: 1개 이웃 발견
  edge 1: 이웃 (5, 2) 트랙 확인, 소유자 매칭 성공! 필요한 entryEdge: 4
[getConnectedNeighbors] 결과: 2개 이웃 발견
  edge 4: 이웃 (4, 1) 트랙 확인, 소유자 매칭 성공! 필요한 entryEdge: 1
[getConnectedNeighbors] 결과: 2개 이웃 발견
[getConnectedNeighbors] 결과: 1개 이웃 발견
[getConnectedNeighbors] 결과: 1개 이웃 발견
  edge 1: 이웃 (5, 2) 트랙 확인, 소유자 매칭 성공! 필요한 entryEdge: 4
[getConnectedNeighbors] 결과: 2개 이웃 발견
  edge 4: 이웃 (4, 1) 트랙 확인, 소유자 매칭 성공! 필요한 entryEdge: 1
[getConnectedNeighbors] 결과: 2개 이웃 발견
[getConnectedNeighbors] 결과: 1개 이웃 발견
[getConnectedNeighbors] 결과: 1개 이웃 발견
  edge 1: 이웃 (5, 2) 트랙 확인, 소유자 매칭 성공! 필요한 entryEdge: 4
[getConnectedNeighbors] 결과: 2개 이웃 발견
  edge 4: 이웃 (4, 1) 트랙 확인, 소유자 매칭 성공! 필요한 entryEdge: 1
[getConnectedNeighbors] 결과: 2개 이웃 발견
[getConnectedNeighbors] 결과: 1개 이웃 발견
[getConnectedNeighbors] 결과: 1개 이웃 발견
  edge 1: 이웃 (5, 2) 트랙 확인, 소유자 매칭 성공! 필요한 entryEdge: 4
[getConnectedNeighbors] 결과: 2개 이웃 발견
  edge 4: 이웃 (4, 1) 트랙 확인, 소유자 매칭 성공! 필요한 entryEdge: 1
[getConnectedNeighbors] 결과: 2개 이웃 발견
[getConnectedNeighbors] 결과: 1개 이웃 발견
[getConnectedNeighbors] 결과: 1개 이웃 발견
  edge 1: 이웃 (5, 2) 트랙 확인, 소유자 매칭 성공! 필요한 entryEdge: 4
[getConnectedNeighbors] 결과: 2개 이웃 발견
  edge 4: 이웃 (4, 1) 트랙 확인, 소유자 매칭 성공! 필요한 entryEdge: 1
[getConnectedNeighbors] 결과: 2개 이웃 발견
[getConnectedNeighbors] 결과: 1개 이웃 발견
[getConnectedNeighbors] 결과: 1개 이웃 발견
  edge 1: 이웃 (5, 2) 트랙 확인, 소유자 매칭 성공! 필요한 entryEdge: 4
[getConnectedNeighbors] 결과: 2개 이웃 발견
  edge 4: 이웃 (4, 1) 트랙 확인, 소유자 매칭 성공! 필요한 entryEdge: 1
[getConnectedNeighbors] 결과: 2개 이웃 발견
[getConnectedNeighbors] 결과: 1개 이웃 발견
[getConnectedNeighbors] 결과: 1개 이웃 발견
  edge 1: 이웃 (5, 2) 트랙 확인, 소유자 매칭 성공! 필요한 entryEdge: 4
[getConnectedNeighbors] 결과: 2개 이웃 발견
  edge 4: 이웃 (4, 1) 트랙 확인, 소유자 매칭 성공! 필요한 entryEdge: 1
[getConnectedNeighbors] 결과: 2개 이웃 발견
[getConnectedNeighbors] 결과: 1개 이웃 발견
[getConnectedNeighbors] 결과: 1개 이웃 발견
  edge 1: 이웃 (5, 2) 트랙 확인, 소유자 매칭 성공! 필요한 entryEdge: 4
[getConnectedNeighbors] 결과: 2개 이웃 발견
  edge 4: 이웃 (4, 1) 트랙 확인, 소유자 매칭 성공! 필요한 entryEdge: 1
[getConnectedNeighbors] 결과: 2개 이웃 발견
[getConnectedNeighbors] 결과: 1개 이웃 발견
[getConnectedNeighbors] 결과: 1개 이웃 발견
  edge 1: 이웃 (5, 2) 트랙 확인, 소유자 매칭 성공! 필요한 entryEdge: 4
[getConnectedNeighbors] 결과: 2개 이웃 발견
  edge 4: 이웃 (4, 1) 트랙 확인, 소유자 매칭 성공! 필요한 entryEdge: 1
[getConnectedNeighbors] 결과: 2개 이웃 발견
[getConnectedNeighbors] 결과: 1개 이웃 발견
[getConnectedNeighbors] 결과: 1개 이웃 발견
  edge 1: 이웃 (5, 2) 트랙 확인, 소유자 매칭 성공! 필요한 entryEdge: 4
[getConnectedNeighbors] 결과: 2개 이웃 발견
  edge 4: 이웃 (4, 1) 트랙 확인, 소유자 매칭 성공! 필요한 entryEdge: 1
[getConnectedNeighbors] 결과: 2개 이웃 발견
[getConnectedNeighbors] 결과: 1개 이웃 발견
[getConnectedNeighbors] 결과: 1개 이웃 발견
  edge 1: 이웃 (5, 2) 트랙 확인, 소유자 매칭 성공! 필요한 entryEdge: 4
[getConnectedNeighbors] 결과: 2개 이웃 발견
  edge 4: 이웃 (4, 1) 트랙 확인, 소유자 매칭 성공! 필요한 entryEdge: 1
[getConnectedNeighbors] 결과: 2개 이웃 발견
[getConnectedNeighbors] 결과: 1개 이웃 발견
[getConnectedNeighbors] 결과: 1개 이웃 발견
  edge 1: 이웃 (5, 2) 트랙 확인, 소유자 매칭 성공! 필요한 entryEdge: 4
[getConnectedNeighbors] 결과: 2개 이웃 발견
  edge 4: 이웃 (4, 1) 트랙 확인, 소유자 매칭 성공! 필요한 entryEdge: 1
[getConnectedNeighbors] 결과: 2개 이웃 발견
[getConnectedNeighbors] 결과: 1개 이웃 발견
[getConnectedNeighbors] 결과: 1개 이웃 발견
  edge 1: 이웃 (5, 2) 트랙 확인, 소유자 매칭 성공! 필요한 entryEdge: 4
[getConnectedNeighbors] 결과: 2개 이웃 발견
  edge 4: 이웃 (4, 1) 트랙 확인, 소유자 매칭 성공! 필요한 entryEdge: 1
[getConnectedNeighbors] 결과: 2개 이웃 발견
[getConnectedNeighbors] 결과: 1개 이웃 발견
[getConnectedNeighbors] 결과: 1개 이웃 발견
  edge 1: 이웃 (5, 2) 트랙 확인, 소유자 매칭 성공! 필요한 entryEdge: 4
[getConnectedNeighbors] 결과: 2개 이웃 발견
  edge 4: 이웃 (4, 1) 트랙 확인, 소유자 매칭 성공! 필요한 entryEdge: 1
[getConnectedNeighbors] 결과: 2개 이웃 발견
[getConnectedNeighbors] 결과: 1개 이웃 발견
[getConnectedNeighbors] 결과: 1개 이웃 발견
  edge 1: 이웃 (5, 2) 트랙 확인, 소유자 매칭 성공! 필요한 entryEdge: 4
[getConnectedNeighbors] 결과: 2개 이웃 발견
  edge 4: 이웃 (4, 1) 트랙 확인, 소유자 매칭 성공! 필요한 entryEdge: 1
[getConnectedNeighbors] 결과: 2개 이웃 발견
[getConnectedNeighbors] 결과: 1개 이웃 발견
[getConnectedNeighbors] 결과: 1개 이웃 발견
  edge 1: 이웃 (5, 2) 트랙 확인, 소유자 매칭 성공! 필요한 entryEdge: 4
[getConnectedNeighbors] 결과: 2개 이웃 발견
  edge 4: 이웃 (4, 1) 트랙 확인, 소유자 매칭 성공! 필요한 entryEdge: 1
[getConnectedNeighbors] 결과: 2개 이웃 발견
[getConnectedNeighbors] 결과: 1개 이웃 발견
[getConnectedNeighbors] 결과: 1개 이웃 발견
  edge 1: 이웃 (5, 2) 트랙 확인, 소유자 매칭 성공! 필요한 entryEdge: 4
[getConnectedNeighbors] 결과: 2개 이웃 발견
  edge 4: 이웃 (4, 1) 트랙 확인, 소유자 매칭 성공! 필요한 entryEdge: 1
[getConnectedNeighbors] 결과: 2개 이웃 발견
[getConnectedNeighbors] 결과: 1개 이웃 발견
[getConnectedNeighbors] 결과: 1개 이웃 발견
  edge 1: 이웃 (5, 2) 트랙 확인, 소유자 매칭 성공! 필요한 entryEdge: 4
[getConnectedNeighbors] 결과: 2개 이웃 발견
  edge 4: 이웃 (4, 1) 트랙 확인, 소유자 매칭 성공! 필요한 entryEdge: 1
[getConnectedNeighbors] 결과: 2개 이웃 발견
[getConnectedNeighbors] 결과: 1개 이웃 발견
[getConnectedNeighbors] 결과: 1개 이웃 발견
  edge 1: 이웃 (5, 2) 트랙 확인, 소유자 매칭 성공! 필요한 entryEdge: 4
[getConnectedNeighbors] 결과: 2개 이웃 발견
  edge 4: 이웃 (4, 1) 트랙 확인, 소유자 매칭 성공! 필요한 entryEdge: 1
[getConnectedNeighbors] 결과: 2개 이웃 발견
[getConnectedNeighbors] 결과: 1개 이웃 발견
[getConnectedNeighbors] 결과: 1개 이웃 발견
  edge 1: 이웃 (5, 2) 트랙 확인, 소유자 매칭 성공! 필요한 entryEdge: 4
[getConnectedNeighbors] 결과: 2개 이웃 발견
  edge 4: 이웃 (4, 1) 트랙 확인, 소유자 매칭 성공! 필요한 entryEdge: 1
[getConnectedNeighbors] 결과: 2개 이웃 발견
[getConnectedNeighbors] 결과: 1개 이웃 발견
[AI 트랙] 컴퓨터-기차II: 건설 (4,1) edges=[5,2] $2 총점=1153.0 [의도: 기존 선로 방향 전환($2) - 출발 도시 연결] (전략=화물 기반 동적 전략, 경로=C→O)

 [31m❯[39m src/ai/strategy/__tests__/debug_build.test.ts [2m([22m[2m4 tests[22m[2m | [22m[31m1 failed[39m[2m | [22m[33m3 skipped[39m[2m)[22m[32m 15[2mms[22m[39m
     [2m[90m↓[39m[22m Cleveland에서 Columbus로의 건설 시 반드시 Cleveland 인접 트랙부터 시작해야 함 (마중 나오기 금지)
[31m     [31m×[31m 연속 건설(Continuity) 검증: 한 턴 내 3개 트랙이 끊기지 않고 이어져야 함[39m[32m 14[2mms[22m[39m
     [2m[90m↓[39m[22m 잘못 놓인 본인 트랙을 방향 전환($2)하여 목적지로 이어가는지 확인
     [2m[90m↓[39m[22m 1링크 전략 목표보다 2링크 고수익 배달을 우선 선택하는지 확인

[31m⎯⎯⎯⎯⎯⎯⎯[39m[1m[41m Failed Tests 1 [49m[22m[31m⎯⎯⎯⎯⎯⎯⎯[39m

[41m[1m FAIL [22m[49m src/ai/strategy/__tests__/debug_build.test.ts[2m > [22mAI Build Sequential & Anti-Fragment Verification[2m > [22m연속 건설(Continuity) 검증: 한 턴 내 3개 트랙이 끊기지 않고 이어져야 함
[31m[1mAssertionError[22m: expected +0 to be 1 // Object.is equality[39m

[32m- Expected[39m
[31m+ Received[39m

[32m- 1[39m
[31m+ 0[39m

[36m [2m❯[22m src/ai/strategy/__tests__/debug_build.test.ts:[2m67:53[22m[39m
    [90m 65| [39m        [35mconst[39m d3 [33m=[39m [34mdecideBuildTrack[39m(state[33m,[39m [32m'player2'[39m)[33m;[39m
    [90m 66| [39m        [35mif[39m (d2[33m.[39maction [33m===[39m [32m'build'[39m [33m&&[39m d3[33m.[39maction [33m===[39m [32m'build'[39m) {
    [90m 67| [39m            [34mexpect[39m([34mhexDistance[39m(d2[33m.[39mcoord[33m,[39m d3[33m.[39mcoord))[33m.[39m[34mtoBe[39m([34m1[39m)[33m;[39m
    [90m   | [39m                                                    [31m^[39m
    [90m 68| [39m        }
    [90m 69| [39m    })[33m;[39m

[31m[2m⎯⎯⎯⎯⎯⎯⎯⎯⎯⎯⎯⎯⎯⎯⎯⎯⎯⎯⎯⎯⎯⎯⎯⎯[1/1]⎯[22m[39m


[2m Test Files [22m [1m[31m1 failed[39m[22m[90m (1)[39m
[2m      Tests [22m [1m[31m1 failed[39m[22m[2m | [22m[33m3 skipped[39m[90m (4)[39m
[2m   Start at [22m 16:40:45
[2m   Duration [22m 210ms[2m (transform 90ms, setup 0ms, import 106ms, tests 15ms, environment 0ms)[22m

[1m[41m FAIL [49m[22m [31mTests failed. Watching for file changes...[39m
       [2mpress [22m[1mh[22m[2m to show help[22m[2m, [22m[2mpress [22m[1mq[22m[2m to quit[22m
c[3J[1m[44m RERUN [49m[22m [34m[2msrc/ai/strategies/buildTrack.ts [22m[34mx1 [34m[39m
       [2m Filename pattern: [22m[34msrc/ai/strategy/__tests__/debug_build.test.ts[39m
       [2m Test name pattern: [22m[34m/연속 건설/[39m

[90mstdout[2m | src/ai/strategy/__tests__/debug_build.test.ts[2m > [22m[2mAI Build Sequential & Anti-Fragment Verification[2m > [22m[2m연속 건설(Continuity) 검증: 한 턴 내 3개 트랙이 끊기지 않고 이어져야 함
[22m[39m[getConnectedNeighbors] 결과: 0개 이웃 발견
[isRouteComplete 디버그] 5,3 이웃: 0 개
[isRouteComplete 디버그] W→C 연결 실패
[AI 경로] 컴퓨터-기차II: W→C (blue 화물, 거리 3)
[getConnectedNeighbors] 결과: 0개 이웃 발견
[isRouteComplete 디버그] 5,3 이웃: 0 개
[isRouteComplete 디버그] W→C 연결 실패
[AI 경로] 컴퓨터-기차II: W→C (blue 화물, 거리 3)
[getConnectedNeighbors] 결과: 0개 이웃 발견
[isRouteComplete 디버그] 5,3 이웃: 0 개
[isRouteComplete 디버그] W→C 연결 실패
[AI 트랙] 첫 트랙: W 도시에서 시작
[getConnectedNeighbors] 결과: 0개 이웃 발견
[getConnectedNeighbors] 결과: 0개 이웃 발견
[getConnectedNeighbors] 결과: 0개 이웃 발견
[getConnectedNeighbors] 결과: 0개 이웃 발견
[getConnectedNeighbors] 결과: 0개 이웃 발견
[getConnectedNeighbors] 결과: 0개 이웃 발견
[getConnectedNeighbors] 결과: 0개 이웃 발견
[getConnectedNeighbors] 결과: 0개 이웃 발견
[getConnectedNeighbors] 결과: 0개 이웃 발견
[getConnectedNeighbors] 결과: 0개 이웃 발견
[getConnectedNeighbors] 결과: 0개 이웃 발견
[getConnectedNeighbors] 결과: 0개 이웃 발견
[getConnectedNeighbors] 결과: 0개 이웃 발견
[getConnectedNeighbors] 결과: 0개 이웃 발견
[getConnectedNeighbors] 결과: 0개 이웃 발견
[getConnectedNeighbors] 결과: 0개 이웃 발견
[getConnectedNeighbors] 결과: 0개 이웃 발견
[getConnectedNeighbors] 결과: 0개 이웃 발견
[getConnectedNeighbors] 결과: 0개 이웃 발견
[AI 트랙] 컴퓨터-기차II: 건설 (5,2) edges=[1,4] $2 총점=1951.0 [의도: 출발 도시 연결] (전략=화물 기반 동적 전략, 경로=W→C)
[getConnectedNeighbors] 결과: 1개 이웃 발견
[isRouteComplete 디버그] 5,3 이웃: 1 개
[getConnectedNeighbors] 결과: 1개 이웃 발견
[isRouteComplete 디버그] 5,2 이웃: 1 개
[isRouteComplete 디버그] W→C 연결 실패
[AI 경로] 컴퓨터-기차II: 현재 경로 W→C 유지 (진행도: 33%)
[getConnectedNeighbors] 결과: 1개 이웃 발견
[isRouteComplete 디버그] 5,3 이웃: 1 개
[getConnectedNeighbors] 결과: 1개 이웃 발견
[isRouteComplete 디버그] 5,2 이웃: 1 개
[isRouteComplete 디버그] W→C 연결 실패
[AI 경로] 컴퓨터-기차II: W→C (blue 화물, 거리 3)
[getConnectedNeighbors] 결과: 1개 이웃 발견
[isRouteComplete 디버그] 5,3 이웃: 1 개
[getConnectedNeighbors] 결과: 1개 이웃 발견
[isRouteComplete 디버그] 5,2 이웃: 1 개
[isRouteComplete 디버그] W→C 연결 실패
[getConnectedNeighbors] 결과: 1개 이웃 발견
[getConnectedNeighbors] 결과: 0개 이웃 발견
[AI 트랙] 출발지(W) 망에서만 확장 후보 탐색 (순차 건설 강제)
[getConnectedNeighbors] 결과: 1개 이웃 발견
[getConnectedNeighbors] 결과: 1개 이웃 발견
[getConnectedNeighbors] 결과: 1개 이웃 발견
[getConnectedNeighbors] 결과: 1개 이웃 발견
[getConnectedNeighbors] 결과: 1개 이웃 발견
[getConnectedNeighbors] 결과: 1개 이웃 발견
[getConnectedNeighbors] 결과: 1개 이웃 발견
[getConnectedNeighbors] 결과: 1개 이웃 발견
[getConnectedNeighbors] 결과: 1개 이웃 발견
[getConnectedNeighbors] 결과: 1개 이웃 발견
[getConnectedNeighbors] 결과: 1개 이웃 발견
[getConnectedNeighbors] 결과: 1개 이웃 발견
[getConnectedNeighbors] 결과: 1개 이웃 발견
[getConnectedNeighbors] 결과: 1개 이웃 발견
[getConnectedNeighbors] 결과: 1개 이웃 발견
[getConnectedNeighbors] 결과: 1개 이웃 발견
[getConnectedNeighbors] 결과: 1개 이웃 발견
[getConnectedNeighbors] 결과: 1개 이웃 발견
[getConnectedNeighbors] 결과: 1개 이웃 발견
[getConnectedNeighbors] 결과: 1개 이웃 발견
[getConnectedNeighbors] 결과: 1개 이웃 발견
[getConnectedNeighbors] 결과: 1개 이웃 발견
[getConnectedNeighbors] 결과: 1개 이웃 발견
[getConnectedNeighbors] 결과: 1개 이웃 발견
[getConnectedNeighbors] 결과: 1개 이웃 발견
[getConnectedNeighbors] 결과: 1개 이웃 발견
[getConnectedNeighbors] 결과: 1개 이웃 발견
[getConnectedNeighbors] 결과: 1개 이웃 발견
[getConnectedNeighbors] 결과: 1개 이웃 발견
[getConnectedNeighbors] 결과: 1개 이웃 발견
[getConnectedNeighbors] 결과: 1개 이웃 발견
[getConnectedNeighbors] 결과: 1개 이웃 발견
[getConnectedNeighbors] 결과: 1개 이웃 발견
[getConnectedNeighbors] 결과: 1개 이웃 발견
[getConnectedNeighbors] 결과: 1개 이웃 발견
[getConnectedNeighbors] 결과: 1개 이웃 발견
[getConnectedNeighbors] 결과: 1개 이웃 발견
[getConnectedNeighbors] 결과: 1개 이웃 발견
[getConnectedNeighbors] 결과: 1개 이웃 발견
[getConnectedNeighbors] 결과: 1개 이웃 발견
[getConnectedNeighbors] 결과: 1개 이웃 발견
[getConnectedNeighbors] 결과: 1개 이웃 발견
[getConnectedNeighbors] 결과: 1개 이웃 발견
[getConnectedNeighbors] 결과: 1개 이웃 발견
[getConnectedNeighbors] 결과: 1개 이웃 발견
[getConnectedNeighbors] 결과: 1개 이웃 발견
[getConnectedNeighbors] 결과: 1개 이웃 발견
[getConnectedNeighbors] 결과: 0개 이웃 발견
[getConnectedNeighbors] 결과: 1개 이웃 발견
[getConnectedNeighbors] 결과: 1개 이웃 발견
[getConnectedNeighbors] 결과: 1개 이웃 발견
[getConnectedNeighbors] 결과: 1개 이웃 발견
[getConnectedNeighbors] 결과: 1개 이웃 발견
[getConnectedNeighbors] 결과: 1개 이웃 발견
[getConnectedNeighbors] 결과: 1개 이웃 발견
[getConnectedNeighbors] 결과: 1개 이웃 발견
[getConnectedNeighbors] 결과: 1개 이웃 발견
[getConnectedNeighbors] 결과: 1개 이웃 발견
[getConnectedNeighbors] 결과: 1개 이웃 발견
[getConnectedNeighbors] 결과: 1개 이웃 발견
[getConnectedNeighbors] 결과: 1개 이웃 발견
[getConnectedNeighbors] 결과: 1개 이웃 발견
[getConnectedNeighbors] 결과: 1개 이웃 발견
[getConnectedNeighbors] 결과: 1개 이웃 발견
[getConnectedNeighbors] 결과: 1개 이웃 발견
[getConnectedNeighbors] 결과: 1개 이웃 발견
[getConnectedNeighbors] 결과: 1개 이웃 발견
[getConnectedNeighbors] 결과: 1개 이웃 발견
[getConnectedNeighbors] 결과: 1개 이웃 발견
[getConnectedNeighbors] 결과: 1개 이웃 발견
[getConnectedNeighbors] 결과: 1개 이웃 발견
[getConnectedNeighbors] 결과: 1개 이웃 발견
[getConnectedNeighbors] 결과: 1개 이웃 발견
[getConnectedNeighbors] 결과: 1개 이웃 발견
[getConnectedNeighbors] 결과: 1개 이웃 발견
[getConnectedNeighbors] 결과: 1개 이웃 발견
[getConnectedNeighbors] 결과: 1개 이웃 발견
[getConnectedNeighbors] 결과: 1개 이웃 발견
[getConnectedNeighbors] 결과: 1개 이웃 발견
[getConnectedNeighbors] 결과: 1개 이웃 발견
[getConnectedNeighbors] 결과: 1개 이웃 발견
[getConnectedNeighbors] 결과: 1개 이웃 발견
[getConnectedNeighbors] 결과: 1개 이웃 발견
[getConnectedNeighbors] 결과: 1개 이웃 발견
[getConnectedNeighbors] 결과: 1개 이웃 발견
[getConnectedNeighbors] 결과: 1개 이웃 발견
[getConnectedNeighbors] 결과: 1개 이웃 발견
[getConnectedNeighbors] 결과: 1개 이웃 발견
[getConnectedNeighbors] 결과: 1개 이웃 발견
[getConnectedNeighbors] 결과: 1개 이웃 발견
[getConnectedNeighbors] 결과: 1개 이웃 발견
[getConnectedNeighbors] 결과: 1개 이웃 발견
[getConnectedNeighbors] 결과: 1개 이웃 발견
[getConnectedNeighbors] 결과: 1개 이웃 발견
[AI 트랙] 컴퓨터-기차II: 건설 (4,1) edges=[1,5] $2 총점=5533.0 [의도: 목적 도시 연결 완성] (전략=화물 기반 동적 전략, 경로=W→C)
[getConnectedNeighbors] 결과: 1개 이웃 발견
[isRouteComplete 디버그] 5,3 이웃: 1 개
  edge 4: 이웃 (4, 1) 트랙 확인, 소유자 매칭 성공! 필요한 entryEdge: 1
[getConnectedNeighbors] 결과: 2개 이웃 발견
[isRouteComplete 디버그] 5,2 이웃: 2 개
  edge 1: 이웃 (5, 2) 트랙 확인, 소유자 매칭 성공! 필요한 entryEdge: 4
[getConnectedNeighbors] 결과: 2개 이웃 발견
[isRouteComplete 디버그] 4,1 이웃: 2 개
[isRouteComplete 디버그] W→C 연결 찾음!
[AI 경로] W→C 경로 완성됨!
[AI 경로] 컴퓨터-기차II: 경로 W→C 완성됨, 새 경로 탐색
[getConnectedNeighbors] 결과: 1개 이웃 발견
[isRouteComplete 디버그] 5,3 이웃: 1 개
  edge 4: 이웃 (4, 1) 트랙 확인, 소유자 매칭 성공! 필요한 entryEdge: 1
[getConnectedNeighbors] 결과: 2개 이웃 발견
[isRouteComplete 디버그] 5,2 이웃: 2 개
  edge 1: 이웃 (5, 2) 트랙 확인, 소유자 매칭 성공! 필요한 entryEdge: 4
[getConnectedNeighbors] 결과: 2개 이웃 발견
[isRouteComplete 디버그] 4,1 이웃: 2 개
[isRouteComplete 디버그] W→C 연결 찾음!
[AI 경로] 컴퓨터-기차II: 모든 배달 기회가 이미 연결되어 있음
[AI 경로] 컴퓨터-기차II: 네트워크 확장 C→O
[getConnectedNeighbors] 결과: 1개 이웃 발견
[isRouteComplete 디버그] 5,3 이웃: 1 개
  edge 4: 이웃 (4, 1) 트랙 확인, 소유자 매칭 성공! 필요한 entryEdge: 1
[getConnectedNeighbors] 결과: 2개 이웃 발견
[isRouteComplete 디버그] 5,2 이웃: 2 개
  edge 1: 이웃 (5, 2) 트랙 확인, 소유자 매칭 성공! 필요한 entryEdge: 4
[getConnectedNeighbors] 결과: 2개 이웃 발견
[isRouteComplete 디버그] 4,1 이웃: 2 개
[isRouteComplete 디버그] W→C 연결 찾음!
[AI 경로] 컴퓨터-기차II: 모든 배달 기회가 이미 연결되어 있음
[AI 경로] 컴퓨터-기차II: 네트워크 확장 C→O
[getConnectedNeighbors] 결과: 1개 이웃 발견
[isRouteComplete 디버그] 5,0 이웃: 1 개
  edge 1: 이웃 (5, 2) 트랙 확인, 소유자 매칭 성공! 필요한 entryEdge: 4
[getConnectedNeighbors] 결과: 2개 이웃 발견
[isRouteComplete 디버그] 4,1 이웃: 2 개
  edge 4: 이웃 (4, 1) 트랙 확인, 소유자 매칭 성공! 필요한 entryEdge: 1
[getConnectedNeighbors] 결과: 2개 이웃 발견
[isRouteComplete 디버그] 5,2 이웃: 2 개
[getConnectedNeighbors] 결과: 1개 이웃 발견
[isRouteComplete 디버그] 5,3 이웃: 1 개
[isRouteComplete 디버그] C→O 연결 실패
[getConnectedNeighbors] 결과: 1개 이웃 발견
  edge 1: 이웃 (5, 2) 트랙 확인, 소유자 매칭 성공! 필요한 entryEdge: 4
[getConnectedNeighbors] 결과: 1개 이웃 발견
[getConnectedNeighbors] 결과: 1개 이웃 발견
[getConnectedNeighbors] 결과: 0개 이웃 발견
[AI 트랙] 출발지(C) 망에서만 확장 후보 탐색 (순차 건설 강제)
[getConnectedNeighbors] 결과: 1개 이웃 발견
  edge 1: 이웃 (5, 2) 트랙 확인, 소유자 매칭 성공! 필요한 entryEdge: 4
[getConnectedNeighbors] 결과: 2개 이웃 발견
  edge 4: 이웃 (4, 1) 트랙 확인, 소유자 매칭 성공! 필요한 entryEdge: 1
[getConnectedNeighbors] 결과: 2개 이웃 발견
[getConnectedNeighbors] 결과: 1개 이웃 발견
[getConnectedNeighbors] 결과: 1개 이웃 발견
  edge 1: 이웃 (5, 2) 트랙 확인, 소유자 매칭 성공! 필요한 entryEdge: 4
[getConnectedNeighbors] 결과: 2개 이웃 발견
  edge 4: 이웃 (4, 1) 트랙 확인, 소유자 매칭 성공! 필요한 entryEdge: 1
[getConnectedNeighbors] 결과: 2개 이웃 발견
[getConnectedNeighbors] 결과: 1개 이웃 발견
[getConnectedNeighbors] 결과: 1개 이웃 발견
  edge 1: 이웃 (5, 2) 트랙 확인, 소유자 매칭 성공! 필요한 entryEdge: 4
[getConnectedNeighbors] 결과: 2개 이웃 발견
  edge 4: 이웃 (4, 1) 트랙 확인, 소유자 매칭 성공! 필요한 entryEdge: 1
[getConnectedNeighbors] 결과: 2개 이웃 발견
[getConnectedNeighbors] 결과: 1개 이웃 발견
[getConnectedNeighbors] 결과: 1개 이웃 발견
  edge 1: 이웃 (5, 2) 트랙 확인, 소유자 매칭 성공! 필요한 entryEdge: 4
[getConnectedNeighbors] 결과: 2개 이웃 발견
  edge 4: 이웃 (4, 1) 트랙 확인, 소유자 매칭 성공! 필요한 entryEdge: 1
[getConnectedNeighbors] 결과: 2개 이웃 발견
[getConnectedNeighbors] 결과: 1개 이웃 발견
[getConnectedNeighbors] 결과: 1개 이웃 발견
  edge 1: 이웃 (5, 2) 트랙 확인, 소유자 매칭 성공! 필요한 entryEdge: 4
[getConnectedNeighbors] 결과: 2개 이웃 발견
  edge 4: 이웃 (4, 1) 트랙 확인, 소유자 매칭 성공! 필요한 entryEdge: 1
[getConnectedNeighbors] 결과: 2개 이웃 발견
[getConnectedNeighbors] 결과: 1개 이웃 발견
[getConnectedNeighbors] 결과: 1개 이웃 발견
  edge 1: 이웃 (5, 2) 트랙 확인, 소유자 매칭 성공! 필요한 entryEdge: 4
[getConnectedNeighbors] 결과: 2개 이웃 발견
  edge 4: 이웃 (4, 1) 트랙 확인, 소유자 매칭 성공! 필요한 entryEdge: 1
[getConnectedNeighbors] 결과: 2개 이웃 발견
[getConnectedNeighbors] 결과: 1개 이웃 발견
[getConnectedNeighbors] 결과: 1개 이웃 발견
  edge 1: 이웃 (5, 2) 트랙 확인, 소유자 매칭 성공! 필요한 entryEdge: 4
[getConnectedNeighbors] 결과: 2개 이웃 발견
  edge 4: 이웃 (4, 1) 트랙 확인, 소유자 매칭 성공! 필요한 entryEdge: 1
[getConnectedNeighbors] 결과: 2개 이웃 발견
[getConnectedNeighbors] 결과: 1개 이웃 발견
[getConnectedNeighbors] 결과: 1개 이웃 발견
  edge 1: 이웃 (5, 2) 트랙 확인, 소유자 매칭 성공! 필요한 entryEdge: 4
[getConnectedNeighbors] 결과: 2개 이웃 발견
  edge 4: 이웃 (4, 1) 트랙 확인, 소유자 매칭 성공! 필요한 entryEdge: 1
[getConnectedNeighbors] 결과: 2개 이웃 발견
[getConnectedNeighbors] 결과: 1개 이웃 발견
[getConnectedNeighbors] 결과: 1개 이웃 발견
  edge 1: 이웃 (5, 2) 트랙 확인, 소유자 매칭 성공! 필요한 entryEdge: 4
[getConnectedNeighbors] 결과: 2개 이웃 발견
  edge 4: 이웃 (4, 1) 트랙 확인, 소유자 매칭 성공! 필요한 entryEdge: 1
[getConnectedNeighbors] 결과: 2개 이웃 발견
[getConnectedNeighbors] 결과: 1개 이웃 발견
[getConnectedNeighbors] 결과: 1개 이웃 발견
  edge 1: 이웃 (5, 2) 트랙 확인, 소유자 매칭 성공! 필요한 entryEdge: 4
[getConnectedNeighbors] 결과: 2개 이웃 발견
  edge 4: 이웃 (4, 1) 트랙 확인, 소유자 매칭 성공! 필요한 entryEdge: 1
[getConnectedNeighbors] 결과: 2개 이웃 발견
[getConnectedNeighbors] 결과: 1개 이웃 발견
[getConnectedNeighbors] 결과: 1개 이웃 발견
  edge 1: 이웃 (5, 2) 트랙 확인, 소유자 매칭 성공! 필요한 entryEdge: 4
[getConnectedNeighbors] 결과: 2개 이웃 발견
  edge 4: 이웃 (4, 1) 트랙 확인, 소유자 매칭 성공! 필요한 entryEdge: 1
[getConnectedNeighbors] 결과: 2개 이웃 발견
[getConnectedNeighbors] 결과: 1개 이웃 발견
[getConnectedNeighbors] 결과: 1개 이웃 발견
  edge 1: 이웃 (5, 2) 트랙 확인, 소유자 매칭 성공! 필요한 entryEdge: 4
[getConnectedNeighbors] 결과: 2개 이웃 발견
  edge 4: 이웃 (4, 1) 트랙 확인, 소유자 매칭 성공! 필요한 entryEdge: 1
[getConnectedNeighbors] 결과: 2개 이웃 발견
[getConnectedNeighbors] 결과: 1개 이웃 발견
[getConnectedNeighbors] 결과: 1개 이웃 발견
  edge 1: 이웃 (5, 2) 트랙 확인, 소유자 매칭 성공! 필요한 entryEdge: 4
[getConnectedNeighbors] 결과: 2개 이웃 발견
  edge 4: 이웃 (4, 1) 트랙 확인, 소유자 매칭 성공! 필요한 entryEdge: 1
[getConnectedNeighbors] 결과: 2개 이웃 발견
[getConnectedNeighbors] 결과: 1개 이웃 발견
[getConnectedNeighbors] 결과: 1개 이웃 발견
  edge 1: 이웃 (5, 2) 트랙 확인, 소유자 매칭 성공! 필요한 entryEdge: 4
[getConnectedNeighbors] 결과: 2개 이웃 발견
  edge 4: 이웃 (4, 1) 트랙 확인, 소유자 매칭 성공! 필요한 entryEdge: 1
[getConnectedNeighbors] 결과: 2개 이웃 발견
[getConnectedNeighbors] 결과: 1개 이웃 발견
[getConnectedNeighbors] 결과: 1개 이웃 발견
  edge 1: 이웃 (5, 2) 트랙 확인, 소유자 매칭 성공! 필요한 entryEdge: 4
[getConnectedNeighbors] 결과: 2개 이웃 발견
  edge 4: 이웃 (4, 1) 트랙 확인, 소유자 매칭 성공! 필요한 entryEdge: 1
[getConnectedNeighbors] 결과: 2개 이웃 발견
[getConnectedNeighbors] 결과: 1개 이웃 발견
[getConnectedNeighbors] 결과: 1개 이웃 발견
  edge 1: 이웃 (5, 2) 트랙 확인, 소유자 매칭 성공! 필요한 entryEdge: 4
[getConnectedNeighbors] 결과: 2개 이웃 발견
  edge 4: 이웃 (4, 1) 트랙 확인, 소유자 매칭 성공! 필요한 entryEdge: 1
[getConnectedNeighbors] 결과: 2개 이웃 발견
[getConnectedNeighbors] 결과: 1개 이웃 발견
[getConnectedNeighbors] 결과: 1개 이웃 발견
  edge 1: 이웃 (5, 2) 트랙 확인, 소유자 매칭 성공! 필요한 entryEdge: 4
[getConnectedNeighbors] 결과: 2개 이웃 발견
  edge 4: 이웃 (4, 1) 트랙 확인, 소유자 매칭 성공! 필요한 entryEdge: 1
[getConnectedNeighbors] 결과: 2개 이웃 발견
[getConnectedNeighbors] 결과: 1개 이웃 발견
[getConnectedNeighbors] 결과: 1개 이웃 발견
  edge 1: 이웃 (5, 2) 트랙 확인, 소유자 매칭 성공! 필요한 entryEdge: 4
[getConnectedNeighbors] 결과: 2개 이웃 발견
  edge 4: 이웃 (4, 1) 트랙 확인, 소유자 매칭 성공! 필요한 entryEdge: 1
[getConnectedNeighbors] 결과: 2개 이웃 발견
[getConnectedNeighbors] 결과: 1개 이웃 발견
[getConnectedNeighbors] 결과: 1개 이웃 발견
  edge 1: 이웃 (5, 2) 트랙 확인, 소유자 매칭 성공! 필요한 entryEdge: 4
[getConnectedNeighbors] 결과: 2개 이웃 발견
  edge 4: 이웃 (4, 1) 트랙 확인, 소유자 매칭 성공! 필요한 entryEdge: 1
[getConnectedNeighbors] 결과: 2개 이웃 발견
[getConnectedNeighbors] 결과: 1개 이웃 발견
[getConnectedNeighbors] 결과: 1개 이웃 발견
  edge 1: 이웃 (5, 2) 트랙 확인, 소유자 매칭 성공! 필요한 entryEdge: 4
[getConnectedNeighbors] 결과: 2개 이웃 발견
  edge 4: 이웃 (4, 1) 트랙 확인, 소유자 매칭 성공! 필요한 entryEdge: 1
[getConnectedNeighbors] 결과: 2개 이웃 발견
[getConnectedNeighbors] 결과: 1개 이웃 발견
[getConnectedNeighbors] 결과: 1개 이웃 발견
  edge 1: 이웃 (5, 2) 트랙 확인, 소유자 매칭 성공! 필요한 entryEdge: 4
[getConnectedNeighbors] 결과: 2개 이웃 발견
  edge 4: 이웃 (4, 1) 트랙 확인, 소유자 매칭 성공! 필요한 entryEdge: 1
[getConnectedNeighbors] 결과: 2개 이웃 발견
[getConnectedNeighbors] 결과: 1개 이웃 발견
[getConnectedNeighbors] 결과: 1개 이웃 발견
  edge 1: 이웃 (5, 2) 트랙 확인, 소유자 매칭 성공! 필요한 entryEdge: 4
[getConnectedNeighbors] 결과: 1개 이웃 발견
[getConnectedNeighbors] 결과: 1개 이웃 발견
[getConnectedNeighbors] 결과: 0개 이웃 발견
[getConnectedNeighbors] 결과: 1개 이웃 발견
  edge 1: 이웃 (5, 2) 트랙 확인, 소유자 매칭 성공! 필요한 entryEdge: 4
[getConnectedNeighbors] 결과: 2개 이웃 발견
  edge 4: 이웃 (4, 1) 트랙 확인, 소유자 매칭 성공! 필요한 entryEdge: 1
[getConnectedNeighbors] 결과: 2개 이웃 발견
[getConnectedNeighbors] 결과: 1개 이웃 발견
[getConnectedNeighbors] 결과: 1개 이웃 발견
  edge 1: 이웃 (5, 2) 트랙 확인, 소유자 매칭 성공! 필요한 entryEdge: 4
[getConnectedNeighbors] 결과: 2개 이웃 발견
  edge 4: 이웃 (4, 1) 트랙 확인, 소유자 매칭 성공! 필요한 entryEdge: 1
[getConnectedNeighbors] 결과: 2개 이웃 발견
[getConnectedNeighbors] 결과: 1개 이웃 발견
[getConnectedNeighbors] 결과: 1개 이웃 발견
  edge 1: 이웃 (5, 2) 트랙 확인, 소유자 매칭 성공! 필요한 entryEdge: 4
[getConnectedNeighbors] 결과: 2개 이웃 발견
  edge 4: 이웃 (4, 1) 트랙 확인, 소유자 매칭 성공! 필요한 entryEdge: 1
[getConnectedNeighbors] 결과: 2개 이웃 발견
[getConnectedNeighbors] 결과: 1개 이웃 발견
[getConnectedNeighbors] 결과: 1개 이웃 발견
  edge 1: 이웃 (5, 2) 트랙 확인, 소유자 매칭 성공! 필요한 entryEdge: 4
[getConnectedNeighbors] 결과: 2개 이웃 발견
  edge 4: 이웃 (4, 1) 트랙 확인, 소유자 매칭 성공! 필요한 entryEdge: 1
[getConnectedNeighbors] 결과: 2개 이웃 발견
[getConnectedNeighbors] 결과: 1개 이웃 발견
[getConnectedNeighbors] 결과: 1개 이웃 발견
  edge 1: 이웃 (5, 2) 트랙 확인, 소유자 매칭 성공! 필요한 entryEdge: 4
[getConnectedNeighbors] 결과: 2개 이웃 발견
  edge 4: 이웃 (4, 1) 트랙 확인, 소유자 매칭 성공! 필요한 entryEdge: 1
[getConnectedNeighbors] 결과: 2개 이웃 발견
[getConnectedNeighbors] 결과: 1개 이웃 발견
[getConnectedNeighbors] 결과: 1개 이웃 발견
  edge 1: 이웃 (5, 2) 트랙 확인, 소유자 매칭 성공! 필요한 entryEdge: 4
[getConnectedNeighbors] 결과: 2개 이웃 발견
  edge 4: 이웃 (4, 1) 트랙 확인, 소유자 매칭 성공! 필요한 entryEdge: 1
[getConnectedNeighbors] 결과: 2개 이웃 발견
[getConnectedNeighbors] 결과: 1개 이웃 발견
[getConnectedNeighbors] 결과: 1개 이웃 발견
  edge 1: 이웃 (5, 2) 트랙 확인, 소유자 매칭 성공! 필요한 entryEdge: 4
[getConnectedNeighbors] 결과: 2개 이웃 발견
  edge 4: 이웃 (4, 1) 트랙 확인, 소유자 매칭 성공! 필요한 entryEdge: 1
[getConnectedNeighbors] 결과: 2개 이웃 발견
[getConnectedNeighbors] 결과: 1개 이웃 발견
[getConnectedNeighbors] 결과: 1개 이웃 발견
  edge 1: 이웃 (5, 2) 트랙 확인, 소유자 매칭 성공! 필요한 entryEdge: 4
[getConnectedNeighbors] 결과: 2개 이웃 발견
  edge 4: 이웃 (4, 1) 트랙 확인, 소유자 매칭 성공! 필요한 entryEdge: 1
[getConnectedNeighbors] 결과: 2개 이웃 발견
[getConnectedNeighbors] 결과: 1개 이웃 발견
[getConnectedNeighbors] 결과: 1개 이웃 발견
  edge 1: 이웃 (5, 2) 트랙 확인, 소유자 매칭 성공! 필요한 entryEdge: 4
[getConnectedNeighbors] 결과: 2개 이웃 발견
  edge 4: 이웃 (4, 1) 트랙 확인, 소유자 매칭 성공! 필요한 entryEdge: 1
[getConnectedNeighbors] 결과: 2개 이웃 발견
[getConnectedNeighbors] 결과: 1개 이웃 발견
[getConnectedNeighbors] 결과: 1개 이웃 발견
  edge 1: 이웃 (5, 2) 트랙 확인, 소유자 매칭 성공! 필요한 entryEdge: 4
[getConnectedNeighbors] 결과: 2개 이웃 발견
  edge 4: 이웃 (4, 1) 트랙 확인, 소유자 매칭 성공! 필요한 entryEdge: 1
[getConnectedNeighbors] 결과: 2개 이웃 발견
[getConnectedNeighbors] 결과: 1개 이웃 발견
[getConnectedNeighbors] 결과: 1개 이웃 발견
  edge 1: 이웃 (5, 2) 트랙 확인, 소유자 매칭 성공! 필요한 entryEdge: 4
[getConnectedNeighbors] 결과: 2개 이웃 발견
  edge 4: 이웃 (4, 1) 트랙 확인, 소유자 매칭 성공! 필요한 entryEdge: 1
[getConnectedNeighbors] 결과: 2개 이웃 발견
[getConnectedNeighbors] 결과: 1개 이웃 발견
[getConnectedNeighbors] 결과: 1개 이웃 발견
  edge 1: 이웃 (5, 2) 트랙 확인, 소유자 매칭 성공! 필요한 entryEdge: 4
[getConnectedNeighbors] 결과: 2개 이웃 발견
  edge 4: 이웃 (4, 1) 트랙 확인, 소유자 매칭 성공! 필요한 entryEdge: 1
[getConnectedNeighbors] 결과: 2개 이웃 발견
[getConnectedNeighbors] 결과: 1개 이웃 발견
[getConnectedNeighbors] 결과: 1개 이웃 발견
  edge 1: 이웃 (5, 2) 트랙 확인, 소유자 매칭 성공! 필요한 entryEdge: 4
[getConnectedNeighbors] 결과: 2개 이웃 발견
  edge 4: 이웃 (4, 1) 트랙 확인, 소유자 매칭 성공! 필요한 entryEdge: 1
[getConnectedNeighbors] 결과: 2개 이웃 발견
[getConnectedNeighbors] 결과: 1개 이웃 발견
[getConnectedNeighbors] 결과: 1개 이웃 발견
  edge 1: 이웃 (5, 2) 트랙 확인, 소유자 매칭 성공! 필요한 entryEdge: 4
[getConnectedNeighbors] 결과: 2개 이웃 발견
  edge 4: 이웃 (4, 1) 트랙 확인, 소유자 매칭 성공! 필요한 entryEdge: 1
[getConnectedNeighbors] 결과: 2개 이웃 발견
[getConnectedNeighbors] 결과: 1개 이웃 발견
[getConnectedNeighbors] 결과: 1개 이웃 발견
  edge 1: 이웃 (5, 2) 트랙 확인, 소유자 매칭 성공! 필요한 entryEdge: 4
[getConnectedNeighbors] 결과: 2개 이웃 발견
  edge 4: 이웃 (4, 1) 트랙 확인, 소유자 매칭 성공! 필요한 entryEdge: 1
[getConnectedNeighbors] 결과: 2개 이웃 발견
[getConnectedNeighbors] 결과: 1개 이웃 발견
[getConnectedNeighbors] 결과: 1개 이웃 발견
  edge 1: 이웃 (5, 2) 트랙 확인, 소유자 매칭 성공! 필요한 entryEdge: 4
[getConnectedNeighbors] 결과: 2개 이웃 발견
  edge 4: 이웃 (4, 1) 트랙 확인, 소유자 매칭 성공! 필요한 entryEdge: 1
[getConnectedNeighbors] 결과: 2개 이웃 발견
[getConnectedNeighbors] 결과: 1개 이웃 발견
[getConnectedNeighbors] 결과: 1개 이웃 발견
  edge 1: 이웃 (5, 2) 트랙 확인, 소유자 매칭 성공! 필요한 entryEdge: 4
[getConnectedNeighbors] 결과: 2개 이웃 발견
  edge 4: 이웃 (4, 1) 트랙 확인, 소유자 매칭 성공! 필요한 entryEdge: 1
[getConnectedNeighbors] 결과: 2개 이웃 발견
[getConnectedNeighbors] 결과: 1개 이웃 발견
[getConnectedNeighbors] 결과: 1개 이웃 발견
  edge 1: 이웃 (5, 2) 트랙 확인, 소유자 매칭 성공! 필요한 entryEdge: 4
[getConnectedNeighbors] 결과: 2개 이웃 발견
  edge 4: 이웃 (4, 1) 트랙 확인, 소유자 매칭 성공! 필요한 entryEdge: 1
[getConnectedNeighbors] 결과: 2개 이웃 발견
[getConnectedNeighbors] 결과: 1개 이웃 발견
[getConnectedNeighbors] 결과: 1개 이웃 발견
  edge 1: 이웃 (5, 2) 트랙 확인, 소유자 매칭 성공! 필요한 entryEdge: 4
[getConnectedNeighbors] 결과: 2개 이웃 발견
  edge 4: 이웃 (4, 1) 트랙 확인, 소유자 매칭 성공! 필요한 entryEdge: 1
[getConnectedNeighbors] 결과: 2개 이웃 발견
[getConnectedNeighbors] 결과: 1개 이웃 발견
[getConnectedNeighbors] 결과: 1개 이웃 발견
  edge 1: 이웃 (5, 2) 트랙 확인, 소유자 매칭 성공! 필요한 entryEdge: 4
[getConnectedNeighbors] 결과: 2개 이웃 발견
  edge 4: 이웃 (4, 1) 트랙 확인, 소유자 매칭 성공! 필요한 entryEdge: 1
[getConnectedNeighbors] 결과: 2개 이웃 발견
[getConnectedNeighbors] 결과: 1개 이웃 발견
[getConnectedNeighbors] 결과: 1개 이웃 발견
  edge 1: 이웃 (5, 2) 트랙 확인, 소유자 매칭 성공! 필요한 entryEdge: 4
[getConnectedNeighbors] 결과: 2개 이웃 발견
  edge 4: 이웃 (4, 1) 트랙 확인, 소유자 매칭 성공! 필요한 entryEdge: 1
[getConnectedNeighbors] 결과: 2개 이웃 발견
[getConnectedNeighbors] 결과: 1개 이웃 발견
[AI 트랙] 컴퓨터-기차II: 건설 (4,1) edges=[5,2] $2 총점=1153.0 [의도: 출발 도시 연결] (전략=화물 기반 동적 전략, 경로=C→O)

 [31m❯[39m src/ai/strategy/__tests__/debug_build.test.ts [2m([22m[2m4 tests[22m[2m | [22m[31m1 failed[39m[2m | [22m[33m3 skipped[39m[2m)[22m[32m 38[2mms[22m[39m
     [2m[90m↓[39m[22m Cleveland에서 Columbus로의 건설 시 반드시 Cleveland 인접 트랙부터 시작해야 함 (마중 나오기 금지)
[31m     [31m×[31m 연속 건설(Continuity) 검증: 한 턴 내 3개 트랙이 끊기지 않고 이어져야 함[39m[32m 37[2mms[22m[39m
     [2m[90m↓[39m[22m 잘못 놓인 본인 트랙을 방향 전환($2)하여 목적지로 이어가는지 확인
     [2m[90m↓[39m[22m 1링크 전략 목표보다 2링크 고수익 배달을 우선 선택하는지 확인

[31m⎯⎯⎯⎯⎯⎯⎯[39m[1m[41m Failed Tests 1 [49m[22m[31m⎯⎯⎯⎯⎯⎯⎯[39m

[41m[1m FAIL [22m[49m src/ai/strategy/__tests__/debug_build.test.ts[2m > [22mAI Build Sequential & Anti-Fragment Verification[2m > [22m연속 건설(Continuity) 검증: 한 턴 내 3개 트랙이 끊기지 않고 이어져야 함
[31m[1mAssertionError[22m: expected +0 to be 1 // Object.is equality[39m

[32m- Expected[39m
[31m+ Received[39m

[32m- 1[39m
[31m+ 0[39m

[36m [2m❯[22m src/ai/strategy/__tests__/debug_build.test.ts:[2m67:53[22m[39m
    [90m 65| [39m        [35mconst[39m d3 [33m=[39m [34mdecideBuildTrack[39m(state[33m,[39m [32m'player2'[39m)[33m;[39m
    [90m 66| [39m        [35mif[39m (d2[33m.[39maction [33m===[39m [32m'build'[39m [33m&&[39m d3[33m.[39maction [33m===[39m [32m'build'[39m) {
    [90m 67| [39m            [34mexpect[39m([34mhexDistance[39m(d2[33m.[39mcoord[33m,[39m d3[33m.[39mcoord))[33m.[39m[34mtoBe[39m([34m1[39m)[33m;[39m
    [90m   | [39m                                                    [31m^[39m
    [90m 68| [39m        }
    [90m 69| [39m    })[33m;[39m

[31m[2m⎯⎯⎯⎯⎯⎯⎯⎯⎯⎯⎯⎯⎯⎯⎯⎯⎯⎯⎯⎯⎯⎯⎯⎯[1/1]⎯[22m[39m


[2m Test Files [22m [1m[31m1 failed[39m[22m[90m (1)[39m
[2m      Tests [22m [1m[31m1 failed[39m[22m[2m | [22m[33m3 skipped[39m[90m (4)[39m
[2m   Start at [22m 16:41:54
[2m   Duration [22m 374ms

[1m[41m FAIL [49m[22m [31mTests failed. Watching for file changes...[39m
       [2mpress [22m[1mh[22m[2m to show help[22m[2m, [22m[2mpress [22m[1mq[22m[2m to quit[22m
c[3J[1m[44m RERUN [49m[22m [34m[2msrc/ai/strategies/buildTrack.ts [22m[34mx2 [34m[39m
       [2m Filename pattern: [22m[34msrc/ai/strategy/__tests__/debug_build.test.ts[39m
       [2m Test name pattern: [22m[34m/연속 건설/[39m

[90mstdout[2m | src/ai/strategy/__tests__/debug_build.test.ts[2m > [22m[2mAI Build Sequential & Anti-Fragment Verification[2m > [22m[2m연속 건설(Continuity) 검증: 한 턴 내 3개 트랙이 끊기지 않고 이어져야 함
[22m[39m[getConnectedNeighbors] 결과: 0개 이웃 발견
[isRouteComplete 디버그] 5,3 이웃: 0 개
[isRouteComplete 디버그] W→C 연결 실패
[AI 경로] 컴퓨터-기차II: W→C (blue 화물, 거리 3)
[getConnectedNeighbors] 결과: 0개 이웃 발견
[isRouteComplete 디버그] 5,3 이웃: 0 개
[isRouteComplete 디버그] W→C 연결 실패
[AI 경로] 컴퓨터-기차II: W→C (blue 화물, 거리 3)
[getConnectedNeighbors] 결과: 0개 이웃 발견
[isRouteComplete 디버그] 5,3 이웃: 0 개
[isRouteComplete 디버그] W→C 연결 실패
[AI 트랙] 첫 트랙: W 도시에서 시작
[getConnectedNeighbors] 결과: 0개 이웃 발견
[getConnectedNeighbors] 결과: 0개 이웃 발견
[getConnectedNeighbors] 결과: 0개 이웃 발견
[getConnectedNeighbors] 결과: 0개 이웃 발견
[getConnectedNeighbors] 결과: 0개 이웃 발견
[getConnectedNeighbors] 결과: 0개 이웃 발견
[getConnectedNeighbors] 결과: 0개 이웃 발견
[getConnectedNeighbors] 결과: 0개 이웃 발견
[getConnectedNeighbors] 결과: 0개 이웃 발견
[getConnectedNeighbors] 결과: 0개 이웃 발견
[getConnectedNeighbors] 결과: 0개 이웃 발견
[getConnectedNeighbors] 결과: 0개 이웃 발견
[getConnectedNeighbors] 결과: 0개 이웃 발견
[getConnectedNeighbors] 결과: 0개 이웃 발견
[getConnectedNeighbors] 결과: 0개 이웃 발견
[getConnectedNeighbors] 결과: 0개 이웃 발견
[getConnectedNeighbors] 결과: 0개 이웃 발견
[getConnectedNeighbors] 결과: 0개 이웃 발견
[getConnectedNeighbors] 결과: 0개 이웃 발견
[AI 트랙] 컴퓨터-기차II: 건설 (5,2) edges=[1,4] $2 총점=1951.0 [의도: 출발 도시 연결] (전략=화물 기반 동적 전략, 경로=W→C)
[getConnectedNeighbors] 결과: 1개 이웃 발견
[isRouteComplete 디버그] 5,3 이웃: 1 개
[getConnectedNeighbors] 결과: 1개 이웃 발견
[isRouteComplete 디버그] 5,2 이웃: 1 개
[isRouteComplete 디버그] W→C 연결 실패
[AI 경로] 컴퓨터-기차II: 현재 경로 W→C 유지 (진행도: 33%)
[getConnectedNeighbors] 결과: 1개 이웃 발견
[isRouteComplete 디버그] 5,3 이웃: 1 개
[getConnectedNeighbors] 결과: 1개 이웃 발견
[isRouteComplete 디버그] 5,2 이웃: 1 개
[isRouteComplete 디버그] W→C 연결 실패
[AI 경로] 컴퓨터-기차II: W→C (blue 화물, 거리 3)
[getConnectedNeighbors] 결과: 1개 이웃 발견
[isRouteComplete 디버그] 5,3 이웃: 1 개
[getConnectedNeighbors] 결과: 1개 이웃 발견
[isRouteComplete 디버그] 5,2 이웃: 1 개
[isRouteComplete 디버그] W→C 연결 실패
[getConnectedNeighbors] 결과: 1개 이웃 발견
[getConnectedNeighbors] 결과: 0개 이웃 발견
[AI 트랙] 출발지(W) 망에서만 확장 후보 탐색 (순차 건설 강제)
[getConnectedNeighbors] 결과: 1개 이웃 발견
[getConnectedNeighbors] 결과: 1개 이웃 발견
[getConnectedNeighbors] 결과: 1개 이웃 발견
[getConnectedNeighbors] 결과: 1개 이웃 발견
[getConnectedNeighbors] 결과: 1개 이웃 발견
[getConnectedNeighbors] 결과: 1개 이웃 발견
[getConnectedNeighbors] 결과: 1개 이웃 발견
[getConnectedNeighbors] 결과: 1개 이웃 발견
[getConnectedNeighbors] 결과: 1개 이웃 발견
[getConnectedNeighbors] 결과: 1개 이웃 발견
[getConnectedNeighbors] 결과: 1개 이웃 발견
[getConnectedNeighbors] 결과: 1개 이웃 발견
[getConnectedNeighbors] 결과: 1개 이웃 발견
[getConnectedNeighbors] 결과: 1개 이웃 발견
[getConnectedNeighbors] 결과: 1개 이웃 발견
[getConnectedNeighbors] 결과: 1개 이웃 발견
[getConnectedNeighbors] 결과: 1개 이웃 발견
[getConnectedNeighbors] 결과: 1개 이웃 발견
[getConnectedNeighbors] 결과: 1개 이웃 발견
[getConnectedNeighbors] 결과: 1개 이웃 발견
[getConnectedNeighbors] 결과: 1개 이웃 발견
[getConnectedNeighbors] 결과: 1개 이웃 발견
[getConnectedNeighbors] 결과: 1개 이웃 발견
[getConnectedNeighbors] 결과: 1개 이웃 발견
[getConnectedNeighbors] 결과: 1개 이웃 발견
[getConnectedNeighbors] 결과: 1개 이웃 발견
[getConnectedNeighbors] 결과: 1개 이웃 발견
[getConnectedNeighbors] 결과: 1개 이웃 발견
[getConnectedNeighbors] 결과: 1개 이웃 발견
[getConnectedNeighbors] 결과: 1개 이웃 발견
[getConnectedNeighbors] 결과: 1개 이웃 발견
[getConnectedNeighbors] 결과: 1개 이웃 발견
[getConnectedNeighbors] 결과: 1개 이웃 발견
[getConnectedNeighbors] 결과: 1개 이웃 발견
[getConnectedNeighbors] 결과: 1개 이웃 발견
[getConnectedNeighbors] 결과: 1개 이웃 발견
[getConnectedNeighbors] 결과: 1개 이웃 발견
[getConnectedNeighbors] 결과: 1개 이웃 발견
[getConnectedNeighbors] 결과: 1개 이웃 발견
[getConnectedNeighbors] 결과: 1개 이웃 발견
[getConnectedNeighbors] 결과: 1개 이웃 발견
[getConnectedNeighbors] 결과: 1개 이웃 발견
[getConnectedNeighbors] 결과: 1개 이웃 발견
[getConnectedNeighbors] 결과: 1개 이웃 발견
[getConnectedNeighbors] 결과: 1개 이웃 발견
[getConnectedNeighbors] 결과: 1개 이웃 발견
[getConnectedNeighbors] 결과: 1개 이웃 발견
[getConnectedNeighbors] 결과: 0개 이웃 발견
[getConnectedNeighbors] 결과: 1개 이웃 발견
[getConnectedNeighbors] 결과: 1개 이웃 발견
[getConnectedNeighbors] 결과: 1개 이웃 발견
[getConnectedNeighbors] 결과: 1개 이웃 발견
[getConnectedNeighbors] 결과: 1개 이웃 발견
[getConnectedNeighbors] 결과: 1개 이웃 발견
[getConnectedNeighbors] 결과: 1개 이웃 발견
[getConnectedNeighbors] 결과: 1개 이웃 발견
[getConnectedNeighbors] 결과: 1개 이웃 발견
[getConnectedNeighbors] 결과: 1개 이웃 발견
[getConnectedNeighbors] 결과: 1개 이웃 발견
[getConnectedNeighbors] 결과: 1개 이웃 발견
[getConnectedNeighbors] 결과: 1개 이웃 발견
[getConnectedNeighbors] 결과: 1개 이웃 발견
[getConnectedNeighbors] 결과: 1개 이웃 발견
[getConnectedNeighbors] 결과: 1개 이웃 발견
[getConnectedNeighbors] 결과: 1개 이웃 발견
[getConnectedNeighbors] 결과: 1개 이웃 발견
[getConnectedNeighbors] 결과: 1개 이웃 발견
[getConnectedNeighbors] 결과: 1개 이웃 발견
[getConnectedNeighbors] 결과: 1개 이웃 발견
[getConnectedNeighbors] 결과: 1개 이웃 발견
[getConnectedNeighbors] 결과: 1개 이웃 발견
[getConnectedNeighbors] 결과: 1개 이웃 발견
[getConnectedNeighbors] 결과: 1개 이웃 발견
[getConnectedNeighbors] 결과: 1개 이웃 발견
[getConnectedNeighbors] 결과: 1개 이웃 발견
[getConnectedNeighbors] 결과: 1개 이웃 발견
[getConnectedNeighbors] 결과: 1개 이웃 발견
[getConnectedNeighbors] 결과: 1개 이웃 발견
[getConnectedNeighbors] 결과: 1개 이웃 발견
[getConnectedNeighbors] 결과: 1개 이웃 발견
[getConnectedNeighbors] 결과: 1개 이웃 발견
[getConnectedNeighbors] 결과: 1개 이웃 발견
[getConnectedNeighbors] 결과: 1개 이웃 발견
[getConnectedNeighbors] 결과: 1개 이웃 발견
[getConnectedNeighbors] 결과: 1개 이웃 발견
[getConnectedNeighbors] 결과: 1개 이웃 발견
[getConnectedNeighbors] 결과: 1개 이웃 발견
[getConnectedNeighbors] 결과: 1개 이웃 발견
[getConnectedNeighbors] 결과: 1개 이웃 발견
[getConnectedNeighbors] 결과: 1개 이웃 발견
[getConnectedNeighbors] 결과: 1개 이웃 발견
[getConnectedNeighbors] 결과: 1개 이웃 발견
[getConnectedNeighbors] 결과: 1개 이웃 발견
[getConnectedNeighbors] 결과: 1개 이웃 발견
[AI 트랙] 컴퓨터-기차II: 건설 (4,1) edges=[1,5] $2 총점=5533.0 [의도: 목적 도시 연결 완성] (전략=화물 기반 동적 전략, 경로=W→C)
[getConnectedNeighbors] 결과: 1개 이웃 발견
[isRouteComplete 디버그] 5,3 이웃: 1 개
  edge 4: 이웃 (4, 1) 트랙 확인, 소유자 매칭 성공! 필요한 entryEdge: 1
[getConnectedNeighbors] 결과: 2개 이웃 발견
[isRouteComplete 디버그] 5,2 이웃: 2 개
  edge 1: 이웃 (5, 2) 트랙 확인, 소유자 매칭 성공! 필요한 entryEdge: 4
[getConnectedNeighbors] 결과: 2개 이웃 발견
[isRouteComplete 디버그] 4,1 이웃: 2 개
[isRouteComplete 디버그] W→C 연결 찾음!
[AI 경로] W→C 경로 완성됨!
[AI 경로] 컴퓨터-기차II: 경로 W→C 완성됨, 새 경로 탐색
[getConnectedNeighbors] 결과: 1개 이웃 발견
[isRouteComplete 디버그] 5,3 이웃: 1 개
  edge 4: 이웃 (4, 1) 트랙 확인, 소유자 매칭 성공! 필요한 entryEdge: 1
[getConnectedNeighbors] 결과: 2개 이웃 발견
[isRouteComplete 디버그] 5,2 이웃: 2 개
  edge 1: 이웃 (5, 2) 트랙 확인, 소유자 매칭 성공! 필요한 entryEdge: 4
[getConnectedNeighbors] 결과: 2개 이웃 발견
[isRouteComplete 디버그] 4,1 이웃: 2 개
[isRouteComplete 디버그] W→C 연결 찾음!
[AI 경로] 컴퓨터-기차II: 모든 배달 기회가 이미 연결되어 있음
[AI 경로] 컴퓨터-기차II: 네트워크 확장 C→O
[getConnectedNeighbors] 결과: 1개 이웃 발견
[isRouteComplete 디버그] 5,3 이웃: 1 개
  edge 4: 이웃 (4, 1) 트랙 확인, 소유자 매칭 성공! 필요한 entryEdge: 1
[getConnectedNeighbors] 결과: 2개 이웃 발견
[isRouteComplete 디버그] 5,2 이웃: 2 개
  edge 1: 이웃 (5, 2) 트랙 확인, 소유자 매칭 성공! 필요한 entryEdge: 4
[getConnectedNeighbors] 결과: 2개 이웃 발견
[isRouteComplete 디버그] 4,1 이웃: 2 개
[isRouteComplete 디버그] W→C 연결 찾음!
[AI 경로] 컴퓨터-기차II: 모든 배달 기회가 이미 연결되어 있음
[AI 경로] 컴퓨터-기차II: 네트워크 확장 C→O
[getConnectedNeighbors] 결과: 1개 이웃 발견
[isRouteComplete 디버그] 5,0 이웃: 1 개
  edge 1: 이웃 (5, 2) 트랙 확인, 소유자 매칭 성공! 필요한 entryEdge: 4
[getConnectedNeighbors] 결과: 2개 이웃 발견
[isRouteComplete 디버그] 4,1 이웃: 2 개
  edge 4: 이웃 (4, 1) 트랙 확인, 소유자 매칭 성공! 필요한 entryEdge: 1
[getConnectedNeighbors] 결과: 2개 이웃 발견
[isRouteComplete 디버그] 5,2 이웃: 2 개
[getConnectedNeighbors] 결과: 1개 이웃 발견
[isRouteComplete 디버그] 5,3 이웃: 1 개
[isRouteComplete 디버그] C→O 연결 실패
[getConnectedNeighbors] 결과: 1개 이웃 발견
  edge 1: 이웃 (5, 2) 트랙 확인, 소유자 매칭 성공! 필요한 entryEdge: 4
[getConnectedNeighbors] 결과: 1개 이웃 발견
[getConnectedNeighbors] 결과: 1개 이웃 발견
[getConnectedNeighbors] 결과: 0개 이웃 발견
[AI 트랙] 출발지(C) 망에서만 확장 후보 탐색 (순차 건설 강제)
[getConnectedNeighbors] 결과: 1개 이웃 발견
  edge 1: 이웃 (5, 2) 트랙 확인, 소유자 매칭 성공! 필요한 entryEdge: 4
[getConnectedNeighbors] 결과: 2개 이웃 발견
  edge 4: 이웃 (4, 1) 트랙 확인, 소유자 매칭 성공! 필요한 entryEdge: 1
[getConnectedNeighbors] 결과: 2개 이웃 발견
[getConnectedNeighbors] 결과: 1개 이웃 발견
[getConnectedNeighbors] 결과: 1개 이웃 발견
  edge 1: 이웃 (5, 2) 트랙 확인, 소유자 매칭 성공! 필요한 entryEdge: 4
[getConnectedNeighbors] 결과: 2개 이웃 발견
  edge 4: 이웃 (4, 1) 트랙 확인, 소유자 매칭 성공! 필요한 entryEdge: 1
[getConnectedNeighbors] 결과: 2개 이웃 발견
[getConnectedNeighbors] 결과: 1개 이웃 발견
[getConnectedNeighbors] 결과: 1개 이웃 발견
  edge 1: 이웃 (5, 2) 트랙 확인, 소유자 매칭 성공! 필요한 entryEdge: 4
[getConnectedNeighbors] 결과: 2개 이웃 발견
  edge 4: 이웃 (4, 1) 트랙 확인, 소유자 매칭 성공! 필요한 entryEdge: 1
[getConnectedNeighbors] 결과: 2개 이웃 발견
[getConnectedNeighbors] 결과: 1개 이웃 발견
[getConnectedNeighbors] 결과: 1개 이웃 발견
  edge 1: 이웃 (5, 2) 트랙 확인, 소유자 매칭 성공! 필요한 entryEdge: 4
[getConnectedNeighbors] 결과: 2개 이웃 발견
  edge 4: 이웃 (4, 1) 트랙 확인, 소유자 매칭 성공! 필요한 entryEdge: 1
[getConnectedNeighbors] 결과: 2개 이웃 발견
[getConnectedNeighbors] 결과: 1개 이웃 발견
[getConnectedNeighbors] 결과: 1개 이웃 발견
  edge 1: 이웃 (5, 2) 트랙 확인, 소유자 매칭 성공! 필요한 entryEdge: 4
[getConnectedNeighbors] 결과: 2개 이웃 발견
  edge 4: 이웃 (4, 1) 트랙 확인, 소유자 매칭 성공! 필요한 entryEdge: 1
[getConnectedNeighbors] 결과: 2개 이웃 발견
[getConnectedNeighbors] 결과: 1개 이웃 발견
[getConnectedNeighbors] 결과: 1개 이웃 발견
  edge 1: 이웃 (5, 2) 트랙 확인, 소유자 매칭 성공! 필요한 entryEdge: 4
[getConnectedNeighbors] 결과: 2개 이웃 발견
  edge 4: 이웃 (4, 1) 트랙 확인, 소유자 매칭 성공! 필요한 entryEdge: 1
[getConnectedNeighbors] 결과: 2개 이웃 발견
[getConnectedNeighbors] 결과: 1개 이웃 발견
[getConnectedNeighbors] 결과: 1개 이웃 발견
  edge 1: 이웃 (5, 2) 트랙 확인, 소유자 매칭 성공! 필요한 entryEdge: 4
[getConnectedNeighbors] 결과: 2개 이웃 발견
  edge 4: 이웃 (4, 1) 트랙 확인, 소유자 매칭 성공! 필요한 entryEdge: 1
[getConnectedNeighbors] 결과: 2개 이웃 발견
[getConnectedNeighbors] 결과: 1개 이웃 발견
[getConnectedNeighbors] 결과: 1개 이웃 발견
  edge 1: 이웃 (5, 2) 트랙 확인, 소유자 매칭 성공! 필요한 entryEdge: 4
[getConnectedNeighbors] 결과: 2개 이웃 발견
  edge 4: 이웃 (4, 1) 트랙 확인, 소유자 매칭 성공! 필요한 entryEdge: 1
[getConnectedNeighbors] 결과: 2개 이웃 발견
[getConnectedNeighbors] 결과: 1개 이웃 발견
[getConnectedNeighbors] 결과: 1개 이웃 발견
  edge 1: 이웃 (5, 2) 트랙 확인, 소유자 매칭 성공! 필요한 entryEdge: 4
[getConnectedNeighbors] 결과: 2개 이웃 발견
  edge 4: 이웃 (4, 1) 트랙 확인, 소유자 매칭 성공! 필요한 entryEdge: 1
[getConnectedNeighbors] 결과: 2개 이웃 발견
[getConnectedNeighbors] 결과: 1개 이웃 발견
[getConnectedNeighbors] 결과: 1개 이웃 발견
  edge 1: 이웃 (5, 2) 트랙 확인, 소유자 매칭 성공! 필요한 entryEdge: 4
[getConnectedNeighbors] 결과: 2개 이웃 발견
  edge 4: 이웃 (4, 1) 트랙 확인, 소유자 매칭 성공! 필요한 entryEdge: 1
[getConnectedNeighbors] 결과: 2개 이웃 발견
[getConnectedNeighbors] 결과: 1개 이웃 발견
[getConnectedNeighbors] 결과: 1개 이웃 발견
  edge 1: 이웃 (5, 2) 트랙 확인, 소유자 매칭 성공! 필요한 entryEdge: 4
[getConnectedNeighbors] 결과: 2개 이웃 발견
  edge 4: 이웃 (4, 1) 트랙 확인, 소유자 매칭 성공! 필요한 entryEdge: 1
[getConnectedNeighbors] 결과: 2개 이웃 발견
[getConnectedNeighbors] 결과: 1개 이웃 발견
[getConnectedNeighbors] 결과: 1개 이웃 발견
  edge 1: 이웃 (5, 2) 트랙 확인, 소유자 매칭 성공! 필요한 entryEdge: 4
[getConnectedNeighbors] 결과: 2개 이웃 발견
  edge 4: 이웃 (4, 1) 트랙 확인, 소유자 매칭 성공! 필요한 entryEdge: 1
[getConnectedNeighbors] 결과: 2개 이웃 발견
[getConnectedNeighbors] 결과: 1개 이웃 발견
[getConnectedNeighbors] 결과: 1개 이웃 발견
  edge 1: 이웃 (5, 2) 트랙 확인, 소유자 매칭 성공! 필요한 entryEdge: 4
[getConnectedNeighbors] 결과: 2개 이웃 발견
  edge 4: 이웃 (4, 1) 트랙 확인, 소유자 매칭 성공! 필요한 entryEdge: 1
[getConnectedNeighbors] 결과: 2개 이웃 발견
[getConnectedNeighbors] 결과: 1개 이웃 발견
[getConnectedNeighbors] 결과: 1개 이웃 발견
  edge 1: 이웃 (5, 2) 트랙 확인, 소유자 매칭 성공! 필요한 entryEdge: 4
[getConnectedNeighbors] 결과: 2개 이웃 발견
  edge 4: 이웃 (4, 1) 트랙 확인, 소유자 매칭 성공! 필요한 entryEdge: 1
[getConnectedNeighbors] 결과: 2개 이웃 발견
[getConnectedNeighbors] 결과: 1개 이웃 발견
[getConnectedNeighbors] 결과: 1개 이웃 발견
  edge 1: 이웃 (5, 2) 트랙 확인, 소유자 매칭 성공! 필요한 entryEdge: 4
[getConnectedNeighbors] 결과: 2개 이웃 발견
  edge 4: 이웃 (4, 1) 트랙 확인, 소유자 매칭 성공! 필요한 entryEdge: 1
[getConnectedNeighbors] 결과: 2개 이웃 발견
[getConnectedNeighbors] 결과: 1개 이웃 발견
[getConnectedNeighbors] 결과: 1개 이웃 발견
  edge 1: 이웃 (5, 2) 트랙 확인, 소유자 매칭 성공! 필요한 entryEdge: 4
[getConnectedNeighbors] 결과: 2개 이웃 발견
  edge 4: 이웃 (4, 1) 트랙 확인, 소유자 매칭 성공! 필요한 entryEdge: 1
[getConnectedNeighbors] 결과: 2개 이웃 발견
[getConnectedNeighbors] 결과: 1개 이웃 발견
[getConnectedNeighbors] 결과: 1개 이웃 발견
  edge 1: 이웃 (5, 2) 트랙 확인, 소유자 매칭 성공! 필요한 entryEdge: 4
[getConnectedNeighbors] 결과: 2개 이웃 발견
  edge 4: 이웃 (4, 1) 트랙 확인, 소유자 매칭 성공! 필요한 entryEdge: 1
[getConnectedNeighbors] 결과: 2개 이웃 발견
[getConnectedNeighbors] 결과: 1개 이웃 발견
[getConnectedNeighbors] 결과: 1개 이웃 발견
  edge 1: 이웃 (5, 2) 트랙 확인, 소유자 매칭 성공! 필요한 entryEdge: 4
[getConnectedNeighbors] 결과: 2개 이웃 발견
  edge 4: 이웃 (4, 1) 트랙 확인, 소유자 매칭 성공! 필요한 entryEdge: 1
[getConnectedNeighbors] 결과: 2개 이웃 발견
[getConnectedNeighbors] 결과: 1개 이웃 발견
[getConnectedNeighbors] 결과: 1개 이웃 발견
  edge 1: 이웃 (5, 2) 트랙 확인, 소유자 매칭 성공! 필요한 entryEdge: 4
[getConnectedNeighbors] 결과: 2개 이웃 발견
  edge 4: 이웃 (4, 1) 트랙 확인, 소유자 매칭 성공! 필요한 entryEdge: 1
[getConnectedNeighbors] 결과: 2개 이웃 발견
[getConnectedNeighbors] 결과: 1개 이웃 발견
[getConnectedNeighbors] 결과: 1개 이웃 발견
  edge 1: 이웃 (5, 2) 트랙 확인, 소유자 매칭 성공! 필요한 entryEdge: 4
[getConnectedNeighbors] 결과: 2개 이웃 발견
  edge 4: 이웃 (4, 1) 트랙 확인, 소유자 매칭 성공! 필요한 entryEdge: 1
[getConnectedNeighbors] 결과: 2개 이웃 발견
[getConnectedNeighbors] 결과: 1개 이웃 발견
[getConnectedNeighbors] 결과: 1개 이웃 발견
  edge 1: 이웃 (5, 2) 트랙 확인, 소유자 매칭 성공! 필요한 entryEdge: 4
[getConnectedNeighbors] 결과: 2개 이웃 발견
  edge 4: 이웃 (4, 1) 트랙 확인, 소유자 매칭 성공! 필요한 entryEdge: 1
[getConnectedNeighbors] 결과: 2개 이웃 발견
[getConnectedNeighbors] 결과: 1개 이웃 발견
[getConnectedNeighbors] 결과: 1개 이웃 발견
  edge 1: 이웃 (5, 2) 트랙 확인, 소유자 매칭 성공! 필요한 entryEdge: 4
[getConnectedNeighbors] 결과: 1개 이웃 발견
[getConnectedNeighbors] 결과: 1개 이웃 발견
[getConnectedNeighbors] 결과: 0개 이웃 발견
[getConnectedNeighbors] 결과: 1개 이웃 발견
  edge 1: 이웃 (5, 2) 트랙 확인, 소유자 매칭 성공! 필요한 entryEdge: 4
[getConnectedNeighbors] 결과: 2개 이웃 발견
  edge 4: 이웃 (4, 1) 트랙 확인, 소유자 매칭 성공! 필요한 entryEdge: 1
[getConnectedNeighbors] 결과: 2개 이웃 발견
[getConnectedNeighbors] 결과: 1개 이웃 발견
[getConnectedNeighbors] 결과: 1개 이웃 발견
  edge 1: 이웃 (5, 2) 트랙 확인, 소유자 매칭 성공! 필요한 entryEdge: 4
[getConnectedNeighbors] 결과: 2개 이웃 발견
  edge 4: 이웃 (4, 1) 트랙 확인, 소유자 매칭 성공! 필요한 entryEdge: 1
[getConnectedNeighbors] 결과: 2개 이웃 발견
[getConnectedNeighbors] 결과: 1개 이웃 발견
[getConnectedNeighbors] 결과: 1개 이웃 발견
  edge 1: 이웃 (5, 2) 트랙 확인, 소유자 매칭 성공! 필요한 entryEdge: 4
[getConnectedNeighbors] 결과: 2개 이웃 발견
  edge 4: 이웃 (4, 1) 트랙 확인, 소유자 매칭 성공! 필요한 entryEdge: 1
[getConnectedNeighbors] 결과: 2개 이웃 발견
[getConnectedNeighbors] 결과: 1개 이웃 발견
[getConnectedNeighbors] 결과: 1개 이웃 발견
  edge 1: 이웃 (5, 2) 트랙 확인, 소유자 매칭 성공! 필요한 entryEdge: 4
[getConnectedNeighbors] 결과: 2개 이웃 발견
  edge 4: 이웃 (4, 1) 트랙 확인, 소유자 매칭 성공! 필요한 entryEdge: 1
[getConnectedNeighbors] 결과: 2개 이웃 발견
[getConnectedNeighbors] 결과: 1개 이웃 발견
[getConnectedNeighbors] 결과: 1개 이웃 발견
  edge 1: 이웃 (5, 2) 트랙 확인, 소유자 매칭 성공! 필요한 entryEdge: 4
[getConnectedNeighbors] 결과: 2개 이웃 발견
  edge 4: 이웃 (4, 1) 트랙 확인, 소유자 매칭 성공! 필요한 entryEdge: 1
[getConnectedNeighbors] 결과: 2개 이웃 발견
[getConnectedNeighbors] 결과: 1개 이웃 발견
[getConnectedNeighbors] 결과: 1개 이웃 발견
  edge 1: 이웃 (5, 2) 트랙 확인, 소유자 매칭 성공! 필요한 entryEdge: 4
[getConnectedNeighbors] 결과: 2개 이웃 발견
  edge 4: 이웃 (4, 1) 트랙 확인, 소유자 매칭 성공! 필요한 entryEdge: 1
[getConnectedNeighbors] 결과: 2개 이웃 발견
[getConnectedNeighbors] 결과: 1개 이웃 발견
[getConnectedNeighbors] 결과: 1개 이웃 발견
  edge 1: 이웃 (5, 2) 트랙 확인, 소유자 매칭 성공! 필요한 entryEdge: 4
[getConnectedNeighbors] 결과: 2개 이웃 발견
  edge 4: 이웃 (4, 1) 트랙 확인, 소유자 매칭 성공! 필요한 entryEdge: 1
[getConnectedNeighbors] 결과: 2개 이웃 발견
[getConnectedNeighbors] 결과: 1개 이웃 발견
[getConnectedNeighbors] 결과: 1개 이웃 발견
  edge 1: 이웃 (5, 2) 트랙 확인, 소유자 매칭 성공! 필요한 entryEdge: 4
[getConnectedNeighbors] 결과: 2개 이웃 발견
  edge 4: 이웃 (4, 1) 트랙 확인, 소유자 매칭 성공! 필요한 entryEdge: 1
[getConnectedNeighbors] 결과: 2개 이웃 발견
[getConnectedNeighbors] 결과: 1개 이웃 발견
[getConnectedNeighbors] 결과: 1개 이웃 발견
  edge 1: 이웃 (5, 2) 트랙 확인, 소유자 매칭 성공! 필요한 entryEdge: 4
[getConnectedNeighbors] 결과: 2개 이웃 발견
  edge 4: 이웃 (4, 1) 트랙 확인, 소유자 매칭 성공! 필요한 entryEdge: 1
[getConnectedNeighbors] 결과: 2개 이웃 발견
[getConnectedNeighbors] 결과: 1개 이웃 발견
[getConnectedNeighbors] 결과: 1개 이웃 발견
  edge 1: 이웃 (5, 2) 트랙 확인, 소유자 매칭 성공! 필요한 entryEdge: 4
[getConnectedNeighbors] 결과: 2개 이웃 발견
  edge 4: 이웃 (4, 1) 트랙 확인, 소유자 매칭 성공! 필요한 entryEdge: 1
[getConnectedNeighbors] 결과: 2개 이웃 발견
[getConnectedNeighbors] 결과: 1개 이웃 발견
[getConnectedNeighbors] 결과: 1개 이웃 발견
  edge 1: 이웃 (5, 2) 트랙 확인, 소유자 매칭 성공! 필요한 entryEdge: 4
[getConnectedNeighbors] 결과: 2개 이웃 발견
  edge 4: 이웃 (4, 1) 트랙 확인, 소유자 매칭 성공! 필요한 entryEdge: 1
[getConnectedNeighbors] 결과: 2개 이웃 발견
[getConnectedNeighbors] 결과: 1개 이웃 발견
[getConnectedNeighbors] 결과: 1개 이웃 발견
  edge 1: 이웃 (5, 2) 트랙 확인, 소유자 매칭 성공! 필요한 entryEdge: 4
[getConnectedNeighbors] 결과: 2개 이웃 발견
  edge 4: 이웃 (4, 1) 트랙 확인, 소유자 매칭 성공! 필요한 entryEdge: 1
[getConnectedNeighbors] 결과: 2개 이웃 발견
[getConnectedNeighbors] 결과: 1개 이웃 발견
[getConnectedNeighbors] 결과: 1개 이웃 발견
  edge 1: 이웃 (5, 2) 트랙 확인, 소유자 매칭 성공! 필요한 entryEdge: 4
[getConnectedNeighbors] 결과: 2개 이웃 발견
  edge 4: 이웃 (4, 1) 트랙 확인, 소유자 매칭 성공! 필요한 entryEdge: 1
[getConnectedNeighbors] 결과: 2개 이웃 발견
[getConnectedNeighbors] 결과: 1개 이웃 발견
[getConnectedNeighbors] 결과: 1개 이웃 발견
  edge 1: 이웃 (5, 2) 트랙 확인, 소유자 매칭 성공! 필요한 entryEdge: 4
[getConnectedNeighbors] 결과: 2개 이웃 발견
  edge 4: 이웃 (4, 1) 트랙 확인, 소유자 매칭 성공! 필요한 entryEdge: 1
[getConnectedNeighbors] 결과: 2개 이웃 발견
[getConnectedNeighbors] 결과: 1개 이웃 발견
[getConnectedNeighbors] 결과: 1개 이웃 발견
  edge 1: 이웃 (5, 2) 트랙 확인, 소유자 매칭 성공! 필요한 entryEdge: 4
[getConnectedNeighbors] 결과: 2개 이웃 발견
  edge 4: 이웃 (4, 1) 트랙 확인, 소유자 매칭 성공! 필요한 entryEdge: 1
[getConnectedNeighbors] 결과: 2개 이웃 발견
[getConnectedNeighbors] 결과: 1개 이웃 발견
[getConnectedNeighbors] 결과: 1개 이웃 발견
  edge 1: 이웃 (5, 2) 트랙 확인, 소유자 매칭 성공! 필요한 entryEdge: 4
[getConnectedNeighbors] 결과: 2개 이웃 발견
  edge 4: 이웃 (4, 1) 트랙 확인, 소유자 매칭 성공! 필요한 entryEdge: 1
[getConnectedNeighbors] 결과: 2개 이웃 발견
[getConnectedNeighbors] 결과: 1개 이웃 발견
[getConnectedNeighbors] 결과: 1개 이웃 발견
  edge 1: 이웃 (5, 2) 트랙 확인, 소유자 매칭 성공! 필요한 entryEdge: 4
[getConnectedNeighbors] 결과: 2개 이웃 발견
  edge 4: 이웃 (4, 1) 트랙 확인, 소유자 매칭 성공! 필요한 entryEdge: 1
[getConnectedNeighbors] 결과: 2개 이웃 발견
[getConnectedNeighbors] 결과: 1개 이웃 발견
[getConnectedNeighbors] 결과: 1개 이웃 발견
  edge 1: 이웃 (5, 2) 트랙 확인, 소유자 매칭 성공! 필요한 entryEdge: 4
[getConnectedNeighbors] 결과: 2개 이웃 발견
  edge 4: 이웃 (4, 1) 트랙 확인, 소유자 매칭 성공! 필요한 entryEdge: 1
[getConnectedNeighbors] 결과: 2개 이웃 발견
[getConnectedNeighbors] 결과: 1개 이웃 발견
[getConnectedNeighbors] 결과: 1개 이웃 발견
  edge 1: 이웃 (5, 2) 트랙 확인, 소유자 매칭 성공! 필요한 entryEdge: 4
[getConnectedNeighbors] 결과: 2개 이웃 발견
  edge 4: 이웃 (4, 1) 트랙 확인, 소유자 매칭 성공! 필요한 entryEdge: 1
[getConnectedNeighbors] 결과: 2개 이웃 발견
[getConnectedNeighbors] 결과: 1개 이웃 발견
[getConnectedNeighbors] 결과: 1개 이웃 발견
  edge 1: 이웃 (5, 2) 트랙 확인, 소유자 매칭 성공! 필요한 entryEdge: 4
[getConnectedNeighbors] 결과: 2개 이웃 발견
  edge 4: 이웃 (4, 1) 트랙 확인, 소유자 매칭 성공! 필요한 entryEdge: 1
[getConnectedNeighbors] 결과: 2개 이웃 발견
[getConnectedNeighbors] 결과: 1개 이웃 발견
[getConnectedNeighbors] 결과: 1개 이웃 발견
  edge 1: 이웃 (5, 2) 트랙 확인, 소유자 매칭 성공! 필요한 entryEdge: 4
[getConnectedNeighbors] 결과: 2개 이웃 발견
  edge 4: 이웃 (4, 1) 트랙 확인, 소유자 매칭 성공! 필요한 entryEdge: 1
[getConnectedNeighbors] 결과: 2개 이웃 발견
[getConnectedNeighbors] 결과: 1개 이웃 발견
[AI 트랙] 컴퓨터-기차II: 건설 (4,1) edges=[5,2] $2 총점=1153.0 [의도: 출발 도시 연결] (전략=화물 기반 동적 전략, 경로=C→O)

 [31m❯[39m src/ai/strategy/__tests__/debug_build.test.ts [2m([22m[2m4 tests[22m[2m | [22m[31m1 failed[39m[2m | [22m[33m3 skipped[39m[2m)[22m[32m 61[2mms[22m[39m
     [2m[90m↓[39m[22m Cleveland에서 Columbus로의 건설 시 반드시 Cleveland 인접 트랙부터 시작해야 함 (마중 나오기 금지)
[31m     [31m×[31m 연속 건설(Continuity) 검증: 한 턴 내 3개 트랙이 끊기지 않고 이어져야 함[39m[32m 61[2mms[22m[39m
     [2m[90m↓[39m[22m 잘못 놓인 본인 트랙을 방향 전환($2)하여 목적지로 이어가는지 확인
     [2m[90m↓[39m[22m 1링크 전략 목표보다 2링크 고수익 배달을 우선 선택하는지 확인

[31m⎯⎯⎯⎯⎯⎯⎯[39m[1m[41m Failed Tests 1 [49m[22m[31m⎯⎯⎯⎯⎯⎯⎯[39m

[41m[1m FAIL [22m[49m src/ai/strategy/__tests__/debug_build.test.ts[2m > [22mAI Build Sequential & Anti-Fragment Verification[2m > [22m연속 건설(Continuity) 검증: 한 턴 내 3개 트랙이 끊기지 않고 이어져야 함
[31m[1mAssertionError[22m: expected +0 to be 1 // Object.is equality[39m

[32m- Expected[39m
[31m+ Received[39m

[32m- 1[39m
[31m+ 0[39m

[36m [2m❯[22m src/ai/strategy/__tests__/debug_build.test.ts:[2m67:53[22m[39m
    [90m 65| [39m        [35mconst[39m d3 [33m=[39m [34mdecideBuildTrack[39m(state[33m,[39m [32m'player2'[39m)[33m;[39m
    [90m 66| [39m        [35mif[39m (d2[33m.[39maction [33m===[39m [32m'build'[39m [33m&&[39m d3[33m.[39maction [33m===[39m [32m'build'[39m) {
    [90m 67| [39m            [34mexpect[39m([34mhexDistance[39m(d2[33m.[39mcoord[33m,[39m d3[33m.[39mcoord))[33m.[39m[34mtoBe[39m([34m1[39m)[33m;[39m
    [90m   | [39m                                                    [31m^[39m
    [90m 68| [39m        }
    [90m 69| [39m    })[33m;[39m

[31m[2m⎯⎯⎯⎯⎯⎯⎯⎯⎯⎯⎯⎯⎯⎯⎯⎯⎯⎯⎯⎯⎯⎯⎯⎯[1/1]⎯[22m[39m


[2m Test Files [22m [1m[31m1 failed[39m[22m[90m (1)[39m
[2m      Tests [22m [1m[31m1 failed[39m[22m[2m | [22m[33m3 skipped[39m[90m (4)[39m
[2m   Start at [22m 16:41:56
[2m   Duration [22m 205ms

[1m[41m FAIL [49m[22m [31mTests failed. Watching for file changes...[39m
       [2mpress [22m[1mh[22m[2m to show help[22m[2m, [22m[2mpress [22m[1mq[22m[2m to quit[22m
c[3J[1m[44m RERUN [49m[22m [34m[2msrc/ai/strategies/buildTrack.ts [22m[34mx3 [34m[39m
       [2m Filename pattern: [22m[34msrc/ai/strategy/__tests__/debug_build.test.ts[39m
       [2m Test name pattern: [22m[34m/연속 건설/[39m

[90mstdout[2m | src/ai/strategy/__tests__/debug_build.test.ts[2m > [22m[2mAI Build Sequential & Anti-Fragment Verification[2m > [22m[2m연속 건설(Continuity) 검증: 한 턴 내 3개 트랙이 끊기지 않고 이어져야 함
[22m[39m[getConnectedNeighbors] 결과: 0개 이웃 발견
[isRouteComplete 디버그] 5,3 이웃: 0 개
[isRouteComplete 디버그] W→C 연결 실패
[AI 경로] 컴퓨터-기차II: W→C (blue 화물, 거리 3)
[getConnectedNeighbors] 결과: 0개 이웃 발견
[isRouteComplete 디버그] 5,3 이웃: 0 개
[isRouteComplete 디버그] W→C 연결 실패
[AI 경로] 컴퓨터-기차II: W→C (blue 화물, 거리 3)
[getConnectedNeighbors] 결과: 0개 이웃 발견
[isRouteComplete 디버그] 5,3 이웃: 0 개
[isRouteComplete 디버그] W→C 연결 실패
[AI 트랙] 첫 트랙: W 도시에서 시작
[getConnectedNeighbors] 결과: 0개 이웃 발견
[getConnectedNeighbors] 결과: 0개 이웃 발견
[getConnectedNeighbors] 결과: 0개 이웃 발견
[getConnectedNeighbors] 결과: 0개 이웃 발견
[getConnectedNeighbors] 결과: 0개 이웃 발견
[getConnectedNeighbors] 결과: 0개 이웃 발견
[getConnectedNeighbors] 결과: 0개 이웃 발견
[getConnectedNeighbors] 결과: 0개 이웃 발견
[getConnectedNeighbors] 결과: 0개 이웃 발견
[getConnectedNeighbors] 결과: 0개 이웃 발견
[getConnectedNeighbors] 결과: 0개 이웃 발견
[getConnectedNeighbors] 결과: 0개 이웃 발견
[getConnectedNeighbors] 결과: 0개 이웃 발견
[getConnectedNeighbors] 결과: 0개 이웃 발견
[getConnectedNeighbors] 결과: 0개 이웃 발견
[getConnectedNeighbors] 결과: 0개 이웃 발견
[getConnectedNeighbors] 결과: 0개 이웃 발견
[getConnectedNeighbors] 결과: 0개 이웃 발견
[getConnectedNeighbors] 결과: 0개 이웃 발견
[AI 트랙] 컴퓨터-기차II: 건설 (5,2) edges=[1,4] $2 총점=1951.0 [의도: 출발 도시 연결] (전략=화물 기반 동적 전략, 경로=W→C)
[getConnectedNeighbors] 결과: 1개 이웃 발견
[isRouteComplete 디버그] 5,3 이웃: 1 개
[getConnectedNeighbors] 결과: 1개 이웃 발견
[isRouteComplete 디버그] 5,2 이웃: 1 개
[isRouteComplete 디버그] W→C 연결 실패
[AI 경로] 컴퓨터-기차II: 현재 경로 W→C 유지 (진행도: 33%)
[getConnectedNeighbors] 결과: 1개 이웃 발견
[isRouteComplete 디버그] 5,3 이웃: 1 개
[getConnectedNeighbors] 결과: 1개 이웃 발견
[isRouteComplete 디버그] 5,2 이웃: 1 개
[isRouteComplete 디버그] W→C 연결 실패
[AI 경로] 컴퓨터-기차II: W→C (blue 화물, 거리 3)
[getConnectedNeighbors] 결과: 1개 이웃 발견
[isRouteComplete 디버그] 5,3 이웃: 1 개
[getConnectedNeighbors] 결과: 1개 이웃 발견
[isRouteComplete 디버그] 5,2 이웃: 1 개
[isRouteComplete 디버그] W→C 연결 실패
[getConnectedNeighbors] 결과: 1개 이웃 발견
[getConnectedNeighbors] 결과: 0개 이웃 발견
[AI 트랙] 출발지(W) 망에서만 확장 후보 탐색 (순차 건설 강제)
[getConnectedNeighbors] 결과: 1개 이웃 발견
[getConnectedNeighbors] 결과: 1개 이웃 발견
[getConnectedNeighbors] 결과: 1개 이웃 발견
[getConnectedNeighbors] 결과: 1개 이웃 발견
[getConnectedNeighbors] 결과: 1개 이웃 발견
[getConnectedNeighbors] 결과: 1개 이웃 발견
[getConnectedNeighbors] 결과: 1개 이웃 발견
[getConnectedNeighbors] 결과: 1개 이웃 발견
[getConnectedNeighbors] 결과: 1개 이웃 발견
[getConnectedNeighbors] 결과: 1개 이웃 발견
[getConnectedNeighbors] 결과: 1개 이웃 발견
[getConnectedNeighbors] 결과: 1개 이웃 발견
[getConnectedNeighbors] 결과: 1개 이웃 발견
[getConnectedNeighbors] 결과: 1개 이웃 발견
[getConnectedNeighbors] 결과: 1개 이웃 발견
[getConnectedNeighbors] 결과: 1개 이웃 발견
[getConnectedNeighbors] 결과: 1개 이웃 발견
[getConnectedNeighbors] 결과: 1개 이웃 발견
[getConnectedNeighbors] 결과: 1개 이웃 발견
[getConnectedNeighbors] 결과: 1개 이웃 발견
[getConnectedNeighbors] 결과: 1개 이웃 발견
[getConnectedNeighbors] 결과: 1개 이웃 발견
[getConnectedNeighbors] 결과: 1개 이웃 발견
[getConnectedNeighbors] 결과: 1개 이웃 발견
[getConnectedNeighbors] 결과: 1개 이웃 발견
[getConnectedNeighbors] 결과: 1개 이웃 발견
[getConnectedNeighbors] 결과: 1개 이웃 발견
[getConnectedNeighbors] 결과: 1개 이웃 발견
[getConnectedNeighbors] 결과: 1개 이웃 발견
[getConnectedNeighbors] 결과: 1개 이웃 발견
[getConnectedNeighbors] 결과: 1개 이웃 발견
[getConnectedNeighbors] 결과: 1개 이웃 발견
[getConnectedNeighbors] 결과: 1개 이웃 발견
[getConnectedNeighbors] 결과: 1개 이웃 발견
[getConnectedNeighbors] 결과: 1개 이웃 발견
[getConnectedNeighbors] 결과: 1개 이웃 발견
[getConnectedNeighbors] 결과: 1개 이웃 발견
[getConnectedNeighbors] 결과: 1개 이웃 발견
[getConnectedNeighbors] 결과: 1개 이웃 발견
[getConnectedNeighbors] 결과: 1개 이웃 발견
[getConnectedNeighbors] 결과: 1개 이웃 발견
[getConnectedNeighbors] 결과: 1개 이웃 발견
[getConnectedNeighbors] 결과: 1개 이웃 발견
[getConnectedNeighbors] 결과: 1개 이웃 발견
[getConnectedNeighbors] 결과: 1개 이웃 발견
[getConnectedNeighbors] 결과: 1개 이웃 발견
[getConnectedNeighbors] 결과: 1개 이웃 발견
[getConnectedNeighbors] 결과: 0개 이웃 발견
[getConnectedNeighbors] 결과: 1개 이웃 발견
[getConnectedNeighbors] 결과: 1개 이웃 발견
[getConnectedNeighbors] 결과: 1개 이웃 발견
[getConnectedNeighbors] 결과: 1개 이웃 발견
[getConnectedNeighbors] 결과: 1개 이웃 발견
[getConnectedNeighbors] 결과: 1개 이웃 발견
[getConnectedNeighbors] 결과: 1개 이웃 발견
[getConnectedNeighbors] 결과: 1개 이웃 발견
[getConnectedNeighbors] 결과: 1개 이웃 발견
[getConnectedNeighbors] 결과: 1개 이웃 발견
[getConnectedNeighbors] 결과: 1개 이웃 발견
[getConnectedNeighbors] 결과: 1개 이웃 발견
[getConnectedNeighbors] 결과: 1개 이웃 발견
[getConnectedNeighbors] 결과: 1개 이웃 발견
[getConnectedNeighbors] 결과: 1개 이웃 발견
[getConnectedNeighbors] 결과: 1개 이웃 발견
[getConnectedNeighbors] 결과: 1개 이웃 발견
[getConnectedNeighbors] 결과: 1개 이웃 발견
[getConnectedNeighbors] 결과: 1개 이웃 발견
[getConnectedNeighbors] 결과: 1개 이웃 발견
[getConnectedNeighbors] 결과: 1개 이웃 발견
[getConnectedNeighbors] 결과: 1개 이웃 발견
[getConnectedNeighbors] 결과: 1개 이웃 발견
[getConnectedNeighbors] 결과: 1개 이웃 발견
[getConnectedNeighbors] 결과: 1개 이웃 발견
[getConnectedNeighbors] 결과: 1개 이웃 발견
[getConnectedNeighbors] 결과: 1개 이웃 발견
[getConnectedNeighbors] 결과: 1개 이웃 발견
[getConnectedNeighbors] 결과: 1개 이웃 발견
[getConnectedNeighbors] 결과: 1개 이웃 발견
[getConnectedNeighbors] 결과: 1개 이웃 발견
[getConnectedNeighbors] 결과: 1개 이웃 발견
[getConnectedNeighbors] 결과: 1개 이웃 발견
[getConnectedNeighbors] 결과: 1개 이웃 발견
[getConnectedNeighbors] 결과: 1개 이웃 발견
[getConnectedNeighbors] 결과: 1개 이웃 발견
[getConnectedNeighbors] 결과: 1개 이웃 발견
[getConnectedNeighbors] 결과: 1개 이웃 발견
[getConnectedNeighbors] 결과: 1개 이웃 발견
[getConnectedNeighbors] 결과: 1개 이웃 발견
[getConnectedNeighbors] 결과: 1개 이웃 발견
[getConnectedNeighbors] 결과: 1개 이웃 발견
[getConnectedNeighbors] 결과: 1개 이웃 발견
[getConnectedNeighbors] 결과: 1개 이웃 발견
[getConnectedNeighbors] 결과: 1개 이웃 발견
[getConnectedNeighbors] 결과: 1개 이웃 발견
[AI 트랙] 컴퓨터-기차II: 건설 (4,1) edges=[1,5] $2 총점=5533.0 [의도: 목적 도시 연결 완성] (전략=화물 기반 동적 전략, 경로=W→C)
[getConnectedNeighbors] 결과: 1개 이웃 발견
[isRouteComplete 디버그] 5,3 이웃: 1 개
  edge 4: 이웃 (4, 1) 트랙 확인, 소유자 매칭 성공! 필요한 entryEdge: 1
[getConnectedNeighbors] 결과: 2개 이웃 발견
[isRouteComplete 디버그] 5,2 이웃: 2 개
  edge 1: 이웃 (5, 2) 트랙 확인, 소유자 매칭 성공! 필요한 entryEdge: 4
[getConnectedNeighbors] 결과: 2개 이웃 발견
[isRouteComplete 디버그] 4,1 이웃: 2 개
[isRouteComplete 디버그] W→C 연결 찾음!
[AI 경로] W→C 경로 완성됨!
[AI 경로] 컴퓨터-기차II: 경로 W→C 완성됨, 새 경로 탐색
[getConnectedNeighbors] 결과: 1개 이웃 발견
[isRouteComplete 디버그] 5,3 이웃: 1 개
  edge 4: 이웃 (4, 1) 트랙 확인, 소유자 매칭 성공! 필요한 entryEdge: 1
[getConnectedNeighbors] 결과: 2개 이웃 발견
[isRouteComplete 디버그] 5,2 이웃: 2 개
  edge 1: 이웃 (5, 2) 트랙 확인, 소유자 매칭 성공! 필요한 entryEdge: 4
[getConnectedNeighbors] 결과: 2개 이웃 발견
[isRouteComplete 디버그] 4,1 이웃: 2 개
[isRouteComplete 디버그] W→C 연결 찾음!
[AI 경로] 컴퓨터-기차II: 모든 배달 기회가 이미 연결되어 있음
[AI 경로] 컴퓨터-기차II: 네트워크 확장 C→O
[getConnectedNeighbors] 결과: 1개 이웃 발견
[isRouteComplete 디버그] 5,3 이웃: 1 개
  edge 4: 이웃 (4, 1) 트랙 확인, 소유자 매칭 성공! 필요한 entryEdge: 1
[getConnectedNeighbors] 결과: 2개 이웃 발견
[isRouteComplete 디버그] 5,2 이웃: 2 개
  edge 1: 이웃 (5, 2) 트랙 확인, 소유자 매칭 성공! 필요한 entryEdge: 4
[getConnectedNeighbors] 결과: 2개 이웃 발견
[isRouteComplete 디버그] 4,1 이웃: 2 개
[isRouteComplete 디버그] W→C 연결 찾음!
[AI 경로] 컴퓨터-기차II: 모든 배달 기회가 이미 연결되어 있음
[AI 경로] 컴퓨터-기차II: 네트워크 확장 C→O
[getConnectedNeighbors] 결과: 1개 이웃 발견
[isRouteComplete 디버그] 5,0 이웃: 1 개
  edge 1: 이웃 (5, 2) 트랙 확인, 소유자 매칭 성공! 필요한 entryEdge: 4
[getConnectedNeighbors] 결과: 2개 이웃 발견
[isRouteComplete 디버그] 4,1 이웃: 2 개
  edge 4: 이웃 (4, 1) 트랙 확인, 소유자 매칭 성공! 필요한 entryEdge: 1
[getConnectedNeighbors] 결과: 2개 이웃 발견
[isRouteComplete 디버그] 5,2 이웃: 2 개
[getConnectedNeighbors] 결과: 1개 이웃 발견
[isRouteComplete 디버그] 5,3 이웃: 1 개
[isRouteComplete 디버그] C→O 연결 실패
[getConnectedNeighbors] 결과: 1개 이웃 발견
  edge 1: 이웃 (5, 2) 트랙 확인, 소유자 매칭 성공! 필요한 entryEdge: 4
[getConnectedNeighbors] 결과: 1개 이웃 발견
[getConnectedNeighbors] 결과: 1개 이웃 발견
[getConnectedNeighbors] 결과: 0개 이웃 발견
[AI 트랙] 출발지(C) 망에서만 확장 후보 탐색 (순차 건설 강제)
[getConnectedNeighbors] 결과: 1개 이웃 발견
  edge 1: 이웃 (5, 2) 트랙 확인, 소유자 매칭 성공! 필요한 entryEdge: 4
[getConnectedNeighbors] 결과: 2개 이웃 발견
  edge 4: 이웃 (4, 1) 트랙 확인, 소유자 매칭 성공! 필요한 entryEdge: 1
[getConnectedNeighbors] 결과: 2개 이웃 발견
[getConnectedNeighbors] 결과: 1개 이웃 발견
[getConnectedNeighbors] 결과: 1개 이웃 발견
  edge 1: 이웃 (5, 2) 트랙 확인, 소유자 매칭 성공! 필요한 entryEdge: 4
[getConnectedNeighbors] 결과: 2개 이웃 발견
  edge 4: 이웃 (4, 1) 트랙 확인, 소유자 매칭 성공! 필요한 entryEdge: 1
[getConnectedNeighbors] 결과: 2개 이웃 발견
[getConnectedNeighbors] 결과: 1개 이웃 발견
[getConnectedNeighbors] 결과: 1개 이웃 발견
  edge 1: 이웃 (5, 2) 트랙 확인, 소유자 매칭 성공! 필요한 entryEdge: 4
[getConnectedNeighbors] 결과: 2개 이웃 발견
  edge 4: 이웃 (4, 1) 트랙 확인, 소유자 매칭 성공! 필요한 entryEdge: 1
[getConnectedNeighbors] 결과: 2개 이웃 발견
[getConnectedNeighbors] 결과: 1개 이웃 발견
[getConnectedNeighbors] 결과: 1개 이웃 발견
  edge 1: 이웃 (5, 2) 트랙 확인, 소유자 매칭 성공! 필요한 entryEdge: 4
[getConnectedNeighbors] 결과: 2개 이웃 발견
  edge 4: 이웃 (4, 1) 트랙 확인, 소유자 매칭 성공! 필요한 entryEdge: 1
[getConnectedNeighbors] 결과: 2개 이웃 발견
[getConnectedNeighbors] 결과: 1개 이웃 발견
[getConnectedNeighbors] 결과: 1개 이웃 발견
  edge 1: 이웃 (5, 2) 트랙 확인, 소유자 매칭 성공! 필요한 entryEdge: 4
[getConnectedNeighbors] 결과: 2개 이웃 발견
  edge 4: 이웃 (4, 1) 트랙 확인, 소유자 매칭 성공! 필요한 entryEdge: 1
[getConnectedNeighbors] 결과: 2개 이웃 발견
[getConnectedNeighbors] 결과: 1개 이웃 발견
[getConnectedNeighbors] 결과: 1개 이웃 발견
  edge 1: 이웃 (5, 2) 트랙 확인, 소유자 매칭 성공! 필요한 entryEdge: 4
[getConnectedNeighbors] 결과: 2개 이웃 발견
  edge 4: 이웃 (4, 1) 트랙 확인, 소유자 매칭 성공! 필요한 entryEdge: 1
[getConnectedNeighbors] 결과: 2개 이웃 발견
[getConnectedNeighbors] 결과: 1개 이웃 발견
[getConnectedNeighbors] 결과: 1개 이웃 발견
  edge 1: 이웃 (5, 2) 트랙 확인, 소유자 매칭 성공! 필요한 entryEdge: 4
[getConnectedNeighbors] 결과: 2개 이웃 발견
  edge 4: 이웃 (4, 1) 트랙 확인, 소유자 매칭 성공! 필요한 entryEdge: 1
[getConnectedNeighbors] 결과: 2개 이웃 발견
[getConnectedNeighbors] 결과: 1개 이웃 발견
[getConnectedNeighbors] 결과: 1개 이웃 발견
  edge 1: 이웃 (5, 2) 트랙 확인, 소유자 매칭 성공! 필요한 entryEdge: 4
[getConnectedNeighbors] 결과: 2개 이웃 발견
  edge 4: 이웃 (4, 1) 트랙 확인, 소유자 매칭 성공! 필요한 entryEdge: 1
[getConnectedNeighbors] 결과: 2개 이웃 발견
[getConnectedNeighbors] 결과: 1개 이웃 발견
[getConnectedNeighbors] 결과: 1개 이웃 발견
  edge 1: 이웃 (5, 2) 트랙 확인, 소유자 매칭 성공! 필요한 entryEdge: 4
[getConnectedNeighbors] 결과: 2개 이웃 발견
  edge 4: 이웃 (4, 1) 트랙 확인, 소유자 매칭 성공! 필요한 entryEdge: 1
[getConnectedNeighbors] 결과: 2개 이웃 발견
[getConnectedNeighbors] 결과: 1개 이웃 발견
[getConnectedNeighbors] 결과: 1개 이웃 발견
  edge 1: 이웃 (5, 2) 트랙 확인, 소유자 매칭 성공! 필요한 entryEdge: 4
[getConnectedNeighbors] 결과: 2개 이웃 발견
  edge 4: 이웃 (4, 1) 트랙 확인, 소유자 매칭 성공! 필요한 entryEdge: 1
[getConnectedNeighbors] 결과: 2개 이웃 발견
[getConnectedNeighbors] 결과: 1개 이웃 발견
[getConnectedNeighbors] 결과: 1개 이웃 발견
  edge 1: 이웃 (5, 2) 트랙 확인, 소유자 매칭 성공! 필요한 entryEdge: 4
[getConnectedNeighbors] 결과: 2개 이웃 발견
  edge 4: 이웃 (4, 1) 트랙 확인, 소유자 매칭 성공! 필요한 entryEdge: 1
[getConnectedNeighbors] 결과: 2개 이웃 발견
[getConnectedNeighbors] 결과: 1개 이웃 발견
[getConnectedNeighbors] 결과: 1개 이웃 발견
  edge 1: 이웃 (5, 2) 트랙 확인, 소유자 매칭 성공! 필요한 entryEdge: 4
[getConnectedNeighbors] 결과: 2개 이웃 발견
  edge 4: 이웃 (4, 1) 트랙 확인, 소유자 매칭 성공! 필요한 entryEdge: 1
[getConnectedNeighbors] 결과: 2개 이웃 발견
[getConnectedNeighbors] 결과: 1개 이웃 발견
[getConnectedNeighbors] 결과: 1개 이웃 발견
  edge 1: 이웃 (5, 2) 트랙 확인, 소유자 매칭 성공! 필요한 entryEdge: 4
[getConnectedNeighbors] 결과: 2개 이웃 발견
  edge 4: 이웃 (4, 1) 트랙 확인, 소유자 매칭 성공! 필요한 entryEdge: 1
[getConnectedNeighbors] 결과: 2개 이웃 발견
[getConnectedNeighbors] 결과: 1개 이웃 발견
[getConnectedNeighbors] 결과: 1개 이웃 발견
  edge 1: 이웃 (5, 2) 트랙 확인, 소유자 매칭 성공! 필요한 entryEdge: 4
[getConnectedNeighbors] 결과: 2개 이웃 발견
  edge 4: 이웃 (4, 1) 트랙 확인, 소유자 매칭 성공! 필요한 entryEdge: 1
[getConnectedNeighbors] 결과: 2개 이웃 발견
[getConnectedNeighbors] 결과: 1개 이웃 발견
[getConnectedNeighbors] 결과: 1개 이웃 발견
  edge 1: 이웃 (5, 2) 트랙 확인, 소유자 매칭 성공! 필요한 entryEdge: 4
[getConnectedNeighbors] 결과: 2개 이웃 발견
  edge 4: 이웃 (4, 1) 트랙 확인, 소유자 매칭 성공! 필요한 entryEdge: 1
[getConnectedNeighbors] 결과: 2개 이웃 발견
[getConnectedNeighbors] 결과: 1개 이웃 발견
[getConnectedNeighbors] 결과: 1개 이웃 발견
  edge 1: 이웃 (5, 2) 트랙 확인, 소유자 매칭 성공! 필요한 entryEdge: 4
[getConnectedNeighbors] 결과: 2개 이웃 발견
  edge 4: 이웃 (4, 1) 트랙 확인, 소유자 매칭 성공! 필요한 entryEdge: 1
[getConnectedNeighbors] 결과: 2개 이웃 발견
[getConnectedNeighbors] 결과: 1개 이웃 발견
[getConnectedNeighbors] 결과: 1개 이웃 발견
  edge 1: 이웃 (5, 2) 트랙 확인, 소유자 매칭 성공! 필요한 entryEdge: 4
[getConnectedNeighbors] 결과: 2개 이웃 발견
  edge 4: 이웃 (4, 1) 트랙 확인, 소유자 매칭 성공! 필요한 entryEdge: 1
[getConnectedNeighbors] 결과: 2개 이웃 발견
[getConnectedNeighbors] 결과: 1개 이웃 발견
[getConnectedNeighbors] 결과: 1개 이웃 발견
  edge 1: 이웃 (5, 2) 트랙 확인, 소유자 매칭 성공! 필요한 entryEdge: 4
[getConnectedNeighbors] 결과: 2개 이웃 발견
  edge 4: 이웃 (4, 1) 트랙 확인, 소유자 매칭 성공! 필요한 entryEdge: 1
[getConnectedNeighbors] 결과: 2개 이웃 발견
[getConnectedNeighbors] 결과: 1개 이웃 발견
[getConnectedNeighbors] 결과: 1개 이웃 발견
  edge 1: 이웃 (5, 2) 트랙 확인, 소유자 매칭 성공! 필요한 entryEdge: 4
[getConnectedNeighbors] 결과: 2개 이웃 발견
  edge 4: 이웃 (4, 1) 트랙 확인, 소유자 매칭 성공! 필요한 entryEdge: 1
[getConnectedNeighbors] 결과: 2개 이웃 발견
[getConnectedNeighbors] 결과: 1개 이웃 발견
[getConnectedNeighbors] 결과: 1개 이웃 발견
  edge 1: 이웃 (5, 2) 트랙 확인, 소유자 매칭 성공! 필요한 entryEdge: 4
[getConnectedNeighbors] 결과: 2개 이웃 발견
  edge 4: 이웃 (4, 1) 트랙 확인, 소유자 매칭 성공! 필요한 entryEdge: 1
[getConnectedNeighbors] 결과: 2개 이웃 발견
[getConnectedNeighbors] 결과: 1개 이웃 발견
[getConnectedNeighbors] 결과: 1개 이웃 발견
  edge 1: 이웃 (5, 2) 트랙 확인, 소유자 매칭 성공! 필요한 entryEdge: 4
[getConnectedNeighbors] 결과: 2개 이웃 발견
  edge 4: 이웃 (4, 1) 트랙 확인, 소유자 매칭 성공! 필요한 entryEdge: 1
[getConnectedNeighbors] 결과: 2개 이웃 발견
[getConnectedNeighbors] 결과: 1개 이웃 발견
[getConnectedNeighbors] 결과: 1개 이웃 발견
  edge 1: 이웃 (5, 2) 트랙 확인, 소유자 매칭 성공! 필요한 entryEdge: 4
[getConnectedNeighbors] 결과: 1개 이웃 발견
[getConnectedNeighbors] 결과: 1개 이웃 발견
[getConnectedNeighbors] 결과: 0개 이웃 발견
[getConnectedNeighbors] 결과: 1개 이웃 발견
  edge 1: 이웃 (5, 2) 트랙 확인, 소유자 매칭 성공! 필요한 entryEdge: 4
[getConnectedNeighbors] 결과: 2개 이웃 발견
  edge 4: 이웃 (4, 1) 트랙 확인, 소유자 매칭 성공! 필요한 entryEdge: 1
[getConnectedNeighbors] 결과: 2개 이웃 발견
[getConnectedNeighbors] 결과: 1개 이웃 발견
[getConnectedNeighbors] 결과: 1개 이웃 발견
  edge 1: 이웃 (5, 2) 트랙 확인, 소유자 매칭 성공! 필요한 entryEdge: 4
[getConnectedNeighbors] 결과: 2개 이웃 발견
  edge 4: 이웃 (4, 1) 트랙 확인, 소유자 매칭 성공! 필요한 entryEdge: 1
[getConnectedNeighbors] 결과: 2개 이웃 발견
[getConnectedNeighbors] 결과: 1개 이웃 발견
[getConnectedNeighbors] 결과: 1개 이웃 발견
  edge 1: 이웃 (5, 2) 트랙 확인, 소유자 매칭 성공! 필요한 entryEdge: 4
[getConnectedNeighbors] 결과: 2개 이웃 발견
  edge 4: 이웃 (4, 1) 트랙 확인, 소유자 매칭 성공! 필요한 entryEdge: 1
[getConnectedNeighbors] 결과: 2개 이웃 발견
[getConnectedNeighbors] 결과: 1개 이웃 발견
[getConnectedNeighbors] 결과: 1개 이웃 발견
  edge 1: 이웃 (5, 2) 트랙 확인, 소유자 매칭 성공! 필요한 entryEdge: 4
[getConnectedNeighbors] 결과: 2개 이웃 발견
  edge 4: 이웃 (4, 1) 트랙 확인, 소유자 매칭 성공! 필요한 entryEdge: 1
[getConnectedNeighbors] 결과: 2개 이웃 발견
[getConnectedNeighbors] 결과: 1개 이웃 발견
[getConnectedNeighbors] 결과: 1개 이웃 발견
  edge 1: 이웃 (5, 2) 트랙 확인, 소유자 매칭 성공! 필요한 entryEdge: 4
[getConnectedNeighbors] 결과: 2개 이웃 발견
  edge 4: 이웃 (4, 1) 트랙 확인, 소유자 매칭 성공! 필요한 entryEdge: 1
[getConnectedNeighbors] 결과: 2개 이웃 발견
[getConnectedNeighbors] 결과: 1개 이웃 발견
[getConnectedNeighbors] 결과: 1개 이웃 발견
  edge 1: 이웃 (5, 2) 트랙 확인, 소유자 매칭 성공! 필요한 entryEdge: 4
[getConnectedNeighbors] 결과: 2개 이웃 발견
  edge 4: 이웃 (4, 1) 트랙 확인, 소유자 매칭 성공! 필요한 entryEdge: 1
[getConnectedNeighbors] 결과: 2개 이웃 발견
[getConnectedNeighbors] 결과: 1개 이웃 발견
[getConnectedNeighbors] 결과: 1개 이웃 발견
  edge 1: 이웃 (5, 2) 트랙 확인, 소유자 매칭 성공! 필요한 entryEdge: 4
[getConnectedNeighbors] 결과: 2개 이웃 발견
  edge 4: 이웃 (4, 1) 트랙 확인, 소유자 매칭 성공! 필요한 entryEdge: 1
[getConnectedNeighbors] 결과: 2개 이웃 발견
[getConnectedNeighbors] 결과: 1개 이웃 발견
[getConnectedNeighbors] 결과: 1개 이웃 발견
  edge 1: 이웃 (5, 2) 트랙 확인, 소유자 매칭 성공! 필요한 entryEdge: 4
[getConnectedNeighbors] 결과: 2개 이웃 발견
  edge 4: 이웃 (4, 1) 트랙 확인, 소유자 매칭 성공! 필요한 entryEdge: 1
[getConnectedNeighbors] 결과: 2개 이웃 발견
[getConnectedNeighbors] 결과: 1개 이웃 발견
[getConnectedNeighbors] 결과: 1개 이웃 발견
  edge 1: 이웃 (5, 2) 트랙 확인, 소유자 매칭 성공! 필요한 entryEdge: 4
[getConnectedNeighbors] 결과: 2개 이웃 발견
  edge 4: 이웃 (4, 1) 트랙 확인, 소유자 매칭 성공! 필요한 entryEdge: 1
[getConnectedNeighbors] 결과: 2개 이웃 발견
[getConnectedNeighbors] 결과: 1개 이웃 발견
[getConnectedNeighbors] 결과: 1개 이웃 발견
  edge 1: 이웃 (5, 2) 트랙 확인, 소유자 매칭 성공! 필요한 entryEdge: 4
[getConnectedNeighbors] 결과: 2개 이웃 발견
  edge 4: 이웃 (4, 1) 트랙 확인, 소유자 매칭 성공! 필요한 entryEdge: 1
[getConnectedNeighbors] 결과: 2개 이웃 발견
[getConnectedNeighbors] 결과: 1개 이웃 발견
[getConnectedNeighbors] 결과: 1개 이웃 발견
  edge 1: 이웃 (5, 2) 트랙 확인, 소유자 매칭 성공! 필요한 entryEdge: 4
[getConnectedNeighbors] 결과: 2개 이웃 발견
  edge 4: 이웃 (4, 1) 트랙 확인, 소유자 매칭 성공! 필요한 entryEdge: 1
[getConnectedNeighbors] 결과: 2개 이웃 발견
[getConnectedNeighbors] 결과: 1개 이웃 발견
[getConnectedNeighbors] 결과: 1개 이웃 발견
  edge 1: 이웃 (5, 2) 트랙 확인, 소유자 매칭 성공! 필요한 entryEdge: 4
[getConnectedNeighbors] 결과: 2개 이웃 발견
  edge 4: 이웃 (4, 1) 트랙 확인, 소유자 매칭 성공! 필요한 entryEdge: 1
[getConnectedNeighbors] 결과: 2개 이웃 발견
[getConnectedNeighbors] 결과: 1개 이웃 발견
[getConnectedNeighbors] 결과: 1개 이웃 발견
  edge 1: 이웃 (5, 2) 트랙 확인, 소유자 매칭 성공! 필요한 entryEdge: 4
[getConnectedNeighbors] 결과: 2개 이웃 발견
  edge 4: 이웃 (4, 1) 트랙 확인, 소유자 매칭 성공! 필요한 entryEdge: 1
[getConnectedNeighbors] 결과: 2개 이웃 발견
[getConnectedNeighbors] 결과: 1개 이웃 발견
[getConnectedNeighbors] 결과: 1개 이웃 발견
  edge 1: 이웃 (5, 2) 트랙 확인, 소유자 매칭 성공! 필요한 entryEdge: 4
[getConnectedNeighbors] 결과: 2개 이웃 발견
  edge 4: 이웃 (4, 1) 트랙 확인, 소유자 매칭 성공! 필요한 entryEdge: 1
[getConnectedNeighbors] 결과: 2개 이웃 발견
[getConnectedNeighbors] 결과: 1개 이웃 발견
[getConnectedNeighbors] 결과: 1개 이웃 발견
  edge 1: 이웃 (5, 2) 트랙 확인, 소유자 매칭 성공! 필요한 entryEdge: 4
[getConnectedNeighbors] 결과: 2개 이웃 발견
  edge 4: 이웃 (4, 1) 트랙 확인, 소유자 매칭 성공! 필요한 entryEdge: 1
[getConnectedNeighbors] 결과: 2개 이웃 발견
[getConnectedNeighbors] 결과: 1개 이웃 발견
[getConnectedNeighbors] 결과: 1개 이웃 발견
  edge 1: 이웃 (5, 2) 트랙 확인, 소유자 매칭 성공! 필요한 entryEdge: 4
[getConnectedNeighbors] 결과: 2개 이웃 발견
  edge 4: 이웃 (4, 1) 트랙 확인, 소유자 매칭 성공! 필요한 entryEdge: 1
[getConnectedNeighbors] 결과: 2개 이웃 발견
[getConnectedNeighbors] 결과: 1개 이웃 발견
[getConnectedNeighbors] 결과: 1개 이웃 발견
  edge 1: 이웃 (5, 2) 트랙 확인, 소유자 매칭 성공! 필요한 entryEdge: 4
[getConnectedNeighbors] 결과: 2개 이웃 발견
  edge 4: 이웃 (4, 1) 트랙 확인, 소유자 매칭 성공! 필요한 entryEdge: 1
[getConnectedNeighbors] 결과: 2개 이웃 발견
[getConnectedNeighbors] 결과: 1개 이웃 발견
[getConnectedNeighbors] 결과: 1개 이웃 발견
  edge 1: 이웃 (5, 2) 트랙 확인, 소유자 매칭 성공! 필요한 entryEdge: 4
[getConnectedNeighbors] 결과: 2개 이웃 발견
  edge 4: 이웃 (4, 1) 트랙 확인, 소유자 매칭 성공! 필요한 entryEdge: 1
[getConnectedNeighbors] 결과: 2개 이웃 발견
[getConnectedNeighbors] 결과: 1개 이웃 발견
[getConnectedNeighbors] 결과: 1개 이웃 발견
  edge 1: 이웃 (5, 2) 트랙 확인, 소유자 매칭 성공! 필요한 entryEdge: 4
[getConnectedNeighbors] 결과: 2개 이웃 발견
  edge 4: 이웃 (4, 1) 트랙 확인, 소유자 매칭 성공! 필요한 entryEdge: 1
[getConnectedNeighbors] 결과: 2개 이웃 발견
[getConnectedNeighbors] 결과: 1개 이웃 발견
[getConnectedNeighbors] 결과: 1개 이웃 발견
  edge 1: 이웃 (5, 2) 트랙 확인, 소유자 매칭 성공! 필요한 entryEdge: 4
[getConnectedNeighbors] 결과: 2개 이웃 발견
  edge 4: 이웃 (4, 1) 트랙 확인, 소유자 매칭 성공! 필요한 entryEdge: 1
[getConnectedNeighbors] 결과: 2개 이웃 발견
[getConnectedNeighbors] 결과: 1개 이웃 발견
[getConnectedNeighbors] 결과: 1개 이웃 발견
  edge 1: 이웃 (5, 2) 트랙 확인, 소유자 매칭 성공! 필요한 entryEdge: 4
[getConnectedNeighbors] 결과: 2개 이웃 발견
  edge 4: 이웃 (4, 1) 트랙 확인, 소유자 매칭 성공! 필요한 entryEdge: 1
[getConnectedNeighbors] 결과: 2개 이웃 발견
[getConnectedNeighbors] 결과: 1개 이웃 발견
[AI 트랙] 컴퓨터-기차II: 건설 (4,1) edges=[5,2] $2 총점=1153.0 [의도: 출발 도시 연결] (전략=화물 기반 동적 전략, 경로=C→O)

 [31m❯[39m src/ai/strategy/__tests__/debug_build.test.ts [2m([22m[2m4 tests[22m[2m | [22m[31m1 failed[39m[2m | [22m[33m3 skipped[39m[2m)[22m[32m 179[2mms[22m[39m
     [2m[90m↓[39m[22m Cleveland에서 Columbus로의 건설 시 반드시 Cleveland 인접 트랙부터 시작해야 함 (마중 나오기 금지)
[31m     [31m×[31m 연속 건설(Continuity) 검증: 한 턴 내 3개 트랙이 끊기지 않고 이어져야 함[39m[32m 176[2mms[22m[39m
     [2m[90m↓[39m[22m 잘못 놓인 본인 트랙을 방향 전환($2)하여 목적지로 이어가는지 확인
     [2m[90m↓[39m[22m 1링크 전략 목표보다 2링크 고수익 배달을 우선 선택하는지 확인

[31m⎯⎯⎯⎯⎯⎯⎯[39m[1m[41m Failed Tests 1 [49m[22m[31m⎯⎯⎯⎯⎯⎯⎯[39m

[41m[1m FAIL [22m[49m src/ai/strategy/__tests__/debug_build.test.ts[2m > [22mAI Build Sequential & Anti-Fragment Verification[2m > [22m연속 건설(Continuity) 검증: 한 턴 내 3개 트랙이 끊기지 않고 이어져야 함
[31m[1mAssertionError[22m: expected +0 to be 1 // Object.is equality[39m

[32m- Expected[39m
[31m+ Received[39m

[32m- 1[39m
[31m+ 0[39m

[36m [2m❯[22m src/ai/strategy/__tests__/debug_build.test.ts:[2m67:53[22m[39m
    [90m 65| [39m        [35mconst[39m d3 [33m=[39m [34mdecideBuildTrack[39m(state[33m,[39m [32m'player2'[39m)[33m;[39m
    [90m 66| [39m        [35mif[39m (d2[33m.[39maction [33m===[39m [32m'build'[39m [33m&&[39m d3[33m.[39maction [33m===[39m [32m'build'[39m) {
    [90m 67| [39m            [34mexpect[39m([34mhexDistance[39m(d2[33m.[39mcoord[33m,[39m d3[33m.[39mcoord))[33m.[39m[34mtoBe[39m([34m1[39m)[33m;[39m
    [90m   | [39m                                                    [31m^[39m
    [90m 68| [39m        }
    [90m 69| [39m    })[33m;[39m

[31m[2m⎯⎯⎯⎯⎯⎯⎯⎯⎯⎯⎯⎯⎯⎯⎯⎯⎯⎯⎯⎯⎯⎯⎯⎯[1/1]⎯[22m[39m


[2m Test Files [22m [1m[31m1 failed[39m[22m[90m (1)[39m
[2m      Tests [22m [1m[31m1 failed[39m[22m[2m | [22m[33m3 skipped[39m[90m (4)[39m
[2m   Start at [22m 16:42:52
[2m   Duration [22m 294ms

[1m[41m FAIL [49m[22m [31mTests failed. Watching for file changes...[39m
       [2mpress [22m[1mh[22m[2m to show help[22m[2m, [22m[2mpress [22m[1mq[22m[2m to quit[22m
c[3J[1m[44m RERUN [49m[22m [34m[2msrc/ai/strategies/buildTrack.ts [22m[34mx4 [34m[39m
       [2m Filename pattern: [22m[34msrc/ai/strategy/__tests__/debug_build.test.ts[39m
       [2m Test name pattern: [22m[34m/연속 건설/[39m

[90mstdout[2m | src/ai/strategy/__tests__/debug_build.test.ts[2m > [22m[2mAI Build Sequential & Anti-Fragment Verification[2m > [22m[2m연속 건설(Continuity) 검증: 한 턴 내 3개 트랙이 끊기지 않고 이어져야 함
[22m[39m[getConnectedNeighbors] 결과: 0개 이웃 발견
[isRouteComplete 디버그] 5,3 이웃: 0 개
[isRouteComplete 디버그] W→C 연결 실패
[AI 경로] 컴퓨터-기차II: W→C (blue 화물, 거리 3)
[getConnectedNeighbors] 결과: 0개 이웃 발견
[isRouteComplete 디버그] 5,3 이웃: 0 개
[isRouteComplete 디버그] W→C 연결 실패
[AI 경로] 컴퓨터-기차II: W→C (blue 화물, 거리 3)
[getConnectedNeighbors] 결과: 0개 이웃 발견
[isRouteComplete 디버그] 5,3 이웃: 0 개
[isRouteComplete 디버그] W→C 연결 실패
[AI 트랙] 첫 트랙: W 도시에서 시작
[getConnectedNeighbors] 결과: 0개 이웃 발견
[getConnectedNeighbors] 결과: 0개 이웃 발견
[getConnectedNeighbors] 결과: 0개 이웃 발견
[getConnectedNeighbors] 결과: 0개 이웃 발견
[getConnectedNeighbors] 결과: 0개 이웃 발견
[getConnectedNeighbors] 결과: 0개 이웃 발견
[getConnectedNeighbors] 결과: 0개 이웃 발견
[getConnectedNeighbors] 결과: 0개 이웃 발견
[getConnectedNeighbors] 결과: 0개 이웃 발견
[getConnectedNeighbors] 결과: 0개 이웃 발견
[getConnectedNeighbors] 결과: 0개 이웃 발견
[getConnectedNeighbors] 결과: 0개 이웃 발견
[getConnectedNeighbors] 결과: 0개 이웃 발견
[getConnectedNeighbors] 결과: 0개 이웃 발견
[getConnectedNeighbors] 결과: 0개 이웃 발견
[getConnectedNeighbors] 결과: 0개 이웃 발견
[getConnectedNeighbors] 결과: 0개 이웃 발견
[getConnectedNeighbors] 결과: 0개 이웃 발견
[getConnectedNeighbors] 결과: 0개 이웃 발견
[AI 트랙] 컴퓨터-기차II: 건설 (5,2) edges=[1,4] $2 총점=1951.0 [의도: 출발 도시 연결] (전략=화물 기반 동적 전략, 경로=W→C)
[getConnectedNeighbors] 결과: 1개 이웃 발견
[isRouteComplete 디버그] 5,3 이웃: 1 개
[getConnectedNeighbors] 결과: 1개 이웃 발견
[isRouteComplete 디버그] 5,2 이웃: 1 개
[isRouteComplete 디버그] W→C 연결 실패
[AI 경로] 컴퓨터-기차II: 현재 경로 W→C 유지 (진행도: 33%)
[getConnectedNeighbors] 결과: 1개 이웃 발견
[isRouteComplete 디버그] 5,3 이웃: 1 개
[getConnectedNeighbors] 결과: 1개 이웃 발견
[isRouteComplete 디버그] 5,2 이웃: 1 개
[isRouteComplete 디버그] W→C 연결 실패
[AI 경로] 컴퓨터-기차II: W→C (blue 화물, 거리 3)
[getConnectedNeighbors] 결과: 1개 이웃 발견
[isRouteComplete 디버그] 5,3 이웃: 1 개
[getConnectedNeighbors] 결과: 1개 이웃 발견
[isRouteComplete 디버그] 5,2 이웃: 1 개
[isRouteComplete 디버그] W→C 연결 실패
[getConnectedNeighbors] 결과: 1개 이웃 발견
[getConnectedNeighbors] 결과: 0개 이웃 발견
[AI 트랙] 출발지(W) 망에서만 확장 후보 탐색 (순차 건설 강제)
[getConnectedNeighbors] 결과: 1개 이웃 발견
[getConnectedNeighbors] 결과: 1개 이웃 발견
[getConnectedNeighbors] 결과: 1개 이웃 발견
[getConnectedNeighbors] 결과: 1개 이웃 발견
[getConnectedNeighbors] 결과: 1개 이웃 발견
[getConnectedNeighbors] 결과: 1개 이웃 발견
[getConnectedNeighbors] 결과: 1개 이웃 발견
[getConnectedNeighbors] 결과: 1개 이웃 발견
[getConnectedNeighbors] 결과: 1개 이웃 발견
[getConnectedNeighbors] 결과: 1개 이웃 발견
[getConnectedNeighbors] 결과: 1개 이웃 발견
[getConnectedNeighbors] 결과: 1개 이웃 발견
[getConnectedNeighbors] 결과: 1개 이웃 발견
[getConnectedNeighbors] 결과: 1개 이웃 발견
[getConnectedNeighbors] 결과: 1개 이웃 발견
[getConnectedNeighbors] 결과: 1개 이웃 발견
[getConnectedNeighbors] 결과: 1개 이웃 발견
[getConnectedNeighbors] 결과: 1개 이웃 발견
[getConnectedNeighbors] 결과: 1개 이웃 발견
[getConnectedNeighbors] 결과: 1개 이웃 발견
[getConnectedNeighbors] 결과: 1개 이웃 발견
[getConnectedNeighbors] 결과: 1개 이웃 발견
[getConnectedNeighbors] 결과: 1개 이웃 발견
[getConnectedNeighbors] 결과: 1개 이웃 발견
[getConnectedNeighbors] 결과: 1개 이웃 발견
[getConnectedNeighbors] 결과: 1개 이웃 발견
[getConnectedNeighbors] 결과: 1개 이웃 발견
[getConnectedNeighbors] 결과: 1개 이웃 발견
[getConnectedNeighbors] 결과: 1개 이웃 발견
[getConnectedNeighbors] 결과: 1개 이웃 발견
[getConnectedNeighbors] 결과: 1개 이웃 발견
[getConnectedNeighbors] 결과: 1개 이웃 발견
[getConnectedNeighbors] 결과: 1개 이웃 발견
[getConnectedNeighbors] 결과: 1개 이웃 발견
[getConnectedNeighbors] 결과: 1개 이웃 발견
[getConnectedNeighbors] 결과: 1개 이웃 발견
[getConnectedNeighbors] 결과: 1개 이웃 발견
[getConnectedNeighbors] 결과: 1개 이웃 발견
[getConnectedNeighbors] 결과: 1개 이웃 발견
[getConnectedNeighbors] 결과: 0개 이웃 발견
[getConnectedNeighbors] 결과: 1개 이웃 발견
[getConnectedNeighbors] 결과: 1개 이웃 발견
[getConnectedNeighbors] 결과: 1개 이웃 발견
[getConnectedNeighbors] 결과: 1개 이웃 발견
[getConnectedNeighbors] 결과: 1개 이웃 발견
[getConnectedNeighbors] 결과: 1개 이웃 발견
[getConnectedNeighbors] 결과: 1개 이웃 발견
[getConnectedNeighbors] 결과: 1개 이웃 발견
[getConnectedNeighbors] 결과: 1개 이웃 발견
[getConnectedNeighbors] 결과: 1개 이웃 발견
[getConnectedNeighbors] 결과: 1개 이웃 발견
[getConnectedNeighbors] 결과: 1개 이웃 발견
[getConnectedNeighbors] 결과: 1개 이웃 발견
[getConnectedNeighbors] 결과: 1개 이웃 발견
[getConnectedNeighbors] 결과: 1개 이웃 발견
[getConnectedNeighbors] 결과: 1개 이웃 발견
[getConnectedNeighbors] 결과: 1개 이웃 발견
[getConnectedNeighbors] 결과: 1개 이웃 발견
[getConnectedNeighbors] 결과: 1개 이웃 발견
[getConnectedNeighbors] 결과: 1개 이웃 발견
[getConnectedNeighbors] 결과: 1개 이웃 발견
[getConnectedNeighbors] 결과: 1개 이웃 발견
[getConnectedNeighbors] 결과: 1개 이웃 발견
[getConnectedNeighbors] 결과: 1개 이웃 발견
[getConnectedNeighbors] 결과: 1개 이웃 발견
[getConnectedNeighbors] 결과: 1개 이웃 발견
[getConnectedNeighbors] 결과: 1개 이웃 발견
[getConnectedNeighbors] 결과: 1개 이웃 발견
[getConnectedNeighbors] 결과: 1개 이웃 발견
[getConnectedNeighbors] 결과: 1개 이웃 발견
[getConnectedNeighbors] 결과: 1개 이웃 발견
[getConnectedNeighbors] 결과: 1개 이웃 발견
[getConnectedNeighbors] 결과: 1개 이웃 발견
[getConnectedNeighbors] 결과: 1개 이웃 발견
[getConnectedNeighbors] 결과: 1개 이웃 발견
[getConnectedNeighbors] 결과: 1개 이웃 발견
[getConnectedNeighbors] 결과: 1개 이웃 발견
[getConnectedNeighbors] 결과: 1개 이웃 발견
[AI 트랙] 컴퓨터-기차II: 건설 (4,1) edges=[1,5] $2 총점=5533.0 [의도: 목적 도시 연결 완성] (전략=화물 기반 동적 전략, 경로=W→C)
[getConnectedNeighbors] 결과: 1개 이웃 발견
[isRouteComplete 디버그] 5,3 이웃: 1 개
  edge 4: 이웃 (4, 1) 트랙 확인, 소유자 매칭 성공! 필요한 entryEdge: 1
[getConnectedNeighbors] 결과: 2개 이웃 발견
[isRouteComplete 디버그] 5,2 이웃: 2 개
  edge 1: 이웃 (5, 2) 트랙 확인, 소유자 매칭 성공! 필요한 entryEdge: 4
[getConnectedNeighbors] 결과: 2개 이웃 발견
[isRouteComplete 디버그] 4,1 이웃: 2 개
[isRouteComplete 디버그] W→C 연결 찾음!
[AI 경로] W→C 경로 완성됨!
[AI 경로] 컴퓨터-기차II: 경로 W→C 완성됨, 새 경로 탐색
[getConnectedNeighbors] 결과: 1개 이웃 발견
[isRouteComplete 디버그] 5,3 이웃: 1 개
  edge 4: 이웃 (4, 1) 트랙 확인, 소유자 매칭 성공! 필요한 entryEdge: 1
[getConnectedNeighbors] 결과: 2개 이웃 발견
[isRouteComplete 디버그] 5,2 이웃: 2 개
  edge 1: 이웃 (5, 2) 트랙 확인, 소유자 매칭 성공! 필요한 entryEdge: 4
[getConnectedNeighbors] 결과: 2개 이웃 발견
[isRouteComplete 디버그] 4,1 이웃: 2 개
[isRouteComplete 디버그] W→C 연결 찾음!
[AI 경로] 컴퓨터-기차II: 모든 배달 기회가 이미 연결되어 있음
[AI 경로] 컴퓨터-기차II: 네트워크 확장 C→O
[getConnectedNeighbors] 결과: 1개 이웃 발견
[isRouteComplete 디버그] 5,3 이웃: 1 개
  edge 4: 이웃 (4, 1) 트랙 확인, 소유자 매칭 성공! 필요한 entryEdge: 1
[getConnectedNeighbors] 결과: 2개 이웃 발견
[isRouteComplete 디버그] 5,2 이웃: 2 개
  edge 1: 이웃 (5, 2) 트랙 확인, 소유자 매칭 성공! 필요한 entryEdge: 4
[getConnectedNeighbors] 결과: 2개 이웃 발견
[isRouteComplete 디버그] 4,1 이웃: 2 개
[isRouteComplete 디버그] W→C 연결 찾음!
[AI 경로] 컴퓨터-기차II: 모든 배달 기회가 이미 연결되어 있음
[AI 경로] 컴퓨터-기차II: 네트워크 확장 C→O
[getConnectedNeighbors] 결과: 1개 이웃 발견
[isRouteComplete 디버그] 5,0 이웃: 1 개
  edge 1: 이웃 (5, 2) 트랙 확인, 소유자 매칭 성공! 필요한 entryEdge: 4
[getConnectedNeighbors] 결과: 2개 이웃 발견
[isRouteComplete 디버그] 4,1 이웃: 2 개
  edge 4: 이웃 (4, 1) 트랙 확인, 소유자 매칭 성공! 필요한 entryEdge: 1
[getConnectedNeighbors] 결과: 2개 이웃 발견
[isRouteComplete 디버그] 5,2 이웃: 2 개
[getConnectedNeighbors] 결과: 1개 이웃 발견
[isRouteComplete 디버그] 5,3 이웃: 1 개
[isRouteComplete 디버그] C→O 연결 실패
[getConnectedNeighbors] 결과: 1개 이웃 발견
  edge 1: 이웃 (5, 2) 트랙 확인, 소유자 매칭 성공! 필요한 entryEdge: 4
[getConnectedNeighbors] 결과: 1개 이웃 발견
[getConnectedNeighbors] 결과: 1개 이웃 발견
[getConnectedNeighbors] 결과: 0개 이웃 발견
[AI 트랙] 출발지(C) 망에서만 확장 후보 탐색 (순차 건설 강제)
[getConnectedNeighbors] 결과: 1개 이웃 발견
  edge 1: 이웃 (5, 2) 트랙 확인, 소유자 매칭 성공! 필요한 entryEdge: 4
[getConnectedNeighbors] 결과: 2개 이웃 발견
  edge 4: 이웃 (4, 1) 트랙 확인, 소유자 매칭 성공! 필요한 entryEdge: 1
[getConnectedNeighbors] 결과: 2개 이웃 발견
[getConnectedNeighbors] 결과: 1개 이웃 발견
[getConnectedNeighbors] 결과: 1개 이웃 발견
  edge 1: 이웃 (5, 2) 트랙 확인, 소유자 매칭 성공! 필요한 entryEdge: 4
[getConnectedNeighbors] 결과: 2개 이웃 발견
  edge 4: 이웃 (4, 1) 트랙 확인, 소유자 매칭 성공! 필요한 entryEdge: 1
[getConnectedNeighbors] 결과: 2개 이웃 발견
[getConnectedNeighbors] 결과: 1개 이웃 발견
[getConnectedNeighbors] 결과: 1개 이웃 발견
  edge 1: 이웃 (5, 2) 트랙 확인, 소유자 매칭 성공! 필요한 entryEdge: 4
[getConnectedNeighbors] 결과: 2개 이웃 발견
  edge 4: 이웃 (4, 1) 트랙 확인, 소유자 매칭 성공! 필요한 entryEdge: 1
[getConnectedNeighbors] 결과: 2개 이웃 발견
[getConnectedNeighbors] 결과: 1개 이웃 발견
[getConnectedNeighbors] 결과: 1개 이웃 발견
  edge 1: 이웃 (5, 2) 트랙 확인, 소유자 매칭 성공! 필요한 entryEdge: 4
[getConnectedNeighbors] 결과: 2개 이웃 발견
  edge 4: 이웃 (4, 1) 트랙 확인, 소유자 매칭 성공! 필요한 entryEdge: 1
[getConnectedNeighbors] 결과: 2개 이웃 발견
[getConnectedNeighbors] 결과: 1개 이웃 발견
[getConnectedNeighbors] 결과: 1개 이웃 발견
  edge 1: 이웃 (5, 2) 트랙 확인, 소유자 매칭 성공! 필요한 entryEdge: 4
[getConnectedNeighbors] 결과: 2개 이웃 발견
  edge 4: 이웃 (4, 1) 트랙 확인, 소유자 매칭 성공! 필요한 entryEdge: 1
[getConnectedNeighbors] 결과: 2개 이웃 발견
[getConnectedNeighbors] 결과: 1개 이웃 발견
[getConnectedNeighbors] 결과: 1개 이웃 발견
  edge 1: 이웃 (5, 2) 트랙 확인, 소유자 매칭 성공! 필요한 entryEdge: 4
[getConnectedNeighbors] 결과: 2개 이웃 발견
  edge 4: 이웃 (4, 1) 트랙 확인, 소유자 매칭 성공! 필요한 entryEdge: 1
[getConnectedNeighbors] 결과: 2개 이웃 발견
[getConnectedNeighbors] 결과: 1개 이웃 발견
[getConnectedNeighbors] 결과: 1개 이웃 발견
  edge 1: 이웃 (5, 2) 트랙 확인, 소유자 매칭 성공! 필요한 entryEdge: 4
[getConnectedNeighbors] 결과: 2개 이웃 발견
  edge 4: 이웃 (4, 1) 트랙 확인, 소유자 매칭 성공! 필요한 entryEdge: 1
[getConnectedNeighbors] 결과: 2개 이웃 발견
[getConnectedNeighbors] 결과: 1개 이웃 발견
[getConnectedNeighbors] 결과: 1개 이웃 발견
  edge 1: 이웃 (5, 2) 트랙 확인, 소유자 매칭 성공! 필요한 entryEdge: 4
[getConnectedNeighbors] 결과: 1개 이웃 발견
[getConnectedNeighbors] 결과: 1개 이웃 발견
[getConnectedNeighbors] 결과: 0개 이웃 발견
[getConnectedNeighbors] 결과: 1개 이웃 발견
  edge 1: 이웃 (5, 2) 트랙 확인, 소유자 매칭 성공! 필요한 entryEdge: 4
[getConnectedNeighbors] 결과: 2개 이웃 발견
  edge 4: 이웃 (4, 1) 트랙 확인, 소유자 매칭 성공! 필요한 entryEdge: 1
[getConnectedNeighbors] 결과: 2개 이웃 발견
[getConnectedNeighbors] 결과: 1개 이웃 발견
[getConnectedNeighbors] 결과: 1개 이웃 발견
  edge 1: 이웃 (5, 2) 트랙 확인, 소유자 매칭 성공! 필요한 entryEdge: 4
[getConnectedNeighbors] 결과: 2개 이웃 발견
  edge 4: 이웃 (4, 1) 트랙 확인, 소유자 매칭 성공! 필요한 entryEdge: 1
[getConnectedNeighbors] 결과: 2개 이웃 발견
[getConnectedNeighbors] 결과: 1개 이웃 발견
[getConnectedNeighbors] 결과: 1개 이웃 발견
  edge 1: 이웃 (5, 2) 트랙 확인, 소유자 매칭 성공! 필요한 entryEdge: 4
[getConnectedNeighbors] 결과: 2개 이웃 발견
  edge 4: 이웃 (4, 1) 트랙 확인, 소유자 매칭 성공! 필요한 entryEdge: 1
[getConnectedNeighbors] 결과: 2개 이웃 발견
[getConnectedNeighbors] 결과: 1개 이웃 발견
[getConnectedNeighbors] 결과: 1개 이웃 발견
  edge 1: 이웃 (5, 2) 트랙 확인, 소유자 매칭 성공! 필요한 entryEdge: 4
[getConnectedNeighbors] 결과: 2개 이웃 발견
  edge 4: 이웃 (4, 1) 트랙 확인, 소유자 매칭 성공! 필요한 entryEdge: 1
[getConnectedNeighbors] 결과: 2개 이웃 발견
[getConnectedNeighbors] 결과: 1개 이웃 발견
[getConnectedNeighbors] 결과: 1개 이웃 발견
  edge 1: 이웃 (5, 2) 트랙 확인, 소유자 매칭 성공! 필요한 entryEdge: 4
[getConnectedNeighbors] 결과: 2개 이웃 발견
  edge 4: 이웃 (4, 1) 트랙 확인, 소유자 매칭 성공! 필요한 entryEdge: 1
[getConnectedNeighbors] 결과: 2개 이웃 발견
[getConnectedNeighbors] 결과: 1개 이웃 발견
[getConnectedNeighbors] 결과: 1개 이웃 발견
  edge 1: 이웃 (5, 2) 트랙 확인, 소유자 매칭 성공! 필요한 entryEdge: 4
[getConnectedNeighbors] 결과: 2개 이웃 발견
  edge 4: 이웃 (4, 1) 트랙 확인, 소유자 매칭 성공! 필요한 entryEdge: 1
[getConnectedNeighbors] 결과: 2개 이웃 발견
[getConnectedNeighbors] 결과: 1개 이웃 발견
[getConnectedNeighbors] 결과: 1개 이웃 발견
  edge 1: 이웃 (5, 2) 트랙 확인, 소유자 매칭 성공! 필요한 entryEdge: 4
[getConnectedNeighbors] 결과: 2개 이웃 발견
  edge 4: 이웃 (4, 1) 트랙 확인, 소유자 매칭 성공! 필요한 entryEdge: 1
[getConnectedNeighbors] 결과: 2개 이웃 발견
[getConnectedNeighbors] 결과: 1개 이웃 발견
[AI 트랙] 컴퓨터-기차II: 건설 (4,0) edges=[0,3] $2 총점=530.0 [의도: 출발 도시 연결] (전략=화물 기반 동적 전략, 경로=C→O)

 [32m✓[39m src/ai/strategy/__tests__/debug_build.test.ts [2m([22m[2m4 tests[22m[2m | [22m[33m3 skipped[39m[2m)[22m[32m 17[2mms[22m[39m

[2m Test Files [22m [1m[32m1 passed[39m[22m[90m (1)[39m
[2m      Tests [22m [1m[32m1 passed[39m[22m[2m | [22m[33m3 skipped[39m[90m (4)[39m
[2m   Start at [22m 16:43:14
[2m   Duration [22m 141ms

[1m[42m PASS [49m[22m [32mWaiting for file changes...[39m
       [2mpress [22m[1mh[22m[2m to show help[22m[2m, [22m[2mpress [22m[1mq[22m[2m to quit[22m
c[3J[1m[44m RERUN [49m[22m [34m[2msrc/ai/strategies/buildTrack.ts [22m[34mx5 [34m[39m
       [2m Filename pattern: [22m[34msrc/ai/strategy/__tests__/debug_build.test.ts[39m
       [2m Test name pattern: [22m[34m/연속 건설/[39m

[90mstdout[2m | src/ai/strategy/__tests__/debug_build.test.ts[2m > [22m[2mAI Build Sequential & Anti-Fragment Verification[2m > [22m[2m연속 건설(Continuity) 검증: 한 턴 내 3개 트랙이 끊기지 않고 이어져야 함
[22m[39m[getConnectedNeighbors] 결과: 0개 이웃 발견
[isRouteComplete 디버그] 5,3 이웃: 0 개
[isRouteComplete 디버그] W→C 연결 실패
[AI 경로] 컴퓨터-기차II: W→C (blue 화물, 거리 3)
[getConnectedNeighbors] 결과: 0개 이웃 발견
[isRouteComplete 디버그] 5,3 이웃: 0 개
[isRouteComplete 디버그] W→C 연결 실패
[AI 경로] 컴퓨터-기차II: W→C (blue 화물, 거리 3)
[getConnectedNeighbors] 결과: 0개 이웃 발견
[isRouteComplete 디버그] 5,3 이웃: 0 개
[isRouteComplete 디버그] W→C 연결 실패
[AI 트랙] 첫 트랙: W 도시에서 시작
[getConnectedNeighbors] 결과: 0개 이웃 발견
[getConnectedNeighbors] 결과: 0개 이웃 발견
[getConnectedNeighbors] 결과: 0개 이웃 발견
[getConnectedNeighbors] 결과: 0개 이웃 발견
[getConnectedNeighbors] 결과: 0개 이웃 발견
[getConnectedNeighbors] 결과: 0개 이웃 발견
[getConnectedNeighbors] 결과: 0개 이웃 발견
[getConnectedNeighbors] 결과: 0개 이웃 발견
[getConnectedNeighbors] 결과: 0개 이웃 발견
[getConnectedNeighbors] 결과: 0개 이웃 발견
[getConnectedNeighbors] 결과: 0개 이웃 발견
[getConnectedNeighbors] 결과: 0개 이웃 발견
[getConnectedNeighbors] 결과: 0개 이웃 발견
[getConnectedNeighbors] 결과: 0개 이웃 발견
[getConnectedNeighbors] 결과: 0개 이웃 발견
[getConnectedNeighbors] 결과: 0개 이웃 발견
[getConnectedNeighbors] 결과: 0개 이웃 발견
[getConnectedNeighbors] 결과: 0개 이웃 발견
[getConnectedNeighbors] 결과: 0개 이웃 발견
[AI 트랙] 컴퓨터-기차II: 건설 (5,2) edges=[1,4] $2 총점=1951.0 [의도: 출발 도시 연결] (전략=화물 기반 동적 전략, 경로=W→C)
[getConnectedNeighbors] 결과: 1개 이웃 발견
[isRouteComplete 디버그] 5,3 이웃: 1 개
[getConnectedNeighbors] 결과: 1개 이웃 발견
[isRouteComplete 디버그] 5,2 이웃: 1 개
[isRouteComplete 디버그] W→C 연결 실패
[AI 경로] 컴퓨터-기차II: 현재 경로 W→C 유지 (진행도: 33%)
[getConnectedNeighbors] 결과: 1개 이웃 발견
[isRouteComplete 디버그] 5,3 이웃: 1 개
[getConnectedNeighbors] 결과: 1개 이웃 발견
[isRouteComplete 디버그] 5,2 이웃: 1 개
[isRouteComplete 디버그] W→C 연결 실패
[AI 경로] 컴퓨터-기차II: W→C (blue 화물, 거리 3)
[getConnectedNeighbors] 결과: 1개 이웃 발견
[isRouteComplete 디버그] 5,3 이웃: 1 개
[getConnectedNeighbors] 결과: 1개 이웃 발견
[isRouteComplete 디버그] 5,2 이웃: 1 개
[isRouteComplete 디버그] W→C 연결 실패
[getConnectedNeighbors] 결과: 1개 이웃 발견
[getConnectedNeighbors] 결과: 0개 이웃 발견
[AI 트랙] 출발지(W) 망에서만 확장 후보 탐색 (순차 건설 강제)
[getConnectedNeighbors] 결과: 1개 이웃 발견
[getConnectedNeighbors] 결과: 1개 이웃 발견
[getConnectedNeighbors] 결과: 1개 이웃 발견
[getConnectedNeighbors] 결과: 1개 이웃 발견
[getConnectedNeighbors] 결과: 1개 이웃 발견
[getConnectedNeighbors] 결과: 1개 이웃 발견
[getConnectedNeighbors] 결과: 1개 이웃 발견
[getConnectedNeighbors] 결과: 1개 이웃 발견
[getConnectedNeighbors] 결과: 1개 이웃 발견
[getConnectedNeighbors] 결과: 1개 이웃 발견
[getConnectedNeighbors] 결과: 1개 이웃 발견
[getConnectedNeighbors] 결과: 1개 이웃 발견
[getConnectedNeighbors] 결과: 1개 이웃 발견
[getConnectedNeighbors] 결과: 1개 이웃 발견
[getConnectedNeighbors] 결과: 1개 이웃 발견
[getConnectedNeighbors] 결과: 1개 이웃 발견
[getConnectedNeighbors] 결과: 1개 이웃 발견
[getConnectedNeighbors] 결과: 1개 이웃 발견
[getConnectedNeighbors] 결과: 1개 이웃 발견
[getConnectedNeighbors] 결과: 1개 이웃 발견
[getConnectedNeighbors] 결과: 1개 이웃 발견
[getConnectedNeighbors] 결과: 1개 이웃 발견
[getConnectedNeighbors] 결과: 1개 이웃 발견
[getConnectedNeighbors] 결과: 1개 이웃 발견
[getConnectedNeighbors] 결과: 1개 이웃 발견
[getConnectedNeighbors] 결과: 1개 이웃 발견
[getConnectedNeighbors] 결과: 1개 이웃 발견
[getConnectedNeighbors] 결과: 1개 이웃 발견
[getConnectedNeighbors] 결과: 1개 이웃 발견
[getConnectedNeighbors] 결과: 1개 이웃 발견
[getConnectedNeighbors] 결과: 1개 이웃 발견
[getConnectedNeighbors] 결과: 1개 이웃 발견
[getConnectedNeighbors] 결과: 1개 이웃 발견
[getConnectedNeighbors] 결과: 1개 이웃 발견
[getConnectedNeighbors] 결과: 1개 이웃 발견
[getConnectedNeighbors] 결과: 1개 이웃 발견
[getConnectedNeighbors] 결과: 1개 이웃 발견
[getConnectedNeighbors] 결과: 1개 이웃 발견
[getConnectedNeighbors] 결과: 1개 이웃 발견
[getConnectedNeighbors] 결과: 0개 이웃 발견
[getConnectedNeighbors] 결과: 1개 이웃 발견
[getConnectedNeighbors] 결과: 1개 이웃 발견
[getConnectedNeighbors] 결과: 1개 이웃 발견
[getConnectedNeighbors] 결과: 1개 이웃 발견
[getConnectedNeighbors] 결과: 1개 이웃 발견
[getConnectedNeighbors] 결과: 1개 이웃 발견
[getConnectedNeighbors] 결과: 1개 이웃 발견
[getConnectedNeighbors] 결과: 1개 이웃 발견
[getConnectedNeighbors] 결과: 1개 이웃 발견
[getConnectedNeighbors] 결과: 1개 이웃 발견
[getConnectedNeighbors] 결과: 1개 이웃 발견
[getConnectedNeighbors] 결과: 1개 이웃 발견
[getConnectedNeighbors] 결과: 1개 이웃 발견
[getConnectedNeighbors] 결과: 1개 이웃 발견
[getConnectedNeighbors] 결과: 1개 이웃 발견
[getConnectedNeighbors] 결과: 1개 이웃 발견
[getConnectedNeighbors] 결과: 1개 이웃 발견
[getConnectedNeighbors] 결과: 1개 이웃 발견
[getConnectedNeighbors] 결과: 1개 이웃 발견
[getConnectedNeighbors] 결과: 1개 이웃 발견
[getConnectedNeighbors] 결과: 1개 이웃 발견
[getConnectedNeighbors] 결과: 1개 이웃 발견
[getConnectedNeighbors] 결과: 1개 이웃 발견
[getConnectedNeighbors] 결과: 1개 이웃 발견
[getConnectedNeighbors] 결과: 1개 이웃 발견
[getConnectedNeighbors] 결과: 1개 이웃 발견
[getConnectedNeighbors] 결과: 1개 이웃 발견
[getConnectedNeighbors] 결과: 1개 이웃 발견
[getConnectedNeighbors] 결과: 1개 이웃 발견
[getConnectedNeighbors] 결과: 1개 이웃 발견
[getConnectedNeighbors] 결과: 1개 이웃 발견
[getConnectedNeighbors] 결과: 1개 이웃 발견
[getConnectedNeighbors] 결과: 1개 이웃 발견
[getConnectedNeighbors] 결과: 1개 이웃 발견
[getConnectedNeighbors] 결과: 1개 이웃 발견
[getConnectedNeighbors] 결과: 1개 이웃 발견
[getConnectedNeighbors] 결과: 1개 이웃 발견
[getConnectedNeighbors] 결과: 1개 이웃 발견
[AI 트랙] 컴퓨터-기차II: 건설 (4,1) edges=[1,5] $2 총점=5533.0 [의도: 목적 도시 연결 완성] (전략=화물 기반 동적 전략, 경로=W→C)
[getConnectedNeighbors] 결과: 1개 이웃 발견
[isRouteComplete 디버그] 5,3 이웃: 1 개
  edge 4: 이웃 (4, 1) 트랙 확인, 소유자 매칭 성공! 필요한 entryEdge: 1
[getConnectedNeighbors] 결과: 2개 이웃 발견
[isRouteComplete 디버그] 5,2 이웃: 2 개
  edge 1: 이웃 (5, 2) 트랙 확인, 소유자 매칭 성공! 필요한 entryEdge: 4
[getConnectedNeighbors] 결과: 2개 이웃 발견
[isRouteComplete 디버그] 4,1 이웃: 2 개
[isRouteComplete 디버그] W→C 연결 찾음!
[AI 경로] W→C 경로 완성됨!
[AI 경로] 컴퓨터-기차II: 경로 W→C 완성됨, 새 경로 탐색
[getConnectedNeighbors] 결과: 1개 이웃 발견
[isRouteComplete 디버그] 5,3 이웃: 1 개
  edge 4: 이웃 (4, 1) 트랙 확인, 소유자 매칭 성공! 필요한 entryEdge: 1
[getConnectedNeighbors] 결과: 2개 이웃 발견
[isRouteComplete 디버그] 5,2 이웃: 2 개
  edge 1: 이웃 (5, 2) 트랙 확인, 소유자 매칭 성공! 필요한 entryEdge: 4
[getConnectedNeighbors] 결과: 2개 이웃 발견
[isRouteComplete 디버그] 4,1 이웃: 2 개
[isRouteComplete 디버그] W→C 연결 찾음!
[AI 경로] 컴퓨터-기차II: 모든 배달 기회가 이미 연결되어 있음
[AI 경로] 컴퓨터-기차II: 네트워크 확장 C→O
[getConnectedNeighbors] 결과: 1개 이웃 발견
[isRouteComplete 디버그] 5,3 이웃: 1 개
  edge 4: 이웃 (4, 1) 트랙 확인, 소유자 매칭 성공! 필요한 entryEdge: 1
[getConnectedNeighbors] 결과: 2개 이웃 발견
[isRouteComplete 디버그] 5,2 이웃: 2 개
  edge 1: 이웃 (5, 2) 트랙 확인, 소유자 매칭 성공! 필요한 entryEdge: 4
[getConnectedNeighbors] 결과: 2개 이웃 발견
[isRouteComplete 디버그] 4,1 이웃: 2 개
[isRouteComplete 디버그] W→C 연결 찾음!
[AI 경로] 컴퓨터-기차II: 모든 배달 기회가 이미 연결되어 있음
[AI 경로] 컴퓨터-기차II: 네트워크 확장 C→O
[getConnectedNeighbors] 결과: 1개 이웃 발견
[isRouteComplete 디버그] 5,0 이웃: 1 개
  edge 1: 이웃 (5, 2) 트랙 확인, 소유자 매칭 성공! 필요한 entryEdge: 4
[getConnectedNeighbors] 결과: 2개 이웃 발견
[isRouteComplete 디버그] 4,1 이웃: 2 개
  edge 4: 이웃 (4, 1) 트랙 확인, 소유자 매칭 성공! 필요한 entryEdge: 1
[getConnectedNeighbors] 결과: 2개 이웃 발견
[isRouteComplete 디버그] 5,2 이웃: 2 개
[getConnectedNeighbors] 결과: 1개 이웃 발견
[isRouteComplete 디버그] 5,3 이웃: 1 개
[isRouteComplete 디버그] C→O 연결 실패
[getConnectedNeighbors] 결과: 1개 이웃 발견
  edge 1: 이웃 (5, 2) 트랙 확인, 소유자 매칭 성공! 필요한 entryEdge: 4
[getConnectedNeighbors] 결과: 1개 이웃 발견
[getConnectedNeighbors] 결과: 1개 이웃 발견
[getConnectedNeighbors] 결과: 0개 이웃 발견
[AI 트랙] 출발지(C) 망에서만 확장 후보 탐색 (순차 건설 강제)
[getConnectedNeighbors] 결과: 1개 이웃 발견
  edge 1: 이웃 (5, 2) 트랙 확인, 소유자 매칭 성공! 필요한 entryEdge: 4
[getConnectedNeighbors] 결과: 2개 이웃 발견
  edge 4: 이웃 (4, 1) 트랙 확인, 소유자 매칭 성공! 필요한 entryEdge: 1
[getConnectedNeighbors] 결과: 2개 이웃 발견
[getConnectedNeighbors] 결과: 1개 이웃 발견
[getConnectedNeighbors] 결과: 1개 이웃 발견
  edge 1: 이웃 (5, 2) 트랙 확인, 소유자 매칭 성공! 필요한 entryEdge: 4
[getConnectedNeighbors] 결과: 2개 이웃 발견
  edge 4: 이웃 (4, 1) 트랙 확인, 소유자 매칭 성공! 필요한 entryEdge: 1
[getConnectedNeighbors] 결과: 2개 이웃 발견
[getConnectedNeighbors] 결과: 1개 이웃 발견
[getConnectedNeighbors] 결과: 1개 이웃 발견
  edge 1: 이웃 (5, 2) 트랙 확인, 소유자 매칭 성공! 필요한 entryEdge: 4
[getConnectedNeighbors] 결과: 2개 이웃 발견
  edge 4: 이웃 (4, 1) 트랙 확인, 소유자 매칭 성공! 필요한 entryEdge: 1
[getConnectedNeighbors] 결과: 2개 이웃 발견
[getConnectedNeighbors] 결과: 1개 이웃 발견
[getConnectedNeighbors] 결과: 1개 이웃 발견
  edge 1: 이웃 (5, 2) 트랙 확인, 소유자 매칭 성공! 필요한 entryEdge: 4
[getConnectedNeighbors] 결과: 2개 이웃 발견
  edge 4: 이웃 (4, 1) 트랙 확인, 소유자 매칭 성공! 필요한 entryEdge: 1
[getConnectedNeighbors] 결과: 2개 이웃 발견
[getConnectedNeighbors] 결과: 1개 이웃 발견
[getConnectedNeighbors] 결과: 1개 이웃 발견
  edge 1: 이웃 (5, 2) 트랙 확인, 소유자 매칭 성공! 필요한 entryEdge: 4
[getConnectedNeighbors] 결과: 2개 이웃 발견
  edge 4: 이웃 (4, 1) 트랙 확인, 소유자 매칭 성공! 필요한 entryEdge: 1
[getConnectedNeighbors] 결과: 2개 이웃 발견
[getConnectedNeighbors] 결과: 1개 이웃 발견
[getConnectedNeighbors] 결과: 1개 이웃 발견
  edge 1: 이웃 (5, 2) 트랙 확인, 소유자 매칭 성공! 필요한 entryEdge: 4
[getConnectedNeighbors] 결과: 2개 이웃 발견
  edge 4: 이웃 (4, 1) 트랙 확인, 소유자 매칭 성공! 필요한 entryEdge: 1
[getConnectedNeighbors] 결과: 2개 이웃 발견
[getConnectedNeighbors] 결과: 1개 이웃 발견
[getConnectedNeighbors] 결과: 1개 이웃 발견
  edge 1: 이웃 (5, 2) 트랙 확인, 소유자 매칭 성공! 필요한 entryEdge: 4
[getConnectedNeighbors] 결과: 2개 이웃 발견
  edge 4: 이웃 (4, 1) 트랙 확인, 소유자 매칭 성공! 필요한 entryEdge: 1
[getConnectedNeighbors] 결과: 2개 이웃 발견
[getConnectedNeighbors] 결과: 1개 이웃 발견
[getConnectedNeighbors] 결과: 1개 이웃 발견
  edge 1: 이웃 (5, 2) 트랙 확인, 소유자 매칭 성공! 필요한 entryEdge: 4
[getConnectedNeighbors] 결과: 1개 이웃 발견
[getConnectedNeighbors] 결과: 1개 이웃 발견
[getConnectedNeighbors] 결과: 0개 이웃 발견
[getConnectedNeighbors] 결과: 1개 이웃 발견
  edge 1: 이웃 (5, 2) 트랙 확인, 소유자 매칭 성공! 필요한 entryEdge: 4
[getConnectedNeighbors] 결과: 2개 이웃 발견
  edge 4: 이웃 (4, 1) 트랙 확인, 소유자 매칭 성공! 필요한 entryEdge: 1
[getConnectedNeighbors] 결과: 2개 이웃 발견
[getConnectedNeighbors] 결과: 1개 이웃 발견
[getConnectedNeighbors] 결과: 1개 이웃 발견
  edge 1: 이웃 (5, 2) 트랙 확인, 소유자 매칭 성공! 필요한 entryEdge: 4
[getConnectedNeighbors] 결과: 2개 이웃 발견
  edge 4: 이웃 (4, 1) 트랙 확인, 소유자 매칭 성공! 필요한 entryEdge: 1
[getConnectedNeighbors] 결과: 2개 이웃 발견
[getConnectedNeighbors] 결과: 1개 이웃 발견
[getConnectedNeighbors] 결과: 1개 이웃 발견
  edge 1: 이웃 (5, 2) 트랙 확인, 소유자 매칭 성공! 필요한 entryEdge: 4
[getConnectedNeighbors] 결과: 2개 이웃 발견
  edge 4: 이웃 (4, 1) 트랙 확인, 소유자 매칭 성공! 필요한 entryEdge: 1
[getConnectedNeighbors] 결과: 2개 이웃 발견
[getConnectedNeighbors] 결과: 1개 이웃 발견
[getConnectedNeighbors] 결과: 1개 이웃 발견
  edge 1: 이웃 (5, 2) 트랙 확인, 소유자 매칭 성공! 필요한 entryEdge: 4
[getConnectedNeighbors] 결과: 2개 이웃 발견
  edge 4: 이웃 (4, 1) 트랙 확인, 소유자 매칭 성공! 필요한 entryEdge: 1
[getConnectedNeighbors] 결과: 2개 이웃 발견
[getConnectedNeighbors] 결과: 1개 이웃 발견
[getConnectedNeighbors] 결과: 1개 이웃 발견
  edge 1: 이웃 (5, 2) 트랙 확인, 소유자 매칭 성공! 필요한 entryEdge: 4
[getConnectedNeighbors] 결과: 2개 이웃 발견
  edge 4: 이웃 (4, 1) 트랙 확인, 소유자 매칭 성공! 필요한 entryEdge: 1
[getConnectedNeighbors] 결과: 2개 이웃 발견
[getConnectedNeighbors] 결과: 1개 이웃 발견
[getConnectedNeighbors] 결과: 1개 이웃 발견
  edge 1: 이웃 (5, 2) 트랙 확인, 소유자 매칭 성공! 필요한 entryEdge: 4
[getConnectedNeighbors] 결과: 2개 이웃 발견
  edge 4: 이웃 (4, 1) 트랙 확인, 소유자 매칭 성공! 필요한 entryEdge: 1
[getConnectedNeighbors] 결과: 2개 이웃 발견
[getConnectedNeighbors] 결과: 1개 이웃 발견
[getConnectedNeighbors] 결과: 1개 이웃 발견
  edge 1: 이웃 (5, 2) 트랙 확인, 소유자 매칭 성공! 필요한 entryEdge: 4
[getConnectedNeighbors] 결과: 2개 이웃 발견
  edge 4: 이웃 (4, 1) 트랙 확인, 소유자 매칭 성공! 필요한 entryEdge: 1
[getConnectedNeighbors] 결과: 2개 이웃 발견
[getConnectedNeighbors] 결과: 1개 이웃 발견
[AI 트랙] 컴퓨터-기차II: 건설 (4,0) edges=[0,3] $2 총점=530.0 [의도: 출발 도시 연결] (전략=화물 기반 동적 전략, 경로=C→O)

 [32m✓[39m src/ai/strategy/__tests__/debug_build.test.ts [2m([22m[2m4 tests[22m[2m | [22m[33m3 skipped[39m[2m)[22m[32m 13[2mms[22m[39m

[2m Test Files [22m [1m[32m1 passed[39m[22m[90m (1)[39m
[2m      Tests [22m [1m[32m1 passed[39m[22m[2m | [22m[33m3 skipped[39m[90m (4)[39m
[2m   Start at [22m 16:43:27
[2m   Duration [22m 198ms

[1m[42m PASS [49m[22m [32mWaiting for file changes...[39m
       [2mpress [22m[1mh[22m[2m to show help[22m[2m, [22m[2mpress [22m[1mq[22m[2m to quit[22m
c[3J[1m[44m RERUN [49m[22m [34m[2msrc/ai/strategies/buildTrack.ts [22m[34mx6 [34m[39m
       [2m Filename pattern: [22m[34msrc/ai/strategy/__tests__/debug_build.test.ts[39m
       [2m Test name pattern: [22m[34m/연속 건설/[39m


[31m⎯⎯⎯⎯⎯⎯[39m[1m[41m Failed Suites 1 [49m[22m[31m⎯⎯⎯⎯⎯⎯⎯[39m

[41m[1m FAIL [22m[49m src/ai/strategy/__tests__/debug_build.test.ts[2m [ src/ai/strategy/__tests__/debug_build.test.ts ][22m
[31m[1mError[22m: Transform failed with 1 error:
/Users/dalelee/Desktop/aos-showcase/src/ai/strategies/buildTrack.ts:100:10: ERROR: The symbol "isAlreadyConnected" has already been declared[39m
  Plugin: [35mvite:esbuild[39m
  File: [36m/Users/dalelee/Desktop/aos-showcase/src/ai/strategies/buildTrack.ts[39m:100:10
[33m  
  The symbol "isAlreadyConnected" has already been declared
  98  |  
  99  |      // [수정] 경로가 이미 완성되었는지 확인 (내 트랙만으로 연결되었거나, 타사 트랙 포함해서라도 연결됨)
  100 |      const isAlreadyConnected = isRouteComplete(state, targetRoute);
      |            ^
  101 |  
  102 |      // 이미 완성된 경로라면, 남은 건설 횟수가 있을 경우 '즉시' 다른 경로를 찾도록 유도
  [39m
[90m [2m❯[22m failureErrorWithLog node_modules/esbuild/lib/main.js:[2m1467:15[22m[39m
[90m [2m❯[22m node_modules/esbuild/lib/main.js:[2m736:50[22m[39m
[90m [2m❯[22m responseCallbacks.<computed> node_modules/esbuild/lib/main.js:[2m603:9[22m[39m
[90m [2m❯[22m handleIncomingPacket node_modules/esbuild/lib/main.js:[2m658:12[22m[39m
[90m [2m❯[22m Socket.readFromStdout node_modules/esbuild/lib/main.js:[2m581:7[22m[39m

[31m[2m⎯⎯⎯⎯⎯⎯⎯⎯⎯⎯⎯⎯⎯⎯⎯⎯⎯⎯⎯⎯⎯⎯⎯⎯[1/1]⎯[22m[39m


[2m Test Files [22m [1m[31m1 failed[39m[22m[90m (1)[39m
[2m      Tests [22m [2mno tests[22m
[2m   Start at [22m 16:49:05
[2m   Duration [22m 0ms

[1m[41m FAIL [49m[22m [31mTests failed. Watching for file changes...[39m
       [2mpress [22m[1mh[22m[2m to show help[22m[2m, [22m[2mpress [22m[1mq[22m[2m to quit[22m
c[3J[1m[44m RERUN [49m[22m [34m[2msrc/ai/strategies/buildTrack.ts [22m[34mx7 [34m[39m
       [2m Filename pattern: [22m[34msrc/ai/strategy/__tests__/debug_build.test.ts[39m
       [2m Test name pattern: [22m[34m/연속 건설/[39m

[90mstdout[2m | src/ai/strategy/__tests__/debug_build.test.ts[2m > [22m[2mAI Build Sequential & Anti-Fragment Verification[2m > [22m[2m연속 건설(Continuity) 검증: 한 턴 내 3개 트랙이 끊기지 않고 이어져야 함
[22m[39m[getConnectedNeighbors] 결과: 0개 이웃 발견
[isRouteComplete 디버그] 5,3 이웃: 0 개
[isRouteComplete 디버그] W→C 연결 실패
[AI 경로] 컴퓨터-기차II: W→C (blue 화물, 거리 3)
[getConnectedNeighbors] 결과: 0개 이웃 발견
[isRouteComplete 디버그] 5,3 이웃: 0 개
[isRouteComplete 디버그] W→C 연결 실패
[AI 경로] 컴퓨터-기차II: W→C (blue 화물, 거리 3)
[getConnectedNeighbors] 결과: 0개 이웃 발견
[isRouteComplete 디버그] 5,3 이웃: 0 개
[isRouteComplete 디버그] W→C 연결 실패
[AI 트랙] 첫 트랙: W 도시에서 시작
[getConnectedNeighbors] 결과: 0개 이웃 발견
[getConnectedNeighbors] 결과: 0개 이웃 발견
[getConnectedNeighbors] 결과: 0개 이웃 발견
[getConnectedNeighbors] 결과: 0개 이웃 발견
[getConnectedNeighbors] 결과: 0개 이웃 발견
[getConnectedNeighbors] 결과: 0개 이웃 발견
[getConnectedNeighbors] 결과: 0개 이웃 발견
[getConnectedNeighbors] 결과: 0개 이웃 발견
[getConnectedNeighbors] 결과: 0개 이웃 발견
[getConnectedNeighbors] 결과: 0개 이웃 발견
[getConnectedNeighbors] 결과: 0개 이웃 발견
[getConnectedNeighbors] 결과: 0개 이웃 발견
[getConnectedNeighbors] 결과: 0개 이웃 발견
[getConnectedNeighbors] 결과: 0개 이웃 발견
[getConnectedNeighbors] 결과: 0개 이웃 발견
[getConnectedNeighbors] 결과: 0개 이웃 발견
[getConnectedNeighbors] 결과: 0개 이웃 발견
[getConnectedNeighbors] 결과: 0개 이웃 발견
[getConnectedNeighbors] 결과: 0개 이웃 발견
[AI 트랙] 컴퓨터-기차II: 건설 (5,2) edges=[1,4] $2 총점=1951.0 [의도: 출발 도시 연결] (전략=화물 기반 동적 전략, 경로=W→C)
[getConnectedNeighbors] 결과: 1개 이웃 발견
[isRouteComplete 디버그] 5,3 이웃: 1 개
[getConnectedNeighbors] 결과: 1개 이웃 발견
[isRouteComplete 디버그] 5,2 이웃: 1 개
[isRouteComplete 디버그] W→C 연결 실패
[AI 경로] 컴퓨터-기차II: 현재 경로 W→C 유지 (진행도: 33%)
[getConnectedNeighbors] 결과: 1개 이웃 발견
[isRouteComplete 디버그] 5,3 이웃: 1 개
[getConnectedNeighbors] 결과: 1개 이웃 발견
[isRouteComplete 디버그] 5,2 이웃: 1 개
[isRouteComplete 디버그] W→C 연결 실패
[AI 경로] 컴퓨터-기차II: W→C (blue 화물, 거리 3)
[getConnectedNeighbors] 결과: 1개 이웃 발견
[isRouteComplete 디버그] 5,3 이웃: 1 개
[getConnectedNeighbors] 결과: 1개 이웃 발견
[isRouteComplete 디버그] 5,2 이웃: 1 개
[isRouteComplete 디버그] W→C 연결 실패
[getConnectedNeighbors] 결과: 1개 이웃 발견
[getConnectedNeighbors] 결과: 0개 이웃 발견
[AI 트랙] 출발지(W) 망에서만 확장 후보 탐색 (순차 건설 강제)
[getConnectedNeighbors] 결과: 1개 이웃 발견
[getConnectedNeighbors] 결과: 1개 이웃 발견
[getConnectedNeighbors] 결과: 1개 이웃 발견
[getConnectedNeighbors] 결과: 1개 이웃 발견
[getConnectedNeighbors] 결과: 1개 이웃 발견
[getConnectedNeighbors] 결과: 1개 이웃 발견
[getConnectedNeighbors] 결과: 1개 이웃 발견
[getConnectedNeighbors] 결과: 1개 이웃 발견
[getConnectedNeighbors] 결과: 1개 이웃 발견
[getConnectedNeighbors] 결과: 1개 이웃 발견
[getConnectedNeighbors] 결과: 1개 이웃 발견
[getConnectedNeighbors] 결과: 1개 이웃 발견
[getConnectedNeighbors] 결과: 1개 이웃 발견
[getConnectedNeighbors] 결과: 1개 이웃 발견
[getConnectedNeighbors] 결과: 1개 이웃 발견
[getConnectedNeighbors] 결과: 1개 이웃 발견
[getConnectedNeighbors] 결과: 1개 이웃 발견
[getConnectedNeighbors] 결과: 1개 이웃 발견
[getConnectedNeighbors] 결과: 1개 이웃 발견
[getConnectedNeighbors] 결과: 1개 이웃 발견
[getConnectedNeighbors] 결과: 1개 이웃 발견
[getConnectedNeighbors] 결과: 1개 이웃 발견
[getConnectedNeighbors] 결과: 1개 이웃 발견
[getConnectedNeighbors] 결과: 1개 이웃 발견
[getConnectedNeighbors] 결과: 1개 이웃 발견
[getConnectedNeighbors] 결과: 1개 이웃 발견
[getConnectedNeighbors] 결과: 1개 이웃 발견
[getConnectedNeighbors] 결과: 1개 이웃 발견
[getConnectedNeighbors] 결과: 1개 이웃 발견
[getConnectedNeighbors] 결과: 1개 이웃 발견
[getConnectedNeighbors] 결과: 1개 이웃 발견
[getConnectedNeighbors] 결과: 1개 이웃 발견
[getConnectedNeighbors] 결과: 1개 이웃 발견
[getConnectedNeighbors] 결과: 1개 이웃 발견
[getConnectedNeighbors] 결과: 1개 이웃 발견
[getConnectedNeighbors] 결과: 1개 이웃 발견
[getConnectedNeighbors] 결과: 1개 이웃 발견
[getConnectedNeighbors] 결과: 1개 이웃 발견
[getConnectedNeighbors] 결과: 1개 이웃 발견
[getConnectedNeighbors] 결과: 0개 이웃 발견
[getConnectedNeighbors] 결과: 1개 이웃 발견
[getConnectedNeighbors] 결과: 1개 이웃 발견
[getConnectedNeighbors] 결과: 1개 이웃 발견
[getConnectedNeighbors] 결과: 1개 이웃 발견
[getConnectedNeighbors] 결과: 1개 이웃 발견
[getConnectedNeighbors] 결과: 1개 이웃 발견
[getConnectedNeighbors] 결과: 1개 이웃 발견
[getConnectedNeighbors] 결과: 1개 이웃 발견
[getConnectedNeighbors] 결과: 1개 이웃 발견
[getConnectedNeighbors] 결과: 1개 이웃 발견
[getConnectedNeighbors] 결과: 1개 이웃 발견
[getConnectedNeighbors] 결과: 1개 이웃 발견
[getConnectedNeighbors] 결과: 1개 이웃 발견
[getConnectedNeighbors] 결과: 1개 이웃 발견
[getConnectedNeighbors] 결과: 1개 이웃 발견
[getConnectedNeighbors] 결과: 1개 이웃 발견
[getConnectedNeighbors] 결과: 1개 이웃 발견
[getConnectedNeighbors] 결과: 1개 이웃 발견
[getConnectedNeighbors] 결과: 1개 이웃 발견
[getConnectedNeighbors] 결과: 1개 이웃 발견
[getConnectedNeighbors] 결과: 1개 이웃 발견
[getConnectedNeighbors] 결과: 1개 이웃 발견
[getConnectedNeighbors] 결과: 1개 이웃 발견
[getConnectedNeighbors] 결과: 1개 이웃 발견
[getConnectedNeighbors] 결과: 1개 이웃 발견
[getConnectedNeighbors] 결과: 1개 이웃 발견
[getConnectedNeighbors] 결과: 1개 이웃 발견
[getConnectedNeighbors] 결과: 1개 이웃 발견
[getConnectedNeighbors] 결과: 1개 이웃 발견
[getConnectedNeighbors] 결과: 1개 이웃 발견
[getConnectedNeighbors] 결과: 1개 이웃 발견
[getConnectedNeighbors] 결과: 1개 이웃 발견
[getConnectedNeighbors] 결과: 1개 이웃 발견
[getConnectedNeighbors] 결과: 1개 이웃 발견
[getConnectedNeighbors] 결과: 1개 이웃 발견
[getConnectedNeighbors] 결과: 1개 이웃 발견
[getConnectedNeighbors] 결과: 1개 이웃 발견
[getConnectedNeighbors] 결과: 1개 이웃 발견
[AI 트랙] 컴퓨터-기차II: 건설 (4,1) edges=[1,5] $2 총점=5533.0 [의도: 목적 도시 연결 완성] (전략=화물 기반 동적 전략, 경로=W→C)
[getConnectedNeighbors] 결과: 1개 이웃 발견
[isRouteComplete 디버그] 5,3 이웃: 1 개
  edge 4: 이웃 (4, 1) 트랙 확인, 소유자 매칭 성공! 필요한 entryEdge: 1
[getConnectedNeighbors] 결과: 2개 이웃 발견
[isRouteComplete 디버그] 5,2 이웃: 2 개
  edge 1: 이웃 (5, 2) 트랙 확인, 소유자 매칭 성공! 필요한 entryEdge: 4
[getConnectedNeighbors] 결과: 2개 이웃 발견
[isRouteComplete 디버그] 4,1 이웃: 2 개
[isRouteComplete 디버그] W→C 연결 찾음!
[AI 경로] W→C 경로 완성됨!
[AI 경로] 컴퓨터-기차II: 경로 W→C 완성됨, 새 경로 탐색
[getConnectedNeighbors] 결과: 1개 이웃 발견
[isRouteComplete 디버그] 5,3 이웃: 1 개
  edge 4: 이웃 (4, 1) 트랙 확인, 소유자 매칭 성공! 필요한 entryEdge: 1
[getConnectedNeighbors] 결과: 2개 이웃 발견
[isRouteComplete 디버그] 5,2 이웃: 2 개
  edge 1: 이웃 (5, 2) 트랙 확인, 소유자 매칭 성공! 필요한 entryEdge: 4
[getConnectedNeighbors] 결과: 2개 이웃 발견
[isRouteComplete 디버그] 4,1 이웃: 2 개
[isRouteComplete 디버그] W→C 연결 찾음!
[AI 경로] 컴퓨터-기차II: 모든 배달 기회가 이미 연결되어 있음
[AI 경로] 컴퓨터-기차II: 네트워크 확장 C→O
[getConnectedNeighbors] 결과: 1개 이웃 발견
[isRouteComplete 디버그] 5,3 이웃: 1 개
  edge 4: 이웃 (4, 1) 트랙 확인, 소유자 매칭 성공! 필요한 entryEdge: 1
[getConnectedNeighbors] 결과: 2개 이웃 발견
[isRouteComplete 디버그] 5,2 이웃: 2 개
  edge 1: 이웃 (5, 2) 트랙 확인, 소유자 매칭 성공! 필요한 entryEdge: 4
[getConnectedNeighbors] 결과: 2개 이웃 발견
[isRouteComplete 디버그] 4,1 이웃: 2 개
[isRouteComplete 디버그] W→C 연결 찾음!
[AI 경로] 컴퓨터-기차II: 모든 배달 기회가 이미 연결되어 있음
[AI 경로] 컴퓨터-기차II: 네트워크 확장 C→O
[getConnectedNeighbors] 결과: 1개 이웃 발견
[isRouteComplete 디버그] 5,0 이웃: 1 개
  edge 1: 이웃 (5, 2) 트랙 확인, 소유자 매칭 성공! 필요한 entryEdge: 4
[getConnectedNeighbors] 결과: 2개 이웃 발견
[isRouteComplete 디버그] 4,1 이웃: 2 개
  edge 4: 이웃 (4, 1) 트랙 확인, 소유자 매칭 성공! 필요한 entryEdge: 1
[getConnectedNeighbors] 결과: 2개 이웃 발견
[isRouteComplete 디버그] 5,2 이웃: 2 개
[getConnectedNeighbors] 결과: 1개 이웃 발견
[isRouteComplete 디버그] 5,3 이웃: 1 개
[isRouteComplete 디버그] C→O 연결 실패
[getConnectedNeighbors] 결과: 1개 이웃 발견
  edge 1: 이웃 (5, 2) 트랙 확인, 소유자 매칭 성공! 필요한 entryEdge: 4
[getConnectedNeighbors] 결과: 1개 이웃 발견
[getConnectedNeighbors] 결과: 1개 이웃 발견
[getConnectedNeighbors] 결과: 0개 이웃 발견
[AI 트랙] 출발지(C) 망에서만 확장 후보 탐색 (순차 건설 강제)
[getConnectedNeighbors] 결과: 1개 이웃 발견
  edge 1: 이웃 (5, 2) 트랙 확인, 소유자 매칭 성공! 필요한 entryEdge: 4
[getConnectedNeighbors] 결과: 2개 이웃 발견
  edge 4: 이웃 (4, 1) 트랙 확인, 소유자 매칭 성공! 필요한 entryEdge: 1
[getConnectedNeighbors] 결과: 2개 이웃 발견
[getConnectedNeighbors] 결과: 1개 이웃 발견
[getConnectedNeighbors] 결과: 1개 이웃 발견
  edge 1: 이웃 (5, 2) 트랙 확인, 소유자 매칭 성공! 필요한 entryEdge: 4
[getConnectedNeighbors] 결과: 2개 이웃 발견
  edge 4: 이웃 (4, 1) 트랙 확인, 소유자 매칭 성공! 필요한 entryEdge: 1
[getConnectedNeighbors] 결과: 2개 이웃 발견
[getConnectedNeighbors] 결과: 1개 이웃 발견
[getConnectedNeighbors] 결과: 1개 이웃 발견
  edge 1: 이웃 (5, 2) 트랙 확인, 소유자 매칭 성공! 필요한 entryEdge: 4
[getConnectedNeighbors] 결과: 2개 이웃 발견
  edge 4: 이웃 (4, 1) 트랙 확인, 소유자 매칭 성공! 필요한 entryEdge: 1
[getConnectedNeighbors] 결과: 2개 이웃 발견
[getConnectedNeighbors] 결과: 1개 이웃 발견
[getConnectedNeighbors] 결과: 1개 이웃 발견
  edge 1: 이웃 (5, 2) 트랙 확인, 소유자 매칭 성공! 필요한 entryEdge: 4
[getConnectedNeighbors] 결과: 2개 이웃 발견
  edge 4: 이웃 (4, 1) 트랙 확인, 소유자 매칭 성공! 필요한 entryEdge: 1
[getConnectedNeighbors] 결과: 2개 이웃 발견
[getConnectedNeighbors] 결과: 1개 이웃 발견
[getConnectedNeighbors] 결과: 1개 이웃 발견
  edge 1: 이웃 (5, 2) 트랙 확인, 소유자 매칭 성공! 필요한 entryEdge: 4
[getConnectedNeighbors] 결과: 2개 이웃 발견
  edge 4: 이웃 (4, 1) 트랙 확인, 소유자 매칭 성공! 필요한 entryEdge: 1
[getConnectedNeighbors] 결과: 2개 이웃 발견
[getConnectedNeighbors] 결과: 1개 이웃 발견
[getConnectedNeighbors] 결과: 1개 이웃 발견
  edge 1: 이웃 (5, 2) 트랙 확인, 소유자 매칭 성공! 필요한 entryEdge: 4
[getConnectedNeighbors] 결과: 2개 이웃 발견
  edge 4: 이웃 (4, 1) 트랙 확인, 소유자 매칭 성공! 필요한 entryEdge: 1
[getConnectedNeighbors] 결과: 2개 이웃 발견
[getConnectedNeighbors] 결과: 1개 이웃 발견
[getConnectedNeighbors] 결과: 1개 이웃 발견
  edge 1: 이웃 (5, 2) 트랙 확인, 소유자 매칭 성공! 필요한 entryEdge: 4
[getConnectedNeighbors] 결과: 2개 이웃 발견
  edge 4: 이웃 (4, 1) 트랙 확인, 소유자 매칭 성공! 필요한 entryEdge: 1
[getConnectedNeighbors] 결과: 2개 이웃 발견
[getConnectedNeighbors] 결과: 1개 이웃 발견
[getConnectedNeighbors] 결과: 1개 이웃 발견
  edge 1: 이웃 (5, 2) 트랙 확인, 소유자 매칭 성공! 필요한 entryEdge: 4
[getConnectedNeighbors] 결과: 1개 이웃 발견
[getConnectedNeighbors] 결과: 1개 이웃 발견
[getConnectedNeighbors] 결과: 0개 이웃 발견
[getConnectedNeighbors] 결과: 1개 이웃 발견
  edge 1: 이웃 (5, 2) 트랙 확인, 소유자 매칭 성공! 필요한 entryEdge: 4
[getConnectedNeighbors] 결과: 2개 이웃 발견
  edge 4: 이웃 (4, 1) 트랙 확인, 소유자 매칭 성공! 필요한 entryEdge: 1
[getConnectedNeighbors] 결과: 2개 이웃 발견
[getConnectedNeighbors] 결과: 1개 이웃 발견
[getConnectedNeighbors] 결과: 1개 이웃 발견
  edge 1: 이웃 (5, 2) 트랙 확인, 소유자 매칭 성공! 필요한 entryEdge: 4
[getConnectedNeighbors] 결과: 2개 이웃 발견
  edge 4: 이웃 (4, 1) 트랙 확인, 소유자 매칭 성공! 필요한 entryEdge: 1
[getConnectedNeighbors] 결과: 2개 이웃 발견
[getConnectedNeighbors] 결과: 1개 이웃 발견
[getConnectedNeighbors] 결과: 1개 이웃 발견
  edge 1: 이웃 (5, 2) 트랙 확인, 소유자 매칭 성공! 필요한 entryEdge: 4
[getConnectedNeighbors] 결과: 2개 이웃 발견
  edge 4: 이웃 (4, 1) 트랙 확인, 소유자 매칭 성공! 필요한 entryEdge: 1
[getConnectedNeighbors] 결과: 2개 이웃 발견
[getConnectedNeighbors] 결과: 1개 이웃 발견
[getConnectedNeighbors] 결과: 1개 이웃 발견
  edge 1: 이웃 (5, 2) 트랙 확인, 소유자 매칭 성공! 필요한 entryEdge: 4
[getConnectedNeighbors] 결과: 2개 이웃 발견
  edge 4: 이웃 (4, 1) 트랙 확인, 소유자 매칭 성공! 필요한 entryEdge: 1
[getConnectedNeighbors] 결과: 2개 이웃 발견
[getConnectedNeighbors] 결과: 1개 이웃 발견
[getConnectedNeighbors] 결과: 1개 이웃 발견
  edge 1: 이웃 (5, 2) 트랙 확인, 소유자 매칭 성공! 필요한 entryEdge: 4
[getConnectedNeighbors] 결과: 2개 이웃 발견
  edge 4: 이웃 (4, 1) 트랙 확인, 소유자 매칭 성공! 필요한 entryEdge: 1
[getConnectedNeighbors] 결과: 2개 이웃 발견
[getConnectedNeighbors] 결과: 1개 이웃 발견
[getConnectedNeighbors] 결과: 1개 이웃 발견
  edge 1: 이웃 (5, 2) 트랙 확인, 소유자 매칭 성공! 필요한 entryEdge: 4
[getConnectedNeighbors] 결과: 2개 이웃 발견
  edge 4: 이웃 (4, 1) 트랙 확인, 소유자 매칭 성공! 필요한 entryEdge: 1
[getConnectedNeighbors] 결과: 2개 이웃 발견
[getConnectedNeighbors] 결과: 1개 이웃 발견
[getConnectedNeighbors] 결과: 1개 이웃 발견
  edge 1: 이웃 (5, 2) 트랙 확인, 소유자 매칭 성공! 필요한 entryEdge: 4
[getConnectedNeighbors] 결과: 2개 이웃 발견
  edge 4: 이웃 (4, 1) 트랙 확인, 소유자 매칭 성공! 필요한 entryEdge: 1
[getConnectedNeighbors] 결과: 2개 이웃 발견
[getConnectedNeighbors] 결과: 1개 이웃 발견
[AI 트랙] 컴퓨터-기차II: 건설 (4,0) edges=[0,3] $2 총점=530.0 [의도: 출발 도시 연결] (전략=화물 기반 동적 전략, 경로=C→O)

 [32m✓[39m src/ai/strategy/__tests__/debug_build.test.ts [2m([22m[2m4 tests[22m[2m | [22m[33m3 skipped[39m[2m)[22m[32m 21[2mms[22m[39m

[2m Test Files [22m [1m[32m1 passed[39m[22m[90m (1)[39m
[2m      Tests [22m [1m[32m1 passed[39m[22m[2m | [22m[33m3 skipped[39m[90m (4)[39m
[2m   Start at [22m 16:49:27
[2m   Duration [22m 265ms

[1m[42m PASS [49m[22m [32mWaiting for file changes...[39m
       [2mpress [22m[1mh[22m[2m to show help[22m[2m, [22m[2mpress [22m[1mq[22m[2m to quit[22m
c[3J[1m[44m RERUN [49m[22m [34m[2msrc/ai/strategy/selector.ts [22m[34mx8 [34m[39m
       [2m Filename pattern: [22m[34msrc/ai/strategy/__tests__/debug_build.test.ts[39m
       [2m Test name pattern: [22m[34m/연속 건설/[39m

[90mstdout[2m | src/ai/strategy/__tests__/debug_build.test.ts[2m > [22m[2mAI Build Sequential & Anti-Fragment Verification[2m > [22m[2m연속 건설(Continuity) 검증: 한 턴 내 3개 트랙이 끊기지 않고 이어져야 함
[22m[39m[getConnectedNeighbors] 결과: 0개 이웃 발견
[isRouteComplete 디버그] 5,3 이웃: 0 개
[isRouteComplete 디버그] W→C 연결 실패
[AI 경로] 컴퓨터-기차II: W→C (blue 화물, 거리 3)
[getConnectedNeighbors] 결과: 0개 이웃 발견
[isRouteComplete 디버그] 5,3 이웃: 0 개
[isRouteComplete 디버그] W→C 연결 실패
[AI 경로] 컴퓨터-기차II: W→C (blue 화물, 거리 3)
[getConnectedNeighbors] 결과: 0개 이웃 발견
[isRouteComplete 디버그] 5,3 이웃: 0 개
[isRouteComplete 디버그] W→C 연결 실패
[AI 트랙] 첫 트랙: W 도시에서 시작
[getConnectedNeighbors] 결과: 0개 이웃 발견
[getConnectedNeighbors] 결과: 0개 이웃 발견
[getConnectedNeighbors] 결과: 0개 이웃 발견
[getConnectedNeighbors] 결과: 0개 이웃 발견
[getConnectedNeighbors] 결과: 0개 이웃 발견
[getConnectedNeighbors] 결과: 0개 이웃 발견
[getConnectedNeighbors] 결과: 0개 이웃 발견
[getConnectedNeighbors] 결과: 0개 이웃 발견
[getConnectedNeighbors] 결과: 0개 이웃 발견
[getConnectedNeighbors] 결과: 0개 이웃 발견
[getConnectedNeighbors] 결과: 0개 이웃 발견
[getConnectedNeighbors] 결과: 0개 이웃 발견
[getConnectedNeighbors] 결과: 0개 이웃 발견
[getConnectedNeighbors] 결과: 0개 이웃 발견
[getConnectedNeighbors] 결과: 0개 이웃 발견
[getConnectedNeighbors] 결과: 0개 이웃 발견
[getConnectedNeighbors] 결과: 0개 이웃 발견
[getConnectedNeighbors] 결과: 0개 이웃 발견
[getConnectedNeighbors] 결과: 0개 이웃 발견
[AI 트랙] 컴퓨터-기차II: 건설 (5,2) edges=[1,4] $2 총점=1951.0 [의도: 출발 도시 연결] (전략=화물 기반 동적 전략, 경로=W→C)
[getConnectedNeighbors] 결과: 1개 이웃 발견
[isRouteComplete 디버그] 5,3 이웃: 1 개
[getConnectedNeighbors] 결과: 1개 이웃 발견
[isRouteComplete 디버그] 5,2 이웃: 1 개
[isRouteComplete 디버그] W→C 연결 실패
[AI 경로] 컴퓨터-기차II: 현재 경로 W→C 유지 (진행도: 33%)
[getConnectedNeighbors] 결과: 1개 이웃 발견
[isRouteComplete 디버그] 5,3 이웃: 1 개
[getConnectedNeighbors] 결과: 1개 이웃 발견
[isRouteComplete 디버그] 5,2 이웃: 1 개
[isRouteComplete 디버그] W→C 연결 실패
[AI 경로] 컴퓨터-기차II: W→C (blue 화물, 거리 3)
[getConnectedNeighbors] 결과: 1개 이웃 발견
[isRouteComplete 디버그] 5,3 이웃: 1 개
[getConnectedNeighbors] 결과: 1개 이웃 발견
[isRouteComplete 디버그] 5,2 이웃: 1 개
[isRouteComplete 디버그] W→C 연결 실패
[getConnectedNeighbors] 결과: 1개 이웃 발견
[getConnectedNeighbors] 결과: 0개 이웃 발견
[AI 트랙] 출발지(W) 망에서만 확장 후보 탐색 (순차 건설 강제)
[getConnectedNeighbors] 결과: 1개 이웃 발견
[getConnectedNeighbors] 결과: 1개 이웃 발견
[getConnectedNeighbors] 결과: 1개 이웃 발견
[getConnectedNeighbors] 결과: 1개 이웃 발견
[getConnectedNeighbors] 결과: 1개 이웃 발견
[getConnectedNeighbors] 결과: 1개 이웃 발견
[getConnectedNeighbors] 결과: 1개 이웃 발견
[getConnectedNeighbors] 결과: 1개 이웃 발견
[getConnectedNeighbors] 결과: 1개 이웃 발견
[getConnectedNeighbors] 결과: 1개 이웃 발견
[getConnectedNeighbors] 결과: 1개 이웃 발견
[getConnectedNeighbors] 결과: 1개 이웃 발견
[getConnectedNeighbors] 결과: 1개 이웃 발견
[getConnectedNeighbors] 결과: 1개 이웃 발견
[getConnectedNeighbors] 결과: 1개 이웃 발견
[getConnectedNeighbors] 결과: 1개 이웃 발견
[getConnectedNeighbors] 결과: 1개 이웃 발견
[getConnectedNeighbors] 결과: 1개 이웃 발견
[getConnectedNeighbors] 결과: 1개 이웃 발견
[getConnectedNeighbors] 결과: 1개 이웃 발견
[getConnectedNeighbors] 결과: 1개 이웃 발견
[getConnectedNeighbors] 결과: 1개 이웃 발견
[getConnectedNeighbors] 결과: 1개 이웃 발견
[getConnectedNeighbors] 결과: 1개 이웃 발견
[getConnectedNeighbors] 결과: 1개 이웃 발견
[getConnectedNeighbors] 결과: 1개 이웃 발견
[getConnectedNeighbors] 결과: 1개 이웃 발견
[getConnectedNeighbors] 결과: 1개 이웃 발견
[getConnectedNeighbors] 결과: 1개 이웃 발견
[getConnectedNeighbors] 결과: 1개 이웃 발견
[getConnectedNeighbors] 결과: 1개 이웃 발견
[getConnectedNeighbors] 결과: 1개 이웃 발견
[getConnectedNeighbors] 결과: 1개 이웃 발견
[getConnectedNeighbors] 결과: 1개 이웃 발견
[getConnectedNeighbors] 결과: 1개 이웃 발견
[getConnectedNeighbors] 결과: 1개 이웃 발견
[getConnectedNeighbors] 결과: 1개 이웃 발견
[getConnectedNeighbors] 결과: 1개 이웃 발견
[getConnectedNeighbors] 결과: 1개 이웃 발견
[getConnectedNeighbors] 결과: 0개 이웃 발견
[getConnectedNeighbors] 결과: 1개 이웃 발견
[getConnectedNeighbors] 결과: 1개 이웃 발견
[getConnectedNeighbors] 결과: 1개 이웃 발견
[getConnectedNeighbors] 결과: 1개 이웃 발견
[getConnectedNeighbors] 결과: 1개 이웃 발견
[getConnectedNeighbors] 결과: 1개 이웃 발견
[getConnectedNeighbors] 결과: 1개 이웃 발견
[getConnectedNeighbors] 결과: 1개 이웃 발견
[getConnectedNeighbors] 결과: 1개 이웃 발견
[getConnectedNeighbors] 결과: 1개 이웃 발견
[getConnectedNeighbors] 결과: 1개 이웃 발견
[getConnectedNeighbors] 결과: 1개 이웃 발견
[getConnectedNeighbors] 결과: 1개 이웃 발견
[getConnectedNeighbors] 결과: 1개 이웃 발견
[getConnectedNeighbors] 결과: 1개 이웃 발견
[getConnectedNeighbors] 결과: 1개 이웃 발견
[getConnectedNeighbors] 결과: 1개 이웃 발견
[getConnectedNeighbors] 결과: 1개 이웃 발견
[getConnectedNeighbors] 결과: 1개 이웃 발견
[getConnectedNeighbors] 결과: 1개 이웃 발견
[getConnectedNeighbors] 결과: 1개 이웃 발견
[getConnectedNeighbors] 결과: 1개 이웃 발견
[getConnectedNeighbors] 결과: 1개 이웃 발견
[getConnectedNeighbors] 결과: 1개 이웃 발견
[getConnectedNeighbors] 결과: 1개 이웃 발견
[getConnectedNeighbors] 결과: 1개 이웃 발견
[getConnectedNeighbors] 결과: 1개 이웃 발견
[getConnectedNeighbors] 결과: 1개 이웃 발견
[getConnectedNeighbors] 결과: 1개 이웃 발견
[getConnectedNeighbors] 결과: 1개 이웃 발견
[getConnectedNeighbors] 결과: 1개 이웃 발견
[getConnectedNeighbors] 결과: 1개 이웃 발견
[getConnectedNeighbors] 결과: 1개 이웃 발견
[getConnectedNeighbors] 결과: 1개 이웃 발견
[getConnectedNeighbors] 결과: 1개 이웃 발견
[getConnectedNeighbors] 결과: 1개 이웃 발견
[getConnectedNeighbors] 결과: 1개 이웃 발견
[getConnectedNeighbors] 결과: 1개 이웃 발견
[AI 트랙] 컴퓨터-기차II: 건설 (4,1) edges=[1,5] $2 총점=5533.0 [의도: 목적 도시 연결 완성] (전략=화물 기반 동적 전략, 경로=W→C)
[getConnectedNeighbors] 결과: 1개 이웃 발견
[isRouteComplete 디버그] 5,3 이웃: 1 개
  edge 4: 이웃 (4, 1) 트랙 확인, 소유자 매칭 성공! 필요한 entryEdge: 1
[getConnectedNeighbors] 결과: 2개 이웃 발견
[isRouteComplete 디버그] 5,2 이웃: 2 개
  edge 1: 이웃 (5, 2) 트랙 확인, 소유자 매칭 성공! 필요한 entryEdge: 4
[getConnectedNeighbors] 결과: 2개 이웃 발견
[isRouteComplete 디버그] 4,1 이웃: 2 개
[isRouteComplete 디버그] W→C 연결 찾음!
[AI 경로] W→C 경로 완성됨!
[AI 경로] 컴퓨터-기차II: 경로 W→C 완성됨, 새 경로 탐색
[getConnectedNeighbors] 결과: 1개 이웃 발견
[isRouteComplete 디버그] 5,3 이웃: 1 개
  edge 4: 이웃 (4, 1) 트랙 확인, 소유자 매칭 성공! 필요한 entryEdge: 1
[getConnectedNeighbors] 결과: 2개 이웃 발견
[isRouteComplete 디버그] 5,2 이웃: 2 개
  edge 1: 이웃 (5, 2) 트랙 확인, 소유자 매칭 성공! 필요한 entryEdge: 4
[getConnectedNeighbors] 결과: 2개 이웃 발견
[isRouteComplete 디버그] 4,1 이웃: 2 개
[isRouteComplete 디버그] W→C 연결 찾음!
[AI 경로] 컴퓨터-기차II: 모든 배달 기회가 이미 연결되어 있음
[AI 경로] 컴퓨터-기차II: 네트워크 확장 C→O
[getConnectedNeighbors] 결과: 1개 이웃 발견
[isRouteComplete 디버그] 5,3 이웃: 1 개
  edge 4: 이웃 (4, 1) 트랙 확인, 소유자 매칭 성공! 필요한 entryEdge: 1
[getConnectedNeighbors] 결과: 2개 이웃 발견
[isRouteComplete 디버그] 5,2 이웃: 2 개
  edge 1: 이웃 (5, 2) 트랙 확인, 소유자 매칭 성공! 필요한 entryEdge: 4
[getConnectedNeighbors] 결과: 2개 이웃 발견
[isRouteComplete 디버그] 4,1 이웃: 2 개
[isRouteComplete 디버그] W→C 연결 찾음!
[AI 경로] 컴퓨터-기차II: 모든 배달 기회가 이미 연결되어 있음
[AI 경로] 컴퓨터-기차II: 네트워크 확장 C→O
[getConnectedNeighbors] 결과: 1개 이웃 발견
[isRouteComplete 디버그] 5,0 이웃: 1 개
  edge 1: 이웃 (5, 2) 트랙 확인, 소유자 매칭 성공! 필요한 entryEdge: 4
[getConnectedNeighbors] 결과: 2개 이웃 발견
[isRouteComplete 디버그] 4,1 이웃: 2 개
  edge 4: 이웃 (4, 1) 트랙 확인, 소유자 매칭 성공! 필요한 entryEdge: 1
[getConnectedNeighbors] 결과: 2개 이웃 발견
[isRouteComplete 디버그] 5,2 이웃: 2 개
[getConnectedNeighbors] 결과: 1개 이웃 발견
[isRouteComplete 디버그] 5,3 이웃: 1 개
[isRouteComplete 디버그] C→O 연결 실패
[getConnectedNeighbors] 결과: 1개 이웃 발견
  edge 1: 이웃 (5, 2) 트랙 확인, 소유자 매칭 성공! 필요한 entryEdge: 4
[getConnectedNeighbors] 결과: 1개 이웃 발견
[getConnectedNeighbors] 결과: 1개 이웃 발견
[getConnectedNeighbors] 결과: 0개 이웃 발견
[AI 트랙] 출발지(C) 망에서만 확장 후보 탐색 (순차 건설 강제)
[getConnectedNeighbors] 결과: 1개 이웃 발견
  edge 1: 이웃 (5, 2) 트랙 확인, 소유자 매칭 성공! 필요한 entryEdge: 4
[getConnectedNeighbors] 결과: 2개 이웃 발견
  edge 4: 이웃 (4, 1) 트랙 확인, 소유자 매칭 성공! 필요한 entryEdge: 1
[getConnectedNeighbors] 결과: 2개 이웃 발견
[getConnectedNeighbors] 결과: 1개 이웃 발견
[getConnectedNeighbors] 결과: 1개 이웃 발견
  edge 1: 이웃 (5, 2) 트랙 확인, 소유자 매칭 성공! 필요한 entryEdge: 4
[getConnectedNeighbors] 결과: 2개 이웃 발견
  edge 4: 이웃 (4, 1) 트랙 확인, 소유자 매칭 성공! 필요한 entryEdge: 1
[getConnectedNeighbors] 결과: 2개 이웃 발견
[getConnectedNeighbors] 결과: 1개 이웃 발견
[getConnectedNeighbors] 결과: 1개 이웃 발견
  edge 1: 이웃 (5, 2) 트랙 확인, 소유자 매칭 성공! 필요한 entryEdge: 4
[getConnectedNeighbors] 결과: 2개 이웃 발견
  edge 4: 이웃 (4, 1) 트랙 확인, 소유자 매칭 성공! 필요한 entryEdge: 1
[getConnectedNeighbors] 결과: 2개 이웃 발견
[getConnectedNeighbors] 결과: 1개 이웃 발견
[getConnectedNeighbors] 결과: 1개 이웃 발견
  edge 1: 이웃 (5, 2) 트랙 확인, 소유자 매칭 성공! 필요한 entryEdge: 4
[getConnectedNeighbors] 결과: 2개 이웃 발견
  edge 4: 이웃 (4, 1) 트랙 확인, 소유자 매칭 성공! 필요한 entryEdge: 1
[getConnectedNeighbors] 결과: 2개 이웃 발견
[getConnectedNeighbors] 결과: 1개 이웃 발견
[getConnectedNeighbors] 결과: 1개 이웃 발견
  edge 1: 이웃 (5, 2) 트랙 확인, 소유자 매칭 성공! 필요한 entryEdge: 4
[getConnectedNeighbors] 결과: 2개 이웃 발견
  edge 4: 이웃 (4, 1) 트랙 확인, 소유자 매칭 성공! 필요한 entryEdge: 1
[getConnectedNeighbors] 결과: 2개 이웃 발견
[getConnectedNeighbors] 결과: 1개 이웃 발견
[getConnectedNeighbors] 결과: 1개 이웃 발견
  edge 1: 이웃 (5, 2) 트랙 확인, 소유자 매칭 성공! 필요한 entryEdge: 4
[getConnectedNeighbors] 결과: 2개 이웃 발견
  edge 4: 이웃 (4, 1) 트랙 확인, 소유자 매칭 성공! 필요한 entryEdge: 1
[getConnectedNeighbors] 결과: 2개 이웃 발견
[getConnectedNeighbors] 결과: 1개 이웃 발견
[getConnectedNeighbors] 결과: 1개 이웃 발견
  edge 1: 이웃 (5, 2) 트랙 확인, 소유자 매칭 성공! 필요한 entryEdge: 4
[getConnectedNeighbors] 결과: 2개 이웃 발견
  edge 4: 이웃 (4, 1) 트랙 확인, 소유자 매칭 성공! 필요한 entryEdge: 1
[getConnectedNeighbors] 결과: 2개 이웃 발견
[getConnectedNeighbors] 결과: 1개 이웃 발견
[getConnectedNeighbors] 결과: 1개 이웃 발견
  edge 1: 이웃 (5, 2) 트랙 확인, 소유자 매칭 성공! 필요한 entryEdge: 4
[getConnectedNeighbors] 결과: 1개 이웃 발견
[getConnectedNeighbors] 결과: 1개 이웃 발견
[getConnectedNeighbors] 결과: 0개 이웃 발견
[getConnectedNeighbors] 결과: 1개 이웃 발견
  edge 1: 이웃 (5, 2) 트랙 확인, 소유자 매칭 성공! 필요한 entryEdge: 4
[getConnectedNeighbors] 결과: 2개 이웃 발견
  edge 4: 이웃 (4, 1) 트랙 확인, 소유자 매칭 성공! 필요한 entryEdge: 1
[getConnectedNeighbors] 결과: 2개 이웃 발견
[getConnectedNeighbors] 결과: 1개 이웃 발견
[getConnectedNeighbors] 결과: 1개 이웃 발견
  edge 1: 이웃 (5, 2) 트랙 확인, 소유자 매칭 성공! 필요한 entryEdge: 4
[getConnectedNeighbors] 결과: 2개 이웃 발견
  edge 4: 이웃 (4, 1) 트랙 확인, 소유자 매칭 성공! 필요한 entryEdge: 1
[getConnectedNeighbors] 결과: 2개 이웃 발견
[getConnectedNeighbors] 결과: 1개 이웃 발견
[getConnectedNeighbors] 결과: 1개 이웃 발견
  edge 1: 이웃 (5, 2) 트랙 확인, 소유자 매칭 성공! 필요한 entryEdge: 4
[getConnectedNeighbors] 결과: 2개 이웃 발견
  edge 4: 이웃 (4, 1) 트랙 확인, 소유자 매칭 성공! 필요한 entryEdge: 1
[getConnectedNeighbors] 결과: 2개 이웃 발견
[getConnectedNeighbors] 결과: 1개 이웃 발견
[getConnectedNeighbors] 결과: 1개 이웃 발견
  edge 1: 이웃 (5, 2) 트랙 확인, 소유자 매칭 성공! 필요한 entryEdge: 4
[getConnectedNeighbors] 결과: 2개 이웃 발견
  edge 4: 이웃 (4, 1) 트랙 확인, 소유자 매칭 성공! 필요한 entryEdge: 1
[getConnectedNeighbors] 결과: 2개 이웃 발견
[getConnectedNeighbors] 결과: 1개 이웃 발견
[getConnectedNeighbors] 결과: 1개 이웃 발견
  edge 1: 이웃 (5, 2) 트랙 확인, 소유자 매칭 성공! 필요한 entryEdge: 4
[getConnectedNeighbors] 결과: 2개 이웃 발견
  edge 4: 이웃 (4, 1) 트랙 확인, 소유자 매칭 성공! 필요한 entryEdge: 1
[getConnectedNeighbors] 결과: 2개 이웃 발견
[getConnectedNeighbors] 결과: 1개 이웃 발견
[getConnectedNeighbors] 결과: 1개 이웃 발견
  edge 1: 이웃 (5, 2) 트랙 확인, 소유자 매칭 성공! 필요한 entryEdge: 4
[getConnectedNeighbors] 결과: 2개 이웃 발견
  edge 4: 이웃 (4, 1) 트랙 확인, 소유자 매칭 성공! 필요한 entryEdge: 1
[getConnectedNeighbors] 결과: 2개 이웃 발견
[getConnectedNeighbors] 결과: 1개 이웃 발견
[getConnectedNeighbors] 결과: 1개 이웃 발견
  edge 1: 이웃 (5, 2) 트랙 확인, 소유자 매칭 성공! 필요한 entryEdge: 4
[getConnectedNeighbors] 결과: 2개 이웃 발견
  edge 4: 이웃 (4, 1) 트랙 확인, 소유자 매칭 성공! 필요한 entryEdge: 1
[getConnectedNeighbors] 결과: 2개 이웃 발견
[getConnectedNeighbors] 결과: 1개 이웃 발견
[AI 트랙] 컴퓨터-기차II: 건설 (4,0) edges=[0,3] $2 총점=530.0 [의도: 출발 도시 연결] (전략=화물 기반 동적 전략, 경로=C→O)

 [32m✓[39m src/ai/strategy/__tests__/debug_build.test.ts [2m([22m[2m4 tests[22m[2m | [22m[33m3 skipped[39m[2m)[22m[32m 85[2mms[22m[39m

[2m Test Files [22m [1m[32m1 passed[39m[22m[90m (1)[39m
[2m      Tests [22m [1m[32m1 passed[39m[22m[2m | [22m[33m3 skipped[39m[90m (4)[39m
[2m   Start at [22m 16:50:38
[2m   Duration [22m 153ms

[1m[42m PASS [49m[22m [32mWaiting for file changes...[39m
       [2mpress [22m[1mh[22m[2m to show help[22m[2m, [22m[2mpress [22m[1mq[22m[2m to quit[22m
c[3J[1m[44m RERUN [49m[22m [34m[2msrc/ai/strategy/selector.ts [22m[34mx9 [34m[39m
       [2m Filename pattern: [22m[34msrc/ai/strategy/__tests__/debug_build.test.ts[39m
       [2m Test name pattern: [22m[34m/연속 건설/[39m

[90mstdout[2m | src/ai/strategy/__tests__/debug_build.test.ts[2m > [22m[2mAI Build Sequential & Anti-Fragment Verification[2m > [22m[2m연속 건설(Continuity) 검증: 한 턴 내 3개 트랙이 끊기지 않고 이어져야 함
[22m[39m[getConnectedNeighbors] 결과: 0개 이웃 발견
[isRouteComplete 디버그] 5,3 이웃: 0 개
[isRouteComplete 디버그] W→C 연결 실패
[AI 경로] 컴퓨터-기차II: W→C (blue 화물, 거리 3)
[getConnectedNeighbors] 결과: 0개 이웃 발견
[isRouteComplete 디버그] 5,3 이웃: 0 개
[isRouteComplete 디버그] W→C 연결 실패
[AI 경로] 컴퓨터-기차II: W→C (blue 화물, 거리 3)
[getConnectedNeighbors] 결과: 0개 이웃 발견
[isRouteComplete 디버그] 5,3 이웃: 0 개
[isRouteComplete 디버그] W→C 연결 실패
[AI 트랙] 첫 트랙: W 도시에서 시작
[getConnectedNeighbors] 결과: 0개 이웃 발견
[getConnectedNeighbors] 결과: 0개 이웃 발견
[getConnectedNeighbors] 결과: 0개 이웃 발견
[getConnectedNeighbors] 결과: 0개 이웃 발견
[getConnectedNeighbors] 결과: 0개 이웃 발견
[getConnectedNeighbors] 결과: 0개 이웃 발견
[getConnectedNeighbors] 결과: 0개 이웃 발견
[getConnectedNeighbors] 결과: 0개 이웃 발견
[getConnectedNeighbors] 결과: 0개 이웃 발견
[getConnectedNeighbors] 결과: 0개 이웃 발견
[getConnectedNeighbors] 결과: 0개 이웃 발견
[getConnectedNeighbors] 결과: 0개 이웃 발견
[getConnectedNeighbors] 결과: 0개 이웃 발견
[getConnectedNeighbors] 결과: 0개 이웃 발견
[getConnectedNeighbors] 결과: 0개 이웃 발견
[getConnectedNeighbors] 결과: 0개 이웃 발견
[getConnectedNeighbors] 결과: 0개 이웃 발견
[getConnectedNeighbors] 결과: 0개 이웃 발견
[getConnectedNeighbors] 결과: 0개 이웃 발견
[AI 트랙] 컴퓨터-기차II: 건설 (5,2) edges=[1,4] $2 총점=1951.0 [의도: 출발 도시 연결] (전략=화물 기반 동적 전략, 경로=W→C)
[getConnectedNeighbors] 결과: 1개 이웃 발견
[isRouteComplete 디버그] 5,3 이웃: 1 개
[getConnectedNeighbors] 결과: 1개 이웃 발견
[isRouteComplete 디버그] 5,2 이웃: 1 개
[isRouteComplete 디버그] W→C 연결 실패
[AI 경로] 컴퓨터-기차II: 현재 경로 W→C 유지 (진행도: 33%)
[getConnectedNeighbors] 결과: 1개 이웃 발견
[isRouteComplete 디버그] 5,3 이웃: 1 개
[getConnectedNeighbors] 결과: 1개 이웃 발견
[isRouteComplete 디버그] 5,2 이웃: 1 개
[isRouteComplete 디버그] W→C 연결 실패
[AI 경로] 컴퓨터-기차II: W→C (blue 화물, 거리 3)
[getConnectedNeighbors] 결과: 1개 이웃 발견
[isRouteComplete 디버그] 5,3 이웃: 1 개
[getConnectedNeighbors] 결과: 1개 이웃 발견
[isRouteComplete 디버그] 5,2 이웃: 1 개
[isRouteComplete 디버그] W→C 연결 실패
[getConnectedNeighbors] 결과: 1개 이웃 발견
[getConnectedNeighbors] 결과: 0개 이웃 발견
[AI 트랙] 출발지(W) 망에서만 확장 후보 탐색 (순차 건설 강제)
[getConnectedNeighbors] 결과: 1개 이웃 발견
[getConnectedNeighbors] 결과: 1개 이웃 발견
[getConnectedNeighbors] 결과: 1개 이웃 발견
[getConnectedNeighbors] 결과: 1개 이웃 발견
[getConnectedNeighbors] 결과: 1개 이웃 발견
[getConnectedNeighbors] 결과: 1개 이웃 발견
[getConnectedNeighbors] 결과: 1개 이웃 발견
[getConnectedNeighbors] 결과: 1개 이웃 발견
[getConnectedNeighbors] 결과: 1개 이웃 발견
[getConnectedNeighbors] 결과: 1개 이웃 발견
[getConnectedNeighbors] 결과: 1개 이웃 발견
[getConnectedNeighbors] 결과: 1개 이웃 발견
[getConnectedNeighbors] 결과: 1개 이웃 발견
[getConnectedNeighbors] 결과: 1개 이웃 발견
[getConnectedNeighbors] 결과: 1개 이웃 발견
[getConnectedNeighbors] 결과: 1개 이웃 발견
[getConnectedNeighbors] 결과: 1개 이웃 발견
[getConnectedNeighbors] 결과: 1개 이웃 발견
[getConnectedNeighbors] 결과: 1개 이웃 발견
[getConnectedNeighbors] 결과: 1개 이웃 발견
[getConnectedNeighbors] 결과: 1개 이웃 발견
[getConnectedNeighbors] 결과: 1개 이웃 발견
[getConnectedNeighbors] 결과: 1개 이웃 발견
[getConnectedNeighbors] 결과: 1개 이웃 발견
[getConnectedNeighbors] 결과: 1개 이웃 발견
[getConnectedNeighbors] 결과: 1개 이웃 발견
[getConnectedNeighbors] 결과: 1개 이웃 발견
[getConnectedNeighbors] 결과: 1개 이웃 발견
[getConnectedNeighbors] 결과: 1개 이웃 발견
[getConnectedNeighbors] 결과: 1개 이웃 발견
[getConnectedNeighbors] 결과: 1개 이웃 발견
[getConnectedNeighbors] 결과: 1개 이웃 발견
[getConnectedNeighbors] 결과: 1개 이웃 발견
[getConnectedNeighbors] 결과: 1개 이웃 발견
[getConnectedNeighbors] 결과: 1개 이웃 발견
[getConnectedNeighbors] 결과: 1개 이웃 발견
[getConnectedNeighbors] 결과: 1개 이웃 발견
[getConnectedNeighbors] 결과: 1개 이웃 발견
[getConnectedNeighbors] 결과: 1개 이웃 발견
[getConnectedNeighbors] 결과: 0개 이웃 발견
[getConnectedNeighbors] 결과: 1개 이웃 발견
[getConnectedNeighbors] 결과: 1개 이웃 발견
[getConnectedNeighbors] 결과: 1개 이웃 발견
[getConnectedNeighbors] 결과: 1개 이웃 발견
[getConnectedNeighbors] 결과: 1개 이웃 발견
[getConnectedNeighbors] 결과: 1개 이웃 발견
[getConnectedNeighbors] 결과: 1개 이웃 발견
[getConnectedNeighbors] 결과: 1개 이웃 발견
[getConnectedNeighbors] 결과: 1개 이웃 발견
[getConnectedNeighbors] 결과: 1개 이웃 발견
[getConnectedNeighbors] 결과: 1개 이웃 발견
[getConnectedNeighbors] 결과: 1개 이웃 발견
[getConnectedNeighbors] 결과: 1개 이웃 발견
[getConnectedNeighbors] 결과: 1개 이웃 발견
[getConnectedNeighbors] 결과: 1개 이웃 발견
[getConnectedNeighbors] 결과: 1개 이웃 발견
[getConnectedNeighbors] 결과: 1개 이웃 발견
[getConnectedNeighbors] 결과: 1개 이웃 발견
[getConnectedNeighbors] 결과: 1개 이웃 발견
[getConnectedNeighbors] 결과: 1개 이웃 발견
[getConnectedNeighbors] 결과: 1개 이웃 발견
[getConnectedNeighbors] 결과: 1개 이웃 발견
[getConnectedNeighbors] 결과: 1개 이웃 발견
[getConnectedNeighbors] 결과: 1개 이웃 발견
[getConnectedNeighbors] 결과: 1개 이웃 발견
[getConnectedNeighbors] 결과: 1개 이웃 발견
[getConnectedNeighbors] 결과: 1개 이웃 발견
[getConnectedNeighbors] 결과: 1개 이웃 발견
[getConnectedNeighbors] 결과: 1개 이웃 발견
[getConnectedNeighbors] 결과: 1개 이웃 발견
[getConnectedNeighbors] 결과: 1개 이웃 발견
[getConnectedNeighbors] 결과: 1개 이웃 발견
[getConnectedNeighbors] 결과: 1개 이웃 발견
[getConnectedNeighbors] 결과: 1개 이웃 발견
[getConnectedNeighbors] 결과: 1개 이웃 발견
[getConnectedNeighbors] 결과: 1개 이웃 발견
[getConnectedNeighbors] 결과: 1개 이웃 발견
[getConnectedNeighbors] 결과: 1개 이웃 발견
[AI 트랙] 컴퓨터-기차II: 건설 (4,1) edges=[1,5] $2 총점=5533.0 [의도: 목적 도시 연결 완성] (전략=화물 기반 동적 전략, 경로=W→C)
[getConnectedNeighbors] 결과: 1개 이웃 발견
[isRouteComplete 디버그] 5,3 이웃: 1 개
  edge 4: 이웃 (4, 1) 트랙 확인, 소유자 매칭 성공! 필요한 entryEdge: 1
[getConnectedNeighbors] 결과: 2개 이웃 발견
[isRouteComplete 디버그] 5,2 이웃: 2 개
  edge 1: 이웃 (5, 2) 트랙 확인, 소유자 매칭 성공! 필요한 entryEdge: 4
[getConnectedNeighbors] 결과: 2개 이웃 발견
[isRouteComplete 디버그] 4,1 이웃: 2 개
[isRouteComplete 디버그] W→C 연결 찾음!
[AI 경로] W→C 경로 완성됨!
[AI 경로] 컴퓨터-기차II: 경로 W→C 완성됨, 새 경로 탐색
[getConnectedNeighbors] 결과: 1개 이웃 발견
[isRouteComplete 디버그] 5,3 이웃: 1 개
  edge 4: 이웃 (4, 1) 트랙 확인, 소유자 매칭 성공! 필요한 entryEdge: 1
[getConnectedNeighbors] 결과: 2개 이웃 발견
[isRouteComplete 디버그] 5,2 이웃: 2 개
  edge 1: 이웃 (5, 2) 트랙 확인, 소유자 매칭 성공! 필요한 entryEdge: 4
[getConnectedNeighbors] 결과: 2개 이웃 발견
[isRouteComplete 디버그] 4,1 이웃: 2 개
[isRouteComplete 디버그] W→C 연결 찾음!
[AI 경로] 컴퓨터-기차II: 모든 배달 기회가 이미 연결되어 있음
[AI 경로] 컴퓨터-기차II: 네트워크 확장 C→O
[getConnectedNeighbors] 결과: 1개 이웃 발견
[isRouteComplete 디버그] 5,3 이웃: 1 개
  edge 4: 이웃 (4, 1) 트랙 확인, 소유자 매칭 성공! 필요한 entryEdge: 1
[getConnectedNeighbors] 결과: 2개 이웃 발견
[isRouteComplete 디버그] 5,2 이웃: 2 개
  edge 1: 이웃 (5, 2) 트랙 확인, 소유자 매칭 성공! 필요한 entryEdge: 4
[getConnectedNeighbors] 결과: 2개 이웃 발견
[isRouteComplete 디버그] 4,1 이웃: 2 개
[isRouteComplete 디버그] W→C 연결 찾음!
[AI 경로] 컴퓨터-기차II: 모든 배달 기회가 이미 연결되어 있음
[AI 경로] 컴퓨터-기차II: 네트워크 확장 C→O
[getConnectedNeighbors] 결과: 1개 이웃 발견
[isRouteComplete 디버그] 5,0 이웃: 1 개
  edge 1: 이웃 (5, 2) 트랙 확인, 소유자 매칭 성공! 필요한 entryEdge: 4
[getConnectedNeighbors] 결과: 2개 이웃 발견
[isRouteComplete 디버그] 4,1 이웃: 2 개
  edge 4: 이웃 (4, 1) 트랙 확인, 소유자 매칭 성공! 필요한 entryEdge: 1
[getConnectedNeighbors] 결과: 2개 이웃 발견
[isRouteComplete 디버그] 5,2 이웃: 2 개
[getConnectedNeighbors] 결과: 1개 이웃 발견
[isRouteComplete 디버그] 5,3 이웃: 1 개
[isRouteComplete 디버그] C→O 연결 실패
[getConnectedNeighbors] 결과: 1개 이웃 발견
  edge 1: 이웃 (5, 2) 트랙 확인, 소유자 매칭 성공! 필요한 entryEdge: 4
[getConnectedNeighbors] 결과: 1개 이웃 발견
[getConnectedNeighbors] 결과: 1개 이웃 발견
[getConnectedNeighbors] 결과: 0개 이웃 발견
[AI 트랙] 출발지(C) 망에서만 확장 후보 탐색 (순차 건설 강제)
[getConnectedNeighbors] 결과: 1개 이웃 발견
  edge 1: 이웃 (5, 2) 트랙 확인, 소유자 매칭 성공! 필요한 entryEdge: 4
[getConnectedNeighbors] 결과: 2개 이웃 발견
  edge 4: 이웃 (4, 1) 트랙 확인, 소유자 매칭 성공! 필요한 entryEdge: 1
[getConnectedNeighbors] 결과: 2개 이웃 발견
[getConnectedNeighbors] 결과: 1개 이웃 발견
[getConnectedNeighbors] 결과: 1개 이웃 발견
  edge 1: 이웃 (5, 2) 트랙 확인, 소유자 매칭 성공! 필요한 entryEdge: 4
[getConnectedNeighbors] 결과: 2개 이웃 발견
  edge 4: 이웃 (4, 1) 트랙 확인, 소유자 매칭 성공! 필요한 entryEdge: 1
[getConnectedNeighbors] 결과: 2개 이웃 발견
[getConnectedNeighbors] 결과: 1개 이웃 발견
[getConnectedNeighbors] 결과: 1개 이웃 발견
  edge 1: 이웃 (5, 2) 트랙 확인, 소유자 매칭 성공! 필요한 entryEdge: 4
[getConnectedNeighbors] 결과: 2개 이웃 발견
  edge 4: 이웃 (4, 1) 트랙 확인, 소유자 매칭 성공! 필요한 entryEdge: 1
[getConnectedNeighbors] 결과: 2개 이웃 발견
[getConnectedNeighbors] 결과: 1개 이웃 발견
[getConnectedNeighbors] 결과: 1개 이웃 발견
  edge 1: 이웃 (5, 2) 트랙 확인, 소유자 매칭 성공! 필요한 entryEdge: 4
[getConnectedNeighbors] 결과: 2개 이웃 발견
  edge 4: 이웃 (4, 1) 트랙 확인, 소유자 매칭 성공! 필요한 entryEdge: 1
[getConnectedNeighbors] 결과: 2개 이웃 발견
[getConnectedNeighbors] 결과: 1개 이웃 발견
[getConnectedNeighbors] 결과: 1개 이웃 발견
  edge 1: 이웃 (5, 2) 트랙 확인, 소유자 매칭 성공! 필요한 entryEdge: 4
[getConnectedNeighbors] 결과: 2개 이웃 발견
  edge 4: 이웃 (4, 1) 트랙 확인, 소유자 매칭 성공! 필요한 entryEdge: 1
[getConnectedNeighbors] 결과: 2개 이웃 발견
[getConnectedNeighbors] 결과: 1개 이웃 발견
[getConnectedNeighbors] 결과: 1개 이웃 발견
  edge 1: 이웃 (5, 2) 트랙 확인, 소유자 매칭 성공! 필요한 entryEdge: 4
[getConnectedNeighbors] 결과: 2개 이웃 발견
  edge 4: 이웃 (4, 1) 트랙 확인, 소유자 매칭 성공! 필요한 entryEdge: 1
[getConnectedNeighbors] 결과: 2개 이웃 발견
[getConnectedNeighbors] 결과: 1개 이웃 발견
[getConnectedNeighbors] 결과: 1개 이웃 발견
  edge 1: 이웃 (5, 2) 트랙 확인, 소유자 매칭 성공! 필요한 entryEdge: 4
[getConnectedNeighbors] 결과: 2개 이웃 발견
  edge 4: 이웃 (4, 1) 트랙 확인, 소유자 매칭 성공! 필요한 entryEdge: 1
[getConnectedNeighbors] 결과: 2개 이웃 발견
[getConnectedNeighbors] 결과: 1개 이웃 발견
[getConnectedNeighbors] 결과: 1개 이웃 발견
  edge 1: 이웃 (5, 2) 트랙 확인, 소유자 매칭 성공! 필요한 entryEdge: 4
[getConnectedNeighbors] 결과: 1개 이웃 발견
[getConnectedNeighbors] 결과: 1개 이웃 발견
[getConnectedNeighbors] 결과: 0개 이웃 발견
[getConnectedNeighbors] 결과: 1개 이웃 발견
  edge 1: 이웃 (5, 2) 트랙 확인, 소유자 매칭 성공! 필요한 entryEdge: 4
[getConnectedNeighbors] 결과: 2개 이웃 발견
  edge 4: 이웃 (4, 1) 트랙 확인, 소유자 매칭 성공! 필요한 entryEdge: 1
[getConnectedNeighbors] 결과: 2개 이웃 발견
[getConnectedNeighbors] 결과: 1개 이웃 발견
[getConnectedNeighbors] 결과: 1개 이웃 발견
  edge 1: 이웃 (5, 2) 트랙 확인, 소유자 매칭 성공! 필요한 entryEdge: 4
[getConnectedNeighbors] 결과: 2개 이웃 발견
  edge 4: 이웃 (4, 1) 트랙 확인, 소유자 매칭 성공! 필요한 entryEdge: 1
[getConnectedNeighbors] 결과: 2개 이웃 발견
[getConnectedNeighbors] 결과: 1개 이웃 발견
[getConnectedNeighbors] 결과: 1개 이웃 발견
  edge 1: 이웃 (5, 2) 트랙 확인, 소유자 매칭 성공! 필요한 entryEdge: 4
[getConnectedNeighbors] 결과: 2개 이웃 발견
  edge 4: 이웃 (4, 1) 트랙 확인, 소유자 매칭 성공! 필요한 entryEdge: 1
[getConnectedNeighbors] 결과: 2개 이웃 발견
[getConnectedNeighbors] 결과: 1개 이웃 발견
[getConnectedNeighbors] 결과: 1개 이웃 발견
  edge 1: 이웃 (5, 2) 트랙 확인, 소유자 매칭 성공! 필요한 entryEdge: 4
[getConnectedNeighbors] 결과: 2개 이웃 발견
  edge 4: 이웃 (4, 1) 트랙 확인, 소유자 매칭 성공! 필요한 entryEdge: 1
[getConnectedNeighbors] 결과: 2개 이웃 발견
[getConnectedNeighbors] 결과: 1개 이웃 발견
[getConnectedNeighbors] 결과: 1개 이웃 발견
  edge 1: 이웃 (5, 2) 트랙 확인, 소유자 매칭 성공! 필요한 entryEdge: 4
[getConnectedNeighbors] 결과: 2개 이웃 발견
  edge 4: 이웃 (4, 1) 트랙 확인, 소유자 매칭 성공! 필요한 entryEdge: 1
[getConnectedNeighbors] 결과: 2개 이웃 발견
[getConnectedNeighbors] 결과: 1개 이웃 발견
[getConnectedNeighbors] 결과: 1개 이웃 발견
  edge 1: 이웃 (5, 2) 트랙 확인, 소유자 매칭 성공! 필요한 entryEdge: 4
[getConnectedNeighbors] 결과: 2개 이웃 발견
  edge 4: 이웃 (4, 1) 트랙 확인, 소유자 매칭 성공! 필요한 entryEdge: 1
[getConnectedNeighbors] 결과: 2개 이웃 발견
[getConnectedNeighbors] 결과: 1개 이웃 발견
[getConnectedNeighbors] 결과: 1개 이웃 발견
  edge 1: 이웃 (5, 2) 트랙 확인, 소유자 매칭 성공! 필요한 entryEdge: 4
[getConnectedNeighbors] 결과: 2개 이웃 발견
  edge 4: 이웃 (4, 1) 트랙 확인, 소유자 매칭 성공! 필요한 entryEdge: 1
[getConnectedNeighbors] 결과: 2개 이웃 발견
[getConnectedNeighbors] 결과: 1개 이웃 발견
[AI 트랙] 컴퓨터-기차II: 건설 (4,0) edges=[0,3] $2 총점=530.0 [의도: 출발 도시 연결] (전략=화물 기반 동적 전략, 경로=C→O)

 [32m✓[39m src/ai/strategy/__tests__/debug_build.test.ts [2m([22m[2m4 tests[22m[2m | [22m[33m3 skipped[39m[2m)[22m[32m 61[2mms[22m[39m

[2m Test Files [22m [1m[32m1 passed[39m[22m[90m (1)[39m
[2m      Tests [22m [1m[32m1 passed[39m[22m[2m | [22m[33m3 skipped[39m[90m (4)[39m
[2m   Start at [22m 16:50:52
[2m   Duration [22m 268ms

[1m[42m PASS [49m[22m [32mWaiting for file changes...[39m
       [2mpress [22m[1mh[22m[2m to show help[22m[2m, [22m[2mpress [22m[1mq[22m[2m to quit[22m
c[3J[1m[44m RERUN [49m[22m [34m[2msrc/ai/strategy/__tests__/debug_build.test.ts [22m[34mx10 [34m[39m
       [2m Filename pattern: [22m[34msrc/ai/strategy/__tests__/debug_build.test.ts[39m
       [2m Test name pattern: [22m[34m/연속 건설/[39m

[90mstdout[2m | src/ai/strategy/__tests__/debug_build.test.ts[2m > [22m[2mAI Build Sequential & Anti-Fragment Verification[2m > [22m[2m연속 건설(Continuity) 검증: 한 턴 내 3개 트랙이 끊기지 않고 이어져야 함
[22m[39m[getConnectedNeighbors] 결과: 0개 이웃 발견
[isRouteComplete 디버그] 5,3 이웃: 0 개
[isRouteComplete 디버그] W→C 연결 실패
[AI 경로] 컴퓨터-기차II: W→C (blue 화물, 거리 3)
[getConnectedNeighbors] 결과: 0개 이웃 발견
[isRouteComplete 디버그] 5,3 이웃: 0 개
[isRouteComplete 디버그] W→C 연결 실패
[AI 경로] 컴퓨터-기차II: W→C (blue 화물, 거리 3)
[getConnectedNeighbors] 결과: 0개 이웃 발견
[isRouteComplete 디버그] 5,3 이웃: 0 개
[isRouteComplete 디버그] W→C 연결 실패
[AI 트랙] 첫 트랙: W 도시에서 시작
[getConnectedNeighbors] 결과: 0개 이웃 발견
[getConnectedNeighbors] 결과: 0개 이웃 발견
[getConnectedNeighbors] 결과: 0개 이웃 발견
[getConnectedNeighbors] 결과: 0개 이웃 발견
[getConnectedNeighbors] 결과: 0개 이웃 발견
[getConnectedNeighbors] 결과: 0개 이웃 발견
[getConnectedNeighbors] 결과: 0개 이웃 발견
[getConnectedNeighbors] 결과: 0개 이웃 발견
[getConnectedNeighbors] 결과: 0개 이웃 발견
[getConnectedNeighbors] 결과: 0개 이웃 발견
[getConnectedNeighbors] 결과: 0개 이웃 발견
[getConnectedNeighbors] 결과: 0개 이웃 발견
[getConnectedNeighbors] 결과: 0개 이웃 발견
[getConnectedNeighbors] 결과: 0개 이웃 발견
[getConnectedNeighbors] 결과: 0개 이웃 발견
[getConnectedNeighbors] 결과: 0개 이웃 발견
[getConnectedNeighbors] 결과: 0개 이웃 발견
[getConnectedNeighbors] 결과: 0개 이웃 발견
[getConnectedNeighbors] 결과: 0개 이웃 발견
[AI 트랙] 컴퓨터-기차II: 건설 (5,2) edges=[1,4] $2 총점=1951.0 [의도: 출발 도시 연결] (전략=화물 기반 동적 전략, 경로=W→C)
[getConnectedNeighbors] 결과: 1개 이웃 발견
[isRouteComplete 디버그] 5,3 이웃: 1 개
[getConnectedNeighbors] 결과: 1개 이웃 발견
[isRouteComplete 디버그] 5,2 이웃: 1 개
[isRouteComplete 디버그] W→C 연결 실패
[AI 경로] 컴퓨터-기차II: 현재 경로 W→C 유지 (진행도: 33%)
[getConnectedNeighbors] 결과: 1개 이웃 발견
[isRouteComplete 디버그] 5,3 이웃: 1 개
[getConnectedNeighbors] 결과: 1개 이웃 발견
[isRouteComplete 디버그] 5,2 이웃: 1 개
[isRouteComplete 디버그] W→C 연결 실패
[AI 경로] 컴퓨터-기차II: W→C (blue 화물, 거리 3)
[getConnectedNeighbors] 결과: 1개 이웃 발견
[isRouteComplete 디버그] 5,3 이웃: 1 개
[getConnectedNeighbors] 결과: 1개 이웃 발견
[isRouteComplete 디버그] 5,2 이웃: 1 개
[isRouteComplete 디버그] W→C 연결 실패
[getConnectedNeighbors] 결과: 1개 이웃 발견
[getConnectedNeighbors] 결과: 0개 이웃 발견
[AI 트랙] 출발지(W) 망에서만 확장 후보 탐색 (순차 건설 강제)
[getConnectedNeighbors] 결과: 1개 이웃 발견
[getConnectedNeighbors] 결과: 1개 이웃 발견
[getConnectedNeighbors] 결과: 1개 이웃 발견
[getConnectedNeighbors] 결과: 1개 이웃 발견
[getConnectedNeighbors] 결과: 1개 이웃 발견
[getConnectedNeighbors] 결과: 1개 이웃 발견
[getConnectedNeighbors] 결과: 1개 이웃 발견
[getConnectedNeighbors] 결과: 1개 이웃 발견
[getConnectedNeighbors] 결과: 1개 이웃 발견
[getConnectedNeighbors] 결과: 1개 이웃 발견
[getConnectedNeighbors] 결과: 1개 이웃 발견
[getConnectedNeighbors] 결과: 1개 이웃 발견
[getConnectedNeighbors] 결과: 1개 이웃 발견
[getConnectedNeighbors] 결과: 1개 이웃 발견
[getConnectedNeighbors] 결과: 1개 이웃 발견
[getConnectedNeighbors] 결과: 1개 이웃 발견
[getConnectedNeighbors] 결과: 1개 이웃 발견
[getConnectedNeighbors] 결과: 1개 이웃 발견
[getConnectedNeighbors] 결과: 1개 이웃 발견
[getConnectedNeighbors] 결과: 1개 이웃 발견
[getConnectedNeighbors] 결과: 1개 이웃 발견
[getConnectedNeighbors] 결과: 1개 이웃 발견
[getConnectedNeighbors] 결과: 1개 이웃 발견
[getConnectedNeighbors] 결과: 1개 이웃 발견
[getConnectedNeighbors] 결과: 1개 이웃 발견
[getConnectedNeighbors] 결과: 1개 이웃 발견
[getConnectedNeighbors] 결과: 1개 이웃 발견
[getConnectedNeighbors] 결과: 1개 이웃 발견
[getConnectedNeighbors] 결과: 1개 이웃 발견
[getConnectedNeighbors] 결과: 1개 이웃 발견
[getConnectedNeighbors] 결과: 1개 이웃 발견
[getConnectedNeighbors] 결과: 1개 이웃 발견
[getConnectedNeighbors] 결과: 1개 이웃 발견
[getConnectedNeighbors] 결과: 1개 이웃 발견
[getConnectedNeighbors] 결과: 1개 이웃 발견
[getConnectedNeighbors] 결과: 1개 이웃 발견
[getConnectedNeighbors] 결과: 1개 이웃 발견
[getConnectedNeighbors] 결과: 1개 이웃 발견
[getConnectedNeighbors] 결과: 1개 이웃 발견
[getConnectedNeighbors] 결과: 0개 이웃 발견
[getConnectedNeighbors] 결과: 1개 이웃 발견
[getConnectedNeighbors] 결과: 1개 이웃 발견
[getConnectedNeighbors] 결과: 1개 이웃 발견
[getConnectedNeighbors] 결과: 1개 이웃 발견
[getConnectedNeighbors] 결과: 1개 이웃 발견
[getConnectedNeighbors] 결과: 1개 이웃 발견
[getConnectedNeighbors] 결과: 1개 이웃 발견
[getConnectedNeighbors] 결과: 1개 이웃 발견
[getConnectedNeighbors] 결과: 1개 이웃 발견
[getConnectedNeighbors] 결과: 1개 이웃 발견
[getConnectedNeighbors] 결과: 1개 이웃 발견
[getConnectedNeighbors] 결과: 1개 이웃 발견
[getConnectedNeighbors] 결과: 1개 이웃 발견
[getConnectedNeighbors] 결과: 1개 이웃 발견
[getConnectedNeighbors] 결과: 1개 이웃 발견
[getConnectedNeighbors] 결과: 1개 이웃 발견
[getConnectedNeighbors] 결과: 1개 이웃 발견
[getConnectedNeighbors] 결과: 1개 이웃 발견
[getConnectedNeighbors] 결과: 1개 이웃 발견
[getConnectedNeighbors] 결과: 1개 이웃 발견
[getConnectedNeighbors] 결과: 1개 이웃 발견
[getConnectedNeighbors] 결과: 1개 이웃 발견
[getConnectedNeighbors] 결과: 1개 이웃 발견
[getConnectedNeighbors] 결과: 1개 이웃 발견
[getConnectedNeighbors] 결과: 1개 이웃 발견
[getConnectedNeighbors] 결과: 1개 이웃 발견
[getConnectedNeighbors] 결과: 1개 이웃 발견
[getConnectedNeighbors] 결과: 1개 이웃 발견
[getConnectedNeighbors] 결과: 1개 이웃 발견
[getConnectedNeighbors] 결과: 1개 이웃 발견
[getConnectedNeighbors] 결과: 1개 이웃 발견
[getConnectedNeighbors] 결과: 1개 이웃 발견
[getConnectedNeighbors] 결과: 1개 이웃 발견
[getConnectedNeighbors] 결과: 1개 이웃 발견
[getConnectedNeighbors] 결과: 1개 이웃 발견
[getConnectedNeighbors] 결과: 1개 이웃 발견
[getConnectedNeighbors] 결과: 1개 이웃 발견
[getConnectedNeighbors] 결과: 1개 이웃 발견
[AI 트랙] 컴퓨터-기차II: 건설 (4,1) edges=[1,5] $2 총점=5533.0 [의도: 목적 도시 연결 완성] (전략=화물 기반 동적 전략, 경로=W→C)
[getConnectedNeighbors] 결과: 1개 이웃 발견
[isRouteComplete 디버그] 5,3 이웃: 1 개
  edge 4: 이웃 (4, 1) 트랙 확인, 소유자 매칭 성공! 필요한 entryEdge: 1
[getConnectedNeighbors] 결과: 2개 이웃 발견
[isRouteComplete 디버그] 5,2 이웃: 2 개
  edge 1: 이웃 (5, 2) 트랙 확인, 소유자 매칭 성공! 필요한 entryEdge: 4
[getConnectedNeighbors] 결과: 2개 이웃 발견
[isRouteComplete 디버그] 4,1 이웃: 2 개
[isRouteComplete 디버그] W→C 연결 찾음!
[AI 경로] W→C 경로 완성됨!
[AI 경로] 컴퓨터-기차II: 경로 W→C 완성됨, 새 경로 탐색
[getConnectedNeighbors] 결과: 1개 이웃 발견
[isRouteComplete 디버그] 5,3 이웃: 1 개
  edge 4: 이웃 (4, 1) 트랙 확인, 소유자 매칭 성공! 필요한 entryEdge: 1
[getConnectedNeighbors] 결과: 2개 이웃 발견
[isRouteComplete 디버그] 5,2 이웃: 2 개
  edge 1: 이웃 (5, 2) 트랙 확인, 소유자 매칭 성공! 필요한 entryEdge: 4
[getConnectedNeighbors] 결과: 2개 이웃 발견
[isRouteComplete 디버그] 4,1 이웃: 2 개
[isRouteComplete 디버그] W→C 연결 찾음!
[AI 경로] 컴퓨터-기차II: 모든 배달 기회가 이미 연결되어 있음
[AI 경로] 컴퓨터-기차II: 네트워크 확장 C→O
[getConnectedNeighbors] 결과: 1개 이웃 발견
[isRouteComplete 디버그] 5,3 이웃: 1 개
  edge 4: 이웃 (4, 1) 트랙 확인, 소유자 매칭 성공! 필요한 entryEdge: 1
[getConnectedNeighbors] 결과: 2개 이웃 발견
[isRouteComplete 디버그] 5,2 이웃: 2 개
  edge 1: 이웃 (5, 2) 트랙 확인, 소유자 매칭 성공! 필요한 entryEdge: 4
[getConnectedNeighbors] 결과: 2개 이웃 발견
[isRouteComplete 디버그] 4,1 이웃: 2 개
[isRouteComplete 디버그] W→C 연결 찾음!
[AI 경로] 컴퓨터-기차II: 모든 배달 기회가 이미 연결되어 있음
[AI 경로] 컴퓨터-기차II: 네트워크 확장 C→O
[getConnectedNeighbors] 결과: 1개 이웃 발견
[isRouteComplete 디버그] 5,0 이웃: 1 개
  edge 1: 이웃 (5, 2) 트랙 확인, 소유자 매칭 성공! 필요한 entryEdge: 4
[getConnectedNeighbors] 결과: 2개 이웃 발견
[isRouteComplete 디버그] 4,1 이웃: 2 개
  edge 4: 이웃 (4, 1) 트랙 확인, 소유자 매칭 성공! 필요한 entryEdge: 1
[getConnectedNeighbors] 결과: 2개 이웃 발견
[isRouteComplete 디버그] 5,2 이웃: 2 개
[getConnectedNeighbors] 결과: 1개 이웃 발견
[isRouteComplete 디버그] 5,3 이웃: 1 개
[isRouteComplete 디버그] C→O 연결 실패
[getConnectedNeighbors] 결과: 1개 이웃 발견
  edge 1: 이웃 (5, 2) 트랙 확인, 소유자 매칭 성공! 필요한 entryEdge: 4
[getConnectedNeighbors] 결과: 1개 이웃 발견
[getConnectedNeighbors] 결과: 1개 이웃 발견
[getConnectedNeighbors] 결과: 0개 이웃 발견
[AI 트랙] 출발지(C) 망에서만 확장 후보 탐색 (순차 건설 강제)
[getConnectedNeighbors] 결과: 1개 이웃 발견
  edge 1: 이웃 (5, 2) 트랙 확인, 소유자 매칭 성공! 필요한 entryEdge: 4
[getConnectedNeighbors] 결과: 2개 이웃 발견
  edge 4: 이웃 (4, 1) 트랙 확인, 소유자 매칭 성공! 필요한 entryEdge: 1
[getConnectedNeighbors] 결과: 2개 이웃 발견
[getConnectedNeighbors] 결과: 1개 이웃 발견
[getConnectedNeighbors] 결과: 1개 이웃 발견
  edge 1: 이웃 (5, 2) 트랙 확인, 소유자 매칭 성공! 필요한 entryEdge: 4
[getConnectedNeighbors] 결과: 2개 이웃 발견
  edge 4: 이웃 (4, 1) 트랙 확인, 소유자 매칭 성공! 필요한 entryEdge: 1
[getConnectedNeighbors] 결과: 2개 이웃 발견
[getConnectedNeighbors] 결과: 1개 이웃 발견
[getConnectedNeighbors] 결과: 1개 이웃 발견
  edge 1: 이웃 (5, 2) 트랙 확인, 소유자 매칭 성공! 필요한 entryEdge: 4
[getConnectedNeighbors] 결과: 2개 이웃 발견
  edge 4: 이웃 (4, 1) 트랙 확인, 소유자 매칭 성공! 필요한 entryEdge: 1
[getConnectedNeighbors] 결과: 2개 이웃 발견
[getConnectedNeighbors] 결과: 1개 이웃 발견
[getConnectedNeighbors] 결과: 1개 이웃 발견
  edge 1: 이웃 (5, 2) 트랙 확인, 소유자 매칭 성공! 필요한 entryEdge: 4
[getConnectedNeighbors] 결과: 2개 이웃 발견
  edge 4: 이웃 (4, 1) 트랙 확인, 소유자 매칭 성공! 필요한 entryEdge: 1
[getConnectedNeighbors] 결과: 2개 이웃 발견
[getConnectedNeighbors] 결과: 1개 이웃 발견
[getConnectedNeighbors] 결과: 1개 이웃 발견
  edge 1: 이웃 (5, 2) 트랙 확인, 소유자 매칭 성공! 필요한 entryEdge: 4
[getConnectedNeighbors] 결과: 2개 이웃 발견
  edge 4: 이웃 (4, 1) 트랙 확인, 소유자 매칭 성공! 필요한 entryEdge: 1
[getConnectedNeighbors] 결과: 2개 이웃 발견
[getConnectedNeighbors] 결과: 1개 이웃 발견
[getConnectedNeighbors] 결과: 1개 이웃 발견
  edge 1: 이웃 (5, 2) 트랙 확인, 소유자 매칭 성공! 필요한 entryEdge: 4
[getConnectedNeighbors] 결과: 2개 이웃 발견
  edge 4: 이웃 (4, 1) 트랙 확인, 소유자 매칭 성공! 필요한 entryEdge: 1
[getConnectedNeighbors] 결과: 2개 이웃 발견
[getConnectedNeighbors] 결과: 1개 이웃 발견
[getConnectedNeighbors] 결과: 1개 이웃 발견
  edge 1: 이웃 (5, 2) 트랙 확인, 소유자 매칭 성공! 필요한 entryEdge: 4
[getConnectedNeighbors] 결과: 2개 이웃 발견
  edge 4: 이웃 (4, 1) 트랙 확인, 소유자 매칭 성공! 필요한 entryEdge: 1
[getConnectedNeighbors] 결과: 2개 이웃 발견
[getConnectedNeighbors] 결과: 1개 이웃 발견
[getConnectedNeighbors] 결과: 1개 이웃 발견
  edge 1: 이웃 (5, 2) 트랙 확인, 소유자 매칭 성공! 필요한 entryEdge: 4
[getConnectedNeighbors] 결과: 1개 이웃 발견
[getConnectedNeighbors] 결과: 1개 이웃 발견
[getConnectedNeighbors] 결과: 0개 이웃 발견
[getConnectedNeighbors] 결과: 1개 이웃 발견
  edge 1: 이웃 (5, 2) 트랙 확인, 소유자 매칭 성공! 필요한 entryEdge: 4
[getConnectedNeighbors] 결과: 2개 이웃 발견
  edge 4: 이웃 (4, 1) 트랙 확인, 소유자 매칭 성공! 필요한 entryEdge: 1
[getConnectedNeighbors] 결과: 2개 이웃 발견
[getConnectedNeighbors] 결과: 1개 이웃 발견
[getConnectedNeighbors] 결과: 1개 이웃 발견
  edge 1: 이웃 (5, 2) 트랙 확인, 소유자 매칭 성공! 필요한 entryEdge: 4
[getConnectedNeighbors] 결과: 2개 이웃 발견
  edge 4: 이웃 (4, 1) 트랙 확인, 소유자 매칭 성공! 필요한 entryEdge: 1
[getConnectedNeighbors] 결과: 2개 이웃 발견
[getConnectedNeighbors] 결과: 1개 이웃 발견
[getConnectedNeighbors] 결과: 1개 이웃 발견
  edge 1: 이웃 (5, 2) 트랙 확인, 소유자 매칭 성공! 필요한 entryEdge: 4
[getConnectedNeighbors] 결과: 2개 이웃 발견
  edge 4: 이웃 (4, 1) 트랙 확인, 소유자 매칭 성공! 필요한 entryEdge: 1
[getConnectedNeighbors] 결과: 2개 이웃 발견
[getConnectedNeighbors] 결과: 1개 이웃 발견
[getConnectedNeighbors] 결과: 1개 이웃 발견
  edge 1: 이웃 (5, 2) 트랙 확인, 소유자 매칭 성공! 필요한 entryEdge: 4
[getConnectedNeighbors] 결과: 2개 이웃 발견
  edge 4: 이웃 (4, 1) 트랙 확인, 소유자 매칭 성공! 필요한 entryEdge: 1
[getConnectedNeighbors] 결과: 2개 이웃 발견
[getConnectedNeighbors] 결과: 1개 이웃 발견
[getConnectedNeighbors] 결과: 1개 이웃 발견
  edge 1: 이웃 (5, 2) 트랙 확인, 소유자 매칭 성공! 필요한 entryEdge: 4
[getConnectedNeighbors] 결과: 2개 이웃 발견
  edge 4: 이웃 (4, 1) 트랙 확인, 소유자 매칭 성공! 필요한 entryEdge: 1
[getConnectedNeighbors] 결과: 2개 이웃 발견
[getConnectedNeighbors] 결과: 1개 이웃 발견
[getConnectedNeighbors] 결과: 1개 이웃 발견
  edge 1: 이웃 (5, 2) 트랙 확인, 소유자 매칭 성공! 필요한 entryEdge: 4
[getConnectedNeighbors] 결과: 2개 이웃 발견
  edge 4: 이웃 (4, 1) 트랙 확인, 소유자 매칭 성공! 필요한 entryEdge: 1
[getConnectedNeighbors] 결과: 2개 이웃 발견
[getConnectedNeighbors] 결과: 1개 이웃 발견
[getConnectedNeighbors] 결과: 1개 이웃 발견
  edge 1: 이웃 (5, 2) 트랙 확인, 소유자 매칭 성공! 필요한 entryEdge: 4
[getConnectedNeighbors] 결과: 2개 이웃 발견
  edge 4: 이웃 (4, 1) 트랙 확인, 소유자 매칭 성공! 필요한 entryEdge: 1
[getConnectedNeighbors] 결과: 2개 이웃 발견
[getConnectedNeighbors] 결과: 1개 이웃 발견
[AI 트랙] 컴퓨터-기차II: 건설 (4,0) edges=[0,3] $2 총점=530.0 [의도: 출발 도시 연결] (전략=화물 기반 동적 전략, 경로=C→O)

 [32m✓[39m src/ai/strategy/__tests__/debug_build.test.ts [2m([22m[2m4 tests[22m[2m | [22m[33m3 skipped[39m[2m)[22m[32m 33[2mms[22m[39m

[2m Test Files [22m [1m[32m1 passed[39m[22m[90m (1)[39m
[2m      Tests [22m [1m[32m1 passed[39m[22m[2m | [22m[33m3 skipped[39m[90m (4)[39m
[2m   Start at [22m 16:51:47
[2m   Duration [22m 214ms

[1m[42m PASS [49m[22m [32mWaiting for file changes...[39m
       [2mpress [22m[1mh[22m[2m to show help[22m[2m, [22m[2mpress [22m[1mq[22m[2m to quit[22m
c[3J[1m[44m RERUN [49m[22m [34m[2msrc/ai/strategy/__tests__/debug_build.test.ts [22m[34mx11 [34m[39m
       [2m Filename pattern: [22m[34msrc/ai/strategy/__tests__/debug_build.test.ts[39m
       [2m Test name pattern: [22m[34m/연속 건설/[39m

[90mstdout[2m | src/ai/strategy/__tests__/debug_build.test.ts[2m > [22m[2mAI Build Sequential & Anti-Fragment Verification[2m > [22m[2m연속 건설(Continuity) 검증: 한 턴 내 3개 트랙이 끊기지 않고 이어져야 함
[22m[39m[getConnectedNeighbors] 결과: 0개 이웃 발견
[isRouteComplete 디버그] 5,3 이웃: 0 개
[isRouteComplete 디버그] W→C 연결 실패
[AI 경로] 컴퓨터-기차II: W→C (blue 화물, 거리 3)
[getConnectedNeighbors] 결과: 0개 이웃 발견
[isRouteComplete 디버그] 5,3 이웃: 0 개
[isRouteComplete 디버그] W→C 연결 실패
[AI 경로] 컴퓨터-기차II: W→C (blue 화물, 거리 3)
[getConnectedNeighbors] 결과: 0개 이웃 발견
[isRouteComplete 디버그] 5,3 이웃: 0 개
[isRouteComplete 디버그] W→C 연결 실패
[AI 트랙] 첫 트랙: W 도시에서 시작
[getConnectedNeighbors] 결과: 0개 이웃 발견
[getConnectedNeighbors] 결과: 0개 이웃 발견
[getConnectedNeighbors] 결과: 0개 이웃 발견
[getConnectedNeighbors] 결과: 0개 이웃 발견
[getConnectedNeighbors] 결과: 0개 이웃 발견
[getConnectedNeighbors] 결과: 0개 이웃 발견
[getConnectedNeighbors] 결과: 0개 이웃 발견
[getConnectedNeighbors] 결과: 0개 이웃 발견
[getConnectedNeighbors] 결과: 0개 이웃 발견
[getConnectedNeighbors] 결과: 0개 이웃 발견
[getConnectedNeighbors] 결과: 0개 이웃 발견
[getConnectedNeighbors] 결과: 0개 이웃 발견
[getConnectedNeighbors] 결과: 0개 이웃 발견
[getConnectedNeighbors] 결과: 0개 이웃 발견
[getConnectedNeighbors] 결과: 0개 이웃 발견
[getConnectedNeighbors] 결과: 0개 이웃 발견
[getConnectedNeighbors] 결과: 0개 이웃 발견
[getConnectedNeighbors] 결과: 0개 이웃 발견
[getConnectedNeighbors] 결과: 0개 이웃 발견
[AI 트랙] 컴퓨터-기차II: 건설 (5,2) edges=[1,4] $2 총점=1951.0 [의도: 출발 도시 연결] (전략=화물 기반 동적 전략, 경로=W→C)
[getConnectedNeighbors] 결과: 1개 이웃 발견
[isRouteComplete 디버그] 5,3 이웃: 1 개
[getConnectedNeighbors] 결과: 1개 이웃 발견
[isRouteComplete 디버그] 5,2 이웃: 1 개
[isRouteComplete 디버그] W→C 연결 실패
[AI 경로] 컴퓨터-기차II: 현재 경로 W→C 유지 (진행도: 33%)
[getConnectedNeighbors] 결과: 1개 이웃 발견
[isRouteComplete 디버그] 5,3 이웃: 1 개
[getConnectedNeighbors] 결과: 1개 이웃 발견
[isRouteComplete 디버그] 5,2 이웃: 1 개
[isRouteComplete 디버그] W→C 연결 실패
[AI 경로] 컴퓨터-기차II: W→C (blue 화물, 거리 3)
[getConnectedNeighbors] 결과: 1개 이웃 발견
[isRouteComplete 디버그] 5,3 이웃: 1 개
[getConnectedNeighbors] 결과: 1개 이웃 발견
[isRouteComplete 디버그] 5,2 이웃: 1 개
[isRouteComplete 디버그] W→C 연결 실패
[getConnectedNeighbors] 결과: 1개 이웃 발견
[getConnectedNeighbors] 결과: 0개 이웃 발견
[AI 트랙] 출발지(W) 망에서만 확장 후보 탐색 (순차 건설 강제)
[getConnectedNeighbors] 결과: 1개 이웃 발견
[getConnectedNeighbors] 결과: 1개 이웃 발견
[getConnectedNeighbors] 결과: 1개 이웃 발견
[getConnectedNeighbors] 결과: 1개 이웃 발견
[getConnectedNeighbors] 결과: 1개 이웃 발견
[getConnectedNeighbors] 결과: 1개 이웃 발견
[getConnectedNeighbors] 결과: 1개 이웃 발견
[getConnectedNeighbors] 결과: 1개 이웃 발견
[getConnectedNeighbors] 결과: 1개 이웃 발견
[getConnectedNeighbors] 결과: 1개 이웃 발견
[getConnectedNeighbors] 결과: 1개 이웃 발견
[getConnectedNeighbors] 결과: 1개 이웃 발견
[getConnectedNeighbors] 결과: 1개 이웃 발견
[getConnectedNeighbors] 결과: 1개 이웃 발견
[getConnectedNeighbors] 결과: 1개 이웃 발견
[getConnectedNeighbors] 결과: 1개 이웃 발견
[getConnectedNeighbors] 결과: 1개 이웃 발견
[getConnectedNeighbors] 결과: 1개 이웃 발견
[getConnectedNeighbors] 결과: 1개 이웃 발견
[getConnectedNeighbors] 결과: 1개 이웃 발견
[getConnectedNeighbors] 결과: 1개 이웃 발견
[getConnectedNeighbors] 결과: 1개 이웃 발견
[getConnectedNeighbors] 결과: 1개 이웃 발견
[getConnectedNeighbors] 결과: 1개 이웃 발견
[getConnectedNeighbors] 결과: 1개 이웃 발견
[getConnectedNeighbors] 결과: 1개 이웃 발견
[getConnectedNeighbors] 결과: 1개 이웃 발견
[getConnectedNeighbors] 결과: 1개 이웃 발견
[getConnectedNeighbors] 결과: 1개 이웃 발견
[getConnectedNeighbors] 결과: 1개 이웃 발견
[getConnectedNeighbors] 결과: 1개 이웃 발견
[getConnectedNeighbors] 결과: 1개 이웃 발견
[getConnectedNeighbors] 결과: 1개 이웃 발견
[getConnectedNeighbors] 결과: 1개 이웃 발견
[getConnectedNeighbors] 결과: 1개 이웃 발견
[getConnectedNeighbors] 결과: 1개 이웃 발견
[getConnectedNeighbors] 결과: 1개 이웃 발견
[getConnectedNeighbors] 결과: 1개 이웃 발견
[getConnectedNeighbors] 결과: 1개 이웃 발견
[getConnectedNeighbors] 결과: 0개 이웃 발견
[getConnectedNeighbors] 결과: 1개 이웃 발견
[getConnectedNeighbors] 결과: 1개 이웃 발견
[getConnectedNeighbors] 결과: 1개 이웃 발견
[getConnectedNeighbors] 결과: 1개 이웃 발견
[getConnectedNeighbors] 결과: 1개 이웃 발견
[getConnectedNeighbors] 결과: 1개 이웃 발견
[getConnectedNeighbors] 결과: 1개 이웃 발견
[getConnectedNeighbors] 결과: 1개 이웃 발견
[getConnectedNeighbors] 결과: 1개 이웃 발견
[getConnectedNeighbors] 결과: 1개 이웃 발견
[getConnectedNeighbors] 결과: 1개 이웃 발견
[getConnectedNeighbors] 결과: 1개 이웃 발견
[getConnectedNeighbors] 결과: 1개 이웃 발견
[getConnectedNeighbors] 결과: 1개 이웃 발견
[getConnectedNeighbors] 결과: 1개 이웃 발견
[getConnectedNeighbors] 결과: 1개 이웃 발견
[getConnectedNeighbors] 결과: 1개 이웃 발견
[getConnectedNeighbors] 결과: 1개 이웃 발견
[getConnectedNeighbors] 결과: 1개 이웃 발견
[getConnectedNeighbors] 결과: 1개 이웃 발견
[getConnectedNeighbors] 결과: 1개 이웃 발견
[getConnectedNeighbors] 결과: 1개 이웃 발견
[getConnectedNeighbors] 결과: 1개 이웃 발견
[getConnectedNeighbors] 결과: 1개 이웃 발견
[getConnectedNeighbors] 결과: 1개 이웃 발견
[getConnectedNeighbors] 결과: 1개 이웃 발견
[getConnectedNeighbors] 결과: 1개 이웃 발견
[getConnectedNeighbors] 결과: 1개 이웃 발견
[getConnectedNeighbors] 결과: 1개 이웃 발견
[getConnectedNeighbors] 결과: 1개 이웃 발견
[getConnectedNeighbors] 결과: 1개 이웃 발견
[getConnectedNeighbors] 결과: 1개 이웃 발견
[getConnectedNeighbors] 결과: 1개 이웃 발견
[getConnectedNeighbors] 결과: 1개 이웃 발견
[getConnectedNeighbors] 결과: 1개 이웃 발견
[getConnectedNeighbors] 결과: 1개 이웃 발견
[getConnectedNeighbors] 결과: 1개 이웃 발견
[getConnectedNeighbors] 결과: 1개 이웃 발견
[AI 트랙] 컴퓨터-기차II: 건설 (4,1) edges=[1,5] $2 총점=5533.0 [의도: 목적 도시 연결 완성] (전략=화물 기반 동적 전략, 경로=W→C)
[getConnectedNeighbors] 결과: 1개 이웃 발견
[isRouteComplete 디버그] 5,3 이웃: 1 개
  edge 4: 이웃 (4, 1) 트랙 확인, 소유자 매칭 성공! 필요한 entryEdge: 1
[getConnectedNeighbors] 결과: 2개 이웃 발견
[isRouteComplete 디버그] 5,2 이웃: 2 개
  edge 1: 이웃 (5, 2) 트랙 확인, 소유자 매칭 성공! 필요한 entryEdge: 4
[getConnectedNeighbors] 결과: 2개 이웃 발견
[isRouteComplete 디버그] 4,1 이웃: 2 개
[isRouteComplete 디버그] W→C 연결 찾음!
[AI 경로] W→C 경로 완성됨!
[AI 경로] 컴퓨터-기차II: 경로 W→C 완성됨, 새 경로 탐색
[getConnectedNeighbors] 결과: 1개 이웃 발견
[isRouteComplete 디버그] 5,3 이웃: 1 개
  edge 4: 이웃 (4, 1) 트랙 확인, 소유자 매칭 성공! 필요한 entryEdge: 1
[getConnectedNeighbors] 결과: 2개 이웃 발견
[isRouteComplete 디버그] 5,2 이웃: 2 개
  edge 1: 이웃 (5, 2) 트랙 확인, 소유자 매칭 성공! 필요한 entryEdge: 4
[getConnectedNeighbors] 결과: 2개 이웃 발견
[isRouteComplete 디버그] 4,1 이웃: 2 개
[isRouteComplete 디버그] W→C 연결 찾음!
[AI 경로] 컴퓨터-기차II: 모든 배달 기회가 이미 연결되어 있음
[AI 경로] 컴퓨터-기차II: 네트워크 확장 C→O
[getConnectedNeighbors] 결과: 1개 이웃 발견
[isRouteComplete 디버그] 5,3 이웃: 1 개
  edge 4: 이웃 (4, 1) 트랙 확인, 소유자 매칭 성공! 필요한 entryEdge: 1
[getConnectedNeighbors] 결과: 2개 이웃 발견
[isRouteComplete 디버그] 5,2 이웃: 2 개
  edge 1: 이웃 (5, 2) 트랙 확인, 소유자 매칭 성공! 필요한 entryEdge: 4
[getConnectedNeighbors] 결과: 2개 이웃 발견
[isRouteComplete 디버그] 4,1 이웃: 2 개
[isRouteComplete 디버그] W→C 연결 찾음!
[AI 경로] 컴퓨터-기차II: 모든 배달 기회가 이미 연결되어 있음
[AI 경로] 컴퓨터-기차II: 네트워크 확장 C→O
[getConnectedNeighbors] 결과: 1개 이웃 발견
[isRouteComplete 디버그] 5,0 이웃: 1 개
  edge 1: 이웃 (5, 2) 트랙 확인, 소유자 매칭 성공! 필요한 entryEdge: 4
[getConnectedNeighbors] 결과: 2개 이웃 발견
[isRouteComplete 디버그] 4,1 이웃: 2 개
  edge 4: 이웃 (4, 1) 트랙 확인, 소유자 매칭 성공! 필요한 entryEdge: 1
[getConnectedNeighbors] 결과: 2개 이웃 발견
[isRouteComplete 디버그] 5,2 이웃: 2 개
[getConnectedNeighbors] 결과: 1개 이웃 발견
[isRouteComplete 디버그] 5,3 이웃: 1 개
[isRouteComplete 디버그] C→O 연결 실패
[getConnectedNeighbors] 결과: 1개 이웃 발견
  edge 1: 이웃 (5, 2) 트랙 확인, 소유자 매칭 성공! 필요한 entryEdge: 4
[getConnectedNeighbors] 결과: 1개 이웃 발견
[getConnectedNeighbors] 결과: 1개 이웃 발견
[getConnectedNeighbors] 결과: 0개 이웃 발견
[AI 트랙] 출발지(C) 망에서만 확장 후보 탐색 (순차 건설 강제)
[getConnectedNeighbors] 결과: 1개 이웃 발견
  edge 1: 이웃 (5, 2) 트랙 확인, 소유자 매칭 성공! 필요한 entryEdge: 4
[getConnectedNeighbors] 결과: 2개 이웃 발견
  edge 4: 이웃 (4, 1) 트랙 확인, 소유자 매칭 성공! 필요한 entryEdge: 1
[getConnectedNeighbors] 결과: 2개 이웃 발견
[getConnectedNeighbors] 결과: 1개 이웃 발견
[getConnectedNeighbors] 결과: 1개 이웃 발견
  edge 1: 이웃 (5, 2) 트랙 확인, 소유자 매칭 성공! 필요한 entryEdge: 4
[getConnectedNeighbors] 결과: 2개 이웃 발견
  edge 4: 이웃 (4, 1) 트랙 확인, 소유자 매칭 성공! 필요한 entryEdge: 1
[getConnectedNeighbors] 결과: 2개 이웃 발견
[getConnectedNeighbors] 결과: 1개 이웃 발견
[getConnectedNeighbors] 결과: 1개 이웃 발견
  edge 1: 이웃 (5, 2) 트랙 확인, 소유자 매칭 성공! 필요한 entryEdge: 4
[getConnectedNeighbors] 결과: 2개 이웃 발견
  edge 4: 이웃 (4, 1) 트랙 확인, 소유자 매칭 성공! 필요한 entryEdge: 1
[getConnectedNeighbors] 결과: 2개 이웃 발견
[getConnectedNeighbors] 결과: 1개 이웃 발견
[getConnectedNeighbors] 결과: 1개 이웃 발견
  edge 1: 이웃 (5, 2) 트랙 확인, 소유자 매칭 성공! 필요한 entryEdge: 4
[getConnectedNeighbors] 결과: 2개 이웃 발견
  edge 4: 이웃 (4, 1) 트랙 확인, 소유자 매칭 성공! 필요한 entryEdge: 1
[getConnectedNeighbors] 결과: 2개 이웃 발견
[getConnectedNeighbors] 결과: 1개 이웃 발견
[getConnectedNeighbors] 결과: 1개 이웃 발견
  edge 1: 이웃 (5, 2) 트랙 확인, 소유자 매칭 성공! 필요한 entryEdge: 4
[getConnectedNeighbors] 결과: 2개 이웃 발견
  edge 4: 이웃 (4, 1) 트랙 확인, 소유자 매칭 성공! 필요한 entryEdge: 1
[getConnectedNeighbors] 결과: 2개 이웃 발견
[getConnectedNeighbors] 결과: 1개 이웃 발견
[getConnectedNeighbors] 결과: 1개 이웃 발견
  edge 1: 이웃 (5, 2) 트랙 확인, 소유자 매칭 성공! 필요한 entryEdge: 4
[getConnectedNeighbors] 결과: 2개 이웃 발견
  edge 4: 이웃 (4, 1) 트랙 확인, 소유자 매칭 성공! 필요한 entryEdge: 1
[getConnectedNeighbors] 결과: 2개 이웃 발견
[getConnectedNeighbors] 결과: 1개 이웃 발견
[getConnectedNeighbors] 결과: 1개 이웃 발견
  edge 1: 이웃 (5, 2) 트랙 확인, 소유자 매칭 성공! 필요한 entryEdge: 4
[getConnectedNeighbors] 결과: 2개 이웃 발견
  edge 4: 이웃 (4, 1) 트랙 확인, 소유자 매칭 성공! 필요한 entryEdge: 1
[getConnectedNeighbors] 결과: 2개 이웃 발견
[getConnectedNeighbors] 결과: 1개 이웃 발견
[getConnectedNeighbors] 결과: 1개 이웃 발견
  edge 1: 이웃 (5, 2) 트랙 확인, 소유자 매칭 성공! 필요한 entryEdge: 4
[getConnectedNeighbors] 결과: 1개 이웃 발견
[getConnectedNeighbors] 결과: 1개 이웃 발견
[getConnectedNeighbors] 결과: 0개 이웃 발견
[getConnectedNeighbors] 결과: 1개 이웃 발견
  edge 1: 이웃 (5, 2) 트랙 확인, 소유자 매칭 성공! 필요한 entryEdge: 4
[getConnectedNeighbors] 결과: 2개 이웃 발견
  edge 4: 이웃 (4, 1) 트랙 확인, 소유자 매칭 성공! 필요한 entryEdge: 1
[getConnectedNeighbors] 결과: 2개 이웃 발견
[getConnectedNeighbors] 결과: 1개 이웃 발견
[getConnectedNeighbors] 결과: 1개 이웃 발견
  edge 1: 이웃 (5, 2) 트랙 확인, 소유자 매칭 성공! 필요한 entryEdge: 4
[getConnectedNeighbors] 결과: 2개 이웃 발견
  edge 4: 이웃 (4, 1) 트랙 확인, 소유자 매칭 성공! 필요한 entryEdge: 1
[getConnectedNeighbors] 결과: 2개 이웃 발견
[getConnectedNeighbors] 결과: 1개 이웃 발견
[getConnectedNeighbors] 결과: 1개 이웃 발견
  edge 1: 이웃 (5, 2) 트랙 확인, 소유자 매칭 성공! 필요한 entryEdge: 4
[getConnectedNeighbors] 결과: 2개 이웃 발견
  edge 4: 이웃 (4, 1) 트랙 확인, 소유자 매칭 성공! 필요한 entryEdge: 1
[getConnectedNeighbors] 결과: 2개 이웃 발견
[getConnectedNeighbors] 결과: 1개 이웃 발견
[getConnectedNeighbors] 결과: 1개 이웃 발견
  edge 1: 이웃 (5, 2) 트랙 확인, 소유자 매칭 성공! 필요한 entryEdge: 4
[getConnectedNeighbors] 결과: 2개 이웃 발견
  edge 4: 이웃 (4, 1) 트랙 확인, 소유자 매칭 성공! 필요한 entryEdge: 1
[getConnectedNeighbors] 결과: 2개 이웃 발견
[getConnectedNeighbors] 결과: 1개 이웃 발견
[getConnectedNeighbors] 결과: 1개 이웃 발견
  edge 1: 이웃 (5, 2) 트랙 확인, 소유자 매칭 성공! 필요한 entryEdge: 4
[getConnectedNeighbors] 결과: 2개 이웃 발견
  edge 4: 이웃 (4, 1) 트랙 확인, 소유자 매칭 성공! 필요한 entryEdge: 1
[getConnectedNeighbors] 결과: 2개 이웃 발견
[getConnectedNeighbors] 결과: 1개 이웃 발견
[getConnectedNeighbors] 결과: 1개 이웃 발견
  edge 1: 이웃 (5, 2) 트랙 확인, 소유자 매칭 성공! 필요한 entryEdge: 4
[getConnectedNeighbors] 결과: 2개 이웃 발견
  edge 4: 이웃 (4, 1) 트랙 확인, 소유자 매칭 성공! 필요한 entryEdge: 1
[getConnectedNeighbors] 결과: 2개 이웃 발견
[getConnectedNeighbors] 결과: 1개 이웃 발견
[getConnectedNeighbors] 결과: 1개 이웃 발견
  edge 1: 이웃 (5, 2) 트랙 확인, 소유자 매칭 성공! 필요한 entryEdge: 4
[getConnectedNeighbors] 결과: 2개 이웃 발견
  edge 4: 이웃 (4, 1) 트랙 확인, 소유자 매칭 성공! 필요한 entryEdge: 1
[getConnectedNeighbors] 결과: 2개 이웃 발견
[getConnectedNeighbors] 결과: 1개 이웃 발견
[AI 트랙] 컴퓨터-기차II: 건설 (4,0) edges=[0,3] $2 총점=530.0 [의도: 출발 도시 연결] (전략=화물 기반 동적 전략, 경로=C→O)

 [32m✓[39m src/ai/strategy/__tests__/debug_build.test.ts [2m([22m[2m4 tests[22m[2m | [22m[33m3 skipped[39m[2m)[22m[32m 51[2mms[22m[39m

[2m Test Files [22m [1m[32m1 passed[39m[22m[90m (1)[39m
[2m      Tests [22m [1m[32m1 passed[39m[22m[2m | [22m[33m3 skipped[39m[90m (4)[39m
[2m   Start at [22m 16:52:22
[2m   Duration [22m 165ms

[1m[42m PASS [49m[22m [32mWaiting for file changes...[39m
       [2mpress [22m[1mh[22m[2m to show help[22m[2m, [22m[2mpress [22m[1mq[22m[2m to quit[22m
c[3J[1m[44m RERUN [49m[22m [34m[2msrc/ai/strategy/__tests__/debug_build.test.ts [22m[34mx12 [34m[39m
       [2m Filename pattern: [22m[34msrc/ai/strategy/__tests__/debug_build.test.ts[39m
       [2m Test name pattern: [22m[34m/연속 건설/[39m

[90mstdout[2m | src/ai/strategy/__tests__/debug_build.test.ts[2m > [22m[2mAI Build Sequential & Anti-Fragment Verification[2m > [22m[2m연속 건설(Continuity) 검증: 한 턴 내 3개 트랙이 끊기지 않고 이어져야 함
[22m[39m[getConnectedNeighbors] 결과: 0개 이웃 발견
[isRouteComplete 디버그] 5,3 이웃: 0 개
[isRouteComplete 디버그] W→C 연결 실패
[AI 경로] 컴퓨터-기차II: W→C (blue 화물, 거리 3)
[getConnectedNeighbors] 결과: 0개 이웃 발견
[isRouteComplete 디버그] 5,3 이웃: 0 개
[isRouteComplete 디버그] W→C 연결 실패
[AI 경로] 컴퓨터-기차II: W→C (blue 화물, 거리 3)
[getConnectedNeighbors] 결과: 0개 이웃 발견
[isRouteComplete 디버그] 5,3 이웃: 0 개
[isRouteComplete 디버그] W→C 연결 실패
[AI 트랙] 첫 트랙: W 도시에서 시작
[getConnectedNeighbors] 결과: 0개 이웃 발견
[getConnectedNeighbors] 결과: 0개 이웃 발견
[getConnectedNeighbors] 결과: 0개 이웃 발견
[getConnectedNeighbors] 결과: 0개 이웃 발견
[getConnectedNeighbors] 결과: 0개 이웃 발견
[getConnectedNeighbors] 결과: 0개 이웃 발견
[getConnectedNeighbors] 결과: 0개 이웃 발견
[getConnectedNeighbors] 결과: 0개 이웃 발견
[getConnectedNeighbors] 결과: 0개 이웃 발견
[getConnectedNeighbors] 결과: 0개 이웃 발견
[getConnectedNeighbors] 결과: 0개 이웃 발견
[getConnectedNeighbors] 결과: 0개 이웃 발견
[getConnectedNeighbors] 결과: 0개 이웃 발견
[getConnectedNeighbors] 결과: 0개 이웃 발견
[getConnectedNeighbors] 결과: 0개 이웃 발견
[getConnectedNeighbors] 결과: 0개 이웃 발견
[getConnectedNeighbors] 결과: 0개 이웃 발견
[getConnectedNeighbors] 결과: 0개 이웃 발견
[getConnectedNeighbors] 결과: 0개 이웃 발견
[AI 트랙] 컴퓨터-기차II: 건설 (5,2) edges=[1,4] $2 총점=1951.0 [의도: 출발 도시 연결] (전략=화물 기반 동적 전략, 경로=W→C)
[getConnectedNeighbors] 결과: 1개 이웃 발견
[isRouteComplete 디버그] 5,3 이웃: 1 개
[getConnectedNeighbors] 결과: 1개 이웃 발견
[isRouteComplete 디버그] 5,2 이웃: 1 개
[isRouteComplete 디버그] W→C 연결 실패
[AI 경로] 컴퓨터-기차II: 현재 경로 W→C 유지 (진행도: 33%)
[getConnectedNeighbors] 결과: 1개 이웃 발견
[isRouteComplete 디버그] 5,3 이웃: 1 개
[getConnectedNeighbors] 결과: 1개 이웃 발견
[isRouteComplete 디버그] 5,2 이웃: 1 개
[isRouteComplete 디버그] W→C 연결 실패
[AI 경로] 컴퓨터-기차II: W→C (blue 화물, 거리 3)
[getConnectedNeighbors] 결과: 1개 이웃 발견
[isRouteComplete 디버그] 5,3 이웃: 1 개
[getConnectedNeighbors] 결과: 1개 이웃 발견
[isRouteComplete 디버그] 5,2 이웃: 1 개
[isRouteComplete 디버그] W→C 연결 실패
[getConnectedNeighbors] 결과: 1개 이웃 발견
[getConnectedNeighbors] 결과: 0개 이웃 발견
[AI 트랙] 출발지(W) 망에서만 확장 후보 탐색 (순차 건설 강제)
[getConnectedNeighbors] 결과: 1개 이웃 발견
[getConnectedNeighbors] 결과: 1개 이웃 발견
[getConnectedNeighbors] 결과: 1개 이웃 발견
[getConnectedNeighbors] 결과: 1개 이웃 발견
[getConnectedNeighbors] 결과: 1개 이웃 발견
[getConnectedNeighbors] 결과: 1개 이웃 발견
[getConnectedNeighbors] 결과: 1개 이웃 발견
[getConnectedNeighbors] 결과: 1개 이웃 발견
[getConnectedNeighbors] 결과: 1개 이웃 발견
[getConnectedNeighbors] 결과: 1개 이웃 발견
[getConnectedNeighbors] 결과: 1개 이웃 발견
[getConnectedNeighbors] 결과: 1개 이웃 발견
[getConnectedNeighbors] 결과: 1개 이웃 발견
[getConnectedNeighbors] 결과: 1개 이웃 발견
[getConnectedNeighbors] 결과: 1개 이웃 발견
[getConnectedNeighbors] 결과: 1개 이웃 발견
[getConnectedNeighbors] 결과: 1개 이웃 발견
[getConnectedNeighbors] 결과: 1개 이웃 발견
[getConnectedNeighbors] 결과: 1개 이웃 발견
[getConnectedNeighbors] 결과: 1개 이웃 발견
[getConnectedNeighbors] 결과: 1개 이웃 발견
[getConnectedNeighbors] 결과: 1개 이웃 발견
[getConnectedNeighbors] 결과: 1개 이웃 발견
[getConnectedNeighbors] 결과: 1개 이웃 발견
[getConnectedNeighbors] 결과: 1개 이웃 발견
[getConnectedNeighbors] 결과: 1개 이웃 발견
[getConnectedNeighbors] 결과: 1개 이웃 발견
[getConnectedNeighbors] 결과: 1개 이웃 발견
[getConnectedNeighbors] 결과: 1개 이웃 발견
[getConnectedNeighbors] 결과: 1개 이웃 발견
[getConnectedNeighbors] 결과: 1개 이웃 발견
[getConnectedNeighbors] 결과: 1개 이웃 발견
[getConnectedNeighbors] 결과: 1개 이웃 발견
[getConnectedNeighbors] 결과: 1개 이웃 발견
[getConnectedNeighbors] 결과: 1개 이웃 발견
[getConnectedNeighbors] 결과: 1개 이웃 발견
[getConnectedNeighbors] 결과: 1개 이웃 발견
[getConnectedNeighbors] 결과: 1개 이웃 발견
[getConnectedNeighbors] 결과: 1개 이웃 발견
[getConnectedNeighbors] 결과: 0개 이웃 발견
[getConnectedNeighbors] 결과: 1개 이웃 발견
[getConnectedNeighbors] 결과: 1개 이웃 발견
[getConnectedNeighbors] 결과: 1개 이웃 발견
[getConnectedNeighbors] 결과: 1개 이웃 발견
[getConnectedNeighbors] 결과: 1개 이웃 발견
[getConnectedNeighbors] 결과: 1개 이웃 발견
[getConnectedNeighbors] 결과: 1개 이웃 발견
[getConnectedNeighbors] 결과: 1개 이웃 발견
[getConnectedNeighbors] 결과: 1개 이웃 발견
[getConnectedNeighbors] 결과: 1개 이웃 발견
[getConnectedNeighbors] 결과: 1개 이웃 발견
[getConnectedNeighbors] 결과: 1개 이웃 발견
[getConnectedNeighbors] 결과: 1개 이웃 발견
[getConnectedNeighbors] 결과: 1개 이웃 발견
[getConnectedNeighbors] 결과: 1개 이웃 발견
[getConnectedNeighbors] 결과: 1개 이웃 발견
[getConnectedNeighbors] 결과: 1개 이웃 발견
[getConnectedNeighbors] 결과: 1개 이웃 발견
[getConnectedNeighbors] 결과: 1개 이웃 발견
[getConnectedNeighbors] 결과: 1개 이웃 발견
[getConnectedNeighbors] 결과: 1개 이웃 발견
[getConnectedNeighbors] 결과: 1개 이웃 발견
[getConnectedNeighbors] 결과: 1개 이웃 발견
[getConnectedNeighbors] 결과: 1개 이웃 발견
[getConnectedNeighbors] 결과: 1개 이웃 발견
[getConnectedNeighbors] 결과: 1개 이웃 발견
[getConnectedNeighbors] 결과: 1개 이웃 발견
[getConnectedNeighbors] 결과: 1개 이웃 발견
[getConnectedNeighbors] 결과: 1개 이웃 발견
[getConnectedNeighbors] 결과: 1개 이웃 발견
[getConnectedNeighbors] 결과: 1개 이웃 발견
[getConnectedNeighbors] 결과: 1개 이웃 발견
[getConnectedNeighbors] 결과: 1개 이웃 발견
[getConnectedNeighbors] 결과: 1개 이웃 발견
[getConnectedNeighbors] 결과: 1개 이웃 발견
[getConnectedNeighbors] 결과: 1개 이웃 발견
[getConnectedNeighbors] 결과: 1개 이웃 발견
[getConnectedNeighbors] 결과: 1개 이웃 발견
[AI 트랙] 컴퓨터-기차II: 건설 (4,1) edges=[1,5] $2 총점=5533.0 [의도: 목적 도시 연결 완성] (전략=화물 기반 동적 전략, 경로=W→C)
[getConnectedNeighbors] 결과: 1개 이웃 발견
[isRouteComplete 디버그] 5,3 이웃: 1 개
  edge 4: 이웃 (4, 1) 트랙 확인, 소유자 매칭 성공! 필요한 entryEdge: 1
[getConnectedNeighbors] 결과: 2개 이웃 발견
[isRouteComplete 디버그] 5,2 이웃: 2 개
  edge 1: 이웃 (5, 2) 트랙 확인, 소유자 매칭 성공! 필요한 entryEdge: 4
[getConnectedNeighbors] 결과: 2개 이웃 발견
[isRouteComplete 디버그] 4,1 이웃: 2 개
[isRouteComplete 디버그] W→C 연결 찾음!
[AI 경로] W→C 경로 완성됨!
[AI 경로] 컴퓨터-기차II: 경로 W→C 완성됨, 새 경로 탐색
[getConnectedNeighbors] 결과: 1개 이웃 발견
[isRouteComplete 디버그] 5,3 이웃: 1 개
  edge 4: 이웃 (4, 1) 트랙 확인, 소유자 매칭 성공! 필요한 entryEdge: 1
[getConnectedNeighbors] 결과: 2개 이웃 발견
[isRouteComplete 디버그] 5,2 이웃: 2 개
  edge 1: 이웃 (5, 2) 트랙 확인, 소유자 매칭 성공! 필요한 entryEdge: 4
[getConnectedNeighbors] 결과: 2개 이웃 발견
[isRouteComplete 디버그] 4,1 이웃: 2 개
[isRouteComplete 디버그] W→C 연결 찾음!
[AI 경로] 컴퓨터-기차II: 모든 배달 기회가 이미 연결되어 있음
[AI 경로] 컴퓨터-기차II: 네트워크 확장 C→O
[getConnectedNeighbors] 결과: 1개 이웃 발견
[isRouteComplete 디버그] 5,3 이웃: 1 개
  edge 4: 이웃 (4, 1) 트랙 확인, 소유자 매칭 성공! 필요한 entryEdge: 1
[getConnectedNeighbors] 결과: 2개 이웃 발견
[isRouteComplete 디버그] 5,2 이웃: 2 개
  edge 1: 이웃 (5, 2) 트랙 확인, 소유자 매칭 성공! 필요한 entryEdge: 4
[getConnectedNeighbors] 결과: 2개 이웃 발견
[isRouteComplete 디버그] 4,1 이웃: 2 개
[isRouteComplete 디버그] W→C 연결 찾음!
[AI 경로] 컴퓨터-기차II: 모든 배달 기회가 이미 연결되어 있음
[AI 경로] 컴퓨터-기차II: 네트워크 확장 C→O
[getConnectedNeighbors] 결과: 1개 이웃 발견
[isRouteComplete 디버그] 5,0 이웃: 1 개
  edge 1: 이웃 (5, 2) 트랙 확인, 소유자 매칭 성공! 필요한 entryEdge: 4
[getConnectedNeighbors] 결과: 2개 이웃 발견
[isRouteComplete 디버그] 4,1 이웃: 2 개
  edge 4: 이웃 (4, 1) 트랙 확인, 소유자 매칭 성공! 필요한 entryEdge: 1
[getConnectedNeighbors] 결과: 2개 이웃 발견
[isRouteComplete 디버그] 5,2 이웃: 2 개
[getConnectedNeighbors] 결과: 1개 이웃 발견
[isRouteComplete 디버그] 5,3 이웃: 1 개
[isRouteComplete 디버그] C→O 연결 실패
[getConnectedNeighbors] 결과: 1개 이웃 발견
  edge 1: 이웃 (5, 2) 트랙 확인, 소유자 매칭 성공! 필요한 entryEdge: 4
[getConnectedNeighbors] 결과: 1개 이웃 발견
[getConnectedNeighbors] 결과: 1개 이웃 발견
[getConnectedNeighbors] 결과: 0개 이웃 발견
[AI 트랙] 출발지(C) 망에서만 확장 후보 탐색 (순차 건설 강제)
[getConnectedNeighbors] 결과: 1개 이웃 발견
  edge 1: 이웃 (5, 2) 트랙 확인, 소유자 매칭 성공! 필요한 entryEdge: 4
[getConnectedNeighbors] 결과: 2개 이웃 발견
  edge 4: 이웃 (4, 1) 트랙 확인, 소유자 매칭 성공! 필요한 entryEdge: 1
[getConnectedNeighbors] 결과: 2개 이웃 발견
[getConnectedNeighbors] 결과: 1개 이웃 발견
[getConnectedNeighbors] 결과: 1개 이웃 발견
  edge 1: 이웃 (5, 2) 트랙 확인, 소유자 매칭 성공! 필요한 entryEdge: 4
[getConnectedNeighbors] 결과: 2개 이웃 발견
  edge 4: 이웃 (4, 1) 트랙 확인, 소유자 매칭 성공! 필요한 entryEdge: 1
[getConnectedNeighbors] 결과: 2개 이웃 발견
[getConnectedNeighbors] 결과: 1개 이웃 발견
[getConnectedNeighbors] 결과: 1개 이웃 발견
  edge 1: 이웃 (5, 2) 트랙 확인, 소유자 매칭 성공! 필요한 entryEdge: 4
[getConnectedNeighbors] 결과: 2개 이웃 발견
  edge 4: 이웃 (4, 1) 트랙 확인, 소유자 매칭 성공! 필요한 entryEdge: 1
[getConnectedNeighbors] 결과: 2개 이웃 발견
[getConnectedNeighbors] 결과: 1개 이웃 발견
[getConnectedNeighbors] 결과: 1개 이웃 발견
  edge 1: 이웃 (5, 2) 트랙 확인, 소유자 매칭 성공! 필요한 entryEdge: 4
[getConnectedNeighbors] 결과: 2개 이웃 발견
  edge 4: 이웃 (4, 1) 트랙 확인, 소유자 매칭 성공! 필요한 entryEdge: 1
[getConnectedNeighbors] 결과: 2개 이웃 발견
[getConnectedNeighbors] 결과: 1개 이웃 발견
[getConnectedNeighbors] 결과: 1개 이웃 발견
  edge 1: 이웃 (5, 2) 트랙 확인, 소유자 매칭 성공! 필요한 entryEdge: 4
[getConnectedNeighbors] 결과: 2개 이웃 발견
  edge 4: 이웃 (4, 1) 트랙 확인, 소유자 매칭 성공! 필요한 entryEdge: 1
[getConnectedNeighbors] 결과: 2개 이웃 발견
[getConnectedNeighbors] 결과: 1개 이웃 발견
[getConnectedNeighbors] 결과: 1개 이웃 발견
  edge 1: 이웃 (5, 2) 트랙 확인, 소유자 매칭 성공! 필요한 entryEdge: 4
[getConnectedNeighbors] 결과: 2개 이웃 발견
  edge 4: 이웃 (4, 1) 트랙 확인, 소유자 매칭 성공! 필요한 entryEdge: 1
[getConnectedNeighbors] 결과: 2개 이웃 발견
[getConnectedNeighbors] 결과: 1개 이웃 발견
[getConnectedNeighbors] 결과: 1개 이웃 발견
  edge 1: 이웃 (5, 2) 트랙 확인, 소유자 매칭 성공! 필요한 entryEdge: 4
[getConnectedNeighbors] 결과: 2개 이웃 발견
  edge 4: 이웃 (4, 1) 트랙 확인, 소유자 매칭 성공! 필요한 entryEdge: 1
[getConnectedNeighbors] 결과: 2개 이웃 발견
[getConnectedNeighbors] 결과: 1개 이웃 발견
[getConnectedNeighbors] 결과: 1개 이웃 발견
  edge 1: 이웃 (5, 2) 트랙 확인, 소유자 매칭 성공! 필요한 entryEdge: 4
[getConnectedNeighbors] 결과: 1개 이웃 발견
[getConnectedNeighbors] 결과: 1개 이웃 발견
[getConnectedNeighbors] 결과: 0개 이웃 발견
[getConnectedNeighbors] 결과: 1개 이웃 발견
  edge 1: 이웃 (5, 2) 트랙 확인, 소유자 매칭 성공! 필요한 entryEdge: 4
[getConnectedNeighbors] 결과: 2개 이웃 발견
  edge 4: 이웃 (4, 1) 트랙 확인, 소유자 매칭 성공! 필요한 entryEdge: 1
[getConnectedNeighbors] 결과: 2개 이웃 발견
[getConnectedNeighbors] 결과: 1개 이웃 발견
[getConnectedNeighbors] 결과: 1개 이웃 발견
  edge 1: 이웃 (5, 2) 트랙 확인, 소유자 매칭 성공! 필요한 entryEdge: 4
[getConnectedNeighbors] 결과: 2개 이웃 발견
  edge 4: 이웃 (4, 1) 트랙 확인, 소유자 매칭 성공! 필요한 entryEdge: 1
[getConnectedNeighbors] 결과: 2개 이웃 발견
[getConnectedNeighbors] 결과: 1개 이웃 발견
[getConnectedNeighbors] 결과: 1개 이웃 발견
  edge 1: 이웃 (5, 2) 트랙 확인, 소유자 매칭 성공! 필요한 entryEdge: 4
[getConnectedNeighbors] 결과: 2개 이웃 발견
  edge 4: 이웃 (4, 1) 트랙 확인, 소유자 매칭 성공! 필요한 entryEdge: 1
[getConnectedNeighbors] 결과: 2개 이웃 발견
[getConnectedNeighbors] 결과: 1개 이웃 발견
[getConnectedNeighbors] 결과: 1개 이웃 발견
  edge 1: 이웃 (5, 2) 트랙 확인, 소유자 매칭 성공! 필요한 entryEdge: 4
[getConnectedNeighbors] 결과: 2개 이웃 발견
  edge 4: 이웃 (4, 1) 트랙 확인, 소유자 매칭 성공! 필요한 entryEdge: 1
[getConnectedNeighbors] 결과: 2개 이웃 발견
[getConnectedNeighbors] 결과: 1개 이웃 발견
[getConnectedNeighbors] 결과: 1개 이웃 발견
  edge 1: 이웃 (5, 2) 트랙 확인, 소유자 매칭 성공! 필요한 entryEdge: 4
[getConnectedNeighbors] 결과: 2개 이웃 발견
  edge 4: 이웃 (4, 1) 트랙 확인, 소유자 매칭 성공! 필요한 entryEdge: 1
[getConnectedNeighbors] 결과: 2개 이웃 발견
[getConnectedNeighbors] 결과: 1개 이웃 발견
[getConnectedNeighbors] 결과: 1개 이웃 발견
  edge 1: 이웃 (5, 2) 트랙 확인, 소유자 매칭 성공! 필요한 entryEdge: 4
[getConnectedNeighbors] 결과: 2개 이웃 발견
  edge 4: 이웃 (4, 1) 트랙 확인, 소유자 매칭 성공! 필요한 entryEdge: 1
[getConnectedNeighbors] 결과: 2개 이웃 발견
[getConnectedNeighbors] 결과: 1개 이웃 발견
[getConnectedNeighbors] 결과: 1개 이웃 발견
  edge 1: 이웃 (5, 2) 트랙 확인, 소유자 매칭 성공! 필요한 entryEdge: 4
[getConnectedNeighbors] 결과: 2개 이웃 발견
  edge 4: 이웃 (4, 1) 트랙 확인, 소유자 매칭 성공! 필요한 entryEdge: 1
[getConnectedNeighbors] 결과: 2개 이웃 발견
[getConnectedNeighbors] 결과: 1개 이웃 발견
[AI 트랙] 컴퓨터-기차II: 건설 (4,0) edges=[0,3] $2 총점=530.0 [의도: 출발 도시 연결] (전략=화물 기반 동적 전략, 경로=C→O)

 [32m✓[39m src/ai/strategy/__tests__/debug_build.test.ts [2m([22m[2m6 tests[22m[2m | [22m[33m5 skipped[39m[2m)[22m[32m 128[2mms[22m[39m

[2m Test Files [22m [1m[32m1 passed[39m[22m[90m (1)[39m
[2m      Tests [22m [1m[32m1 passed[39m[22m[2m | [22m[33m5 skipped[39m[90m (6)[39m
[2m   Start at [22m 16:52:56
[2m   Duration [22m 342ms

[1m[42m PASS [49m[22m [32mWaiting for file changes...[39m
       [2mpress [22m[1mh[22m[2m to show help[22m[2m, [22m[2mpress [22m[1mq[22m[2m to quit[22m
c[3J[1m[44m RERUN [49m[22m [34m[2msrc/ai/strategy/__tests__/debug_build.test.ts [22m[34mx13 [34m[39m
       [2m Filename pattern: [22m[34msrc/ai/strategy/__tests__/debug_build.test.ts[39m
       [2m Test name pattern: [22m[34m/연속 건설/[39m

[90mstdout[2m | src/ai/strategy/__tests__/debug_build.test.ts[2m > [22m[2mAI Build Sequential & Anti-Fragment Verification[2m > [22m[2m연속 건설(Continuity) 검증: 한 턴 내 3개 트랙이 끊기지 않고 이어져야 함
[22m[39m[getConnectedNeighbors] 결과: 0개 이웃 발견
[isRouteComplete 디버그] 5,3 이웃: 0 개
[isRouteComplete 디버그] W→C 연결 실패
[AI 경로] 컴퓨터-기차II: W→C (blue 화물, 거리 3)
[getConnectedNeighbors] 결과: 0개 이웃 발견
[isRouteComplete 디버그] 5,3 이웃: 0 개
[isRouteComplete 디버그] W→C 연결 실패
[AI 경로] 컴퓨터-기차II: W→C (blue 화물, 거리 3)
[getConnectedNeighbors] 결과: 0개 이웃 발견
[isRouteComplete 디버그] 5,3 이웃: 0 개
[isRouteComplete 디버그] W→C 연결 실패
[AI 트랙] 첫 트랙: W 도시에서 시작
[getConnectedNeighbors] 결과: 0개 이웃 발견
[getConnectedNeighbors] 결과: 0개 이웃 발견
[getConnectedNeighbors] 결과: 0개 이웃 발견
[getConnectedNeighbors] 결과: 0개 이웃 발견
[getConnectedNeighbors] 결과: 0개 이웃 발견
[getConnectedNeighbors] 결과: 0개 이웃 발견
[getConnectedNeighbors] 결과: 0개 이웃 발견
[getConnectedNeighbors] 결과: 0개 이웃 발견
[getConnectedNeighbors] 결과: 0개 이웃 발견
[getConnectedNeighbors] 결과: 0개 이웃 발견
[getConnectedNeighbors] 결과: 0개 이웃 발견
[getConnectedNeighbors] 결과: 0개 이웃 발견
[getConnectedNeighbors] 결과: 0개 이웃 발견
[getConnectedNeighbors] 결과: 0개 이웃 발견
[getConnectedNeighbors] 결과: 0개 이웃 발견
[getConnectedNeighbors] 결과: 0개 이웃 발견
[getConnectedNeighbors] 결과: 0개 이웃 발견
[getConnectedNeighbors] 결과: 0개 이웃 발견
[getConnectedNeighbors] 결과: 0개 이웃 발견
[AI 트랙] 컴퓨터-기차II: 건설 (5,2) edges=[1,4] $2 총점=1951.0 [의도: 출발 도시 연결] (전략=화물 기반 동적 전략, 경로=W→C)
[getConnectedNeighbors] 결과: 1개 이웃 발견
[isRouteComplete 디버그] 5,3 이웃: 1 개
[getConnectedNeighbors] 결과: 1개 이웃 발견
[isRouteComplete 디버그] 5,2 이웃: 1 개
[isRouteComplete 디버그] W→C 연결 실패
[AI 경로] 컴퓨터-기차II: 현재 경로 W→C 유지 (진행도: 33%)
[getConnectedNeighbors] 결과: 1개 이웃 발견
[isRouteComplete 디버그] 5,3 이웃: 1 개
[getConnectedNeighbors] 결과: 1개 이웃 발견
[isRouteComplete 디버그] 5,2 이웃: 1 개
[isRouteComplete 디버그] W→C 연결 실패
[AI 경로] 컴퓨터-기차II: W→C (blue 화물, 거리 3)
[getConnectedNeighbors] 결과: 1개 이웃 발견
[isRouteComplete 디버그] 5,3 이웃: 1 개
[getConnectedNeighbors] 결과: 1개 이웃 발견
[isRouteComplete 디버그] 5,2 이웃: 1 개
[isRouteComplete 디버그] W→C 연결 실패
[getConnectedNeighbors] 결과: 1개 이웃 발견
[getConnectedNeighbors] 결과: 0개 이웃 발견
[AI 트랙] 출발지(W) 망에서만 확장 후보 탐색 (순차 건설 강제)
[getConnectedNeighbors] 결과: 1개 이웃 발견
[getConnectedNeighbors] 결과: 1개 이웃 발견
[getConnectedNeighbors] 결과: 1개 이웃 발견
[getConnectedNeighbors] 결과: 1개 이웃 발견
[getConnectedNeighbors] 결과: 1개 이웃 발견
[getConnectedNeighbors] 결과: 1개 이웃 발견
[getConnectedNeighbors] 결과: 1개 이웃 발견
[getConnectedNeighbors] 결과: 1개 이웃 발견
[getConnectedNeighbors] 결과: 1개 이웃 발견
[getConnectedNeighbors] 결과: 1개 이웃 발견
[getConnectedNeighbors] 결과: 1개 이웃 발견
[getConnectedNeighbors] 결과: 1개 이웃 발견
[getConnectedNeighbors] 결과: 1개 이웃 발견
[getConnectedNeighbors] 결과: 1개 이웃 발견
[getConnectedNeighbors] 결과: 1개 이웃 발견
[getConnectedNeighbors] 결과: 1개 이웃 발견
[getConnectedNeighbors] 결과: 1개 이웃 발견
[getConnectedNeighbors] 결과: 1개 이웃 발견
[getConnectedNeighbors] 결과: 1개 이웃 발견
[getConnectedNeighbors] 결과: 1개 이웃 발견
[getConnectedNeighbors] 결과: 1개 이웃 발견
[getConnectedNeighbors] 결과: 1개 이웃 발견
[getConnectedNeighbors] 결과: 1개 이웃 발견
[getConnectedNeighbors] 결과: 1개 이웃 발견
[getConnectedNeighbors] 결과: 1개 이웃 발견
[getConnectedNeighbors] 결과: 1개 이웃 발견
[getConnectedNeighbors] 결과: 1개 이웃 발견
[getConnectedNeighbors] 결과: 1개 이웃 발견
[getConnectedNeighbors] 결과: 1개 이웃 발견
[getConnectedNeighbors] 결과: 1개 이웃 발견
[getConnectedNeighbors] 결과: 1개 이웃 발견
[getConnectedNeighbors] 결과: 1개 이웃 발견
[getConnectedNeighbors] 결과: 1개 이웃 발견
[getConnectedNeighbors] 결과: 1개 이웃 발견
[getConnectedNeighbors] 결과: 1개 이웃 발견
[getConnectedNeighbors] 결과: 1개 이웃 발견
[getConnectedNeighbors] 결과: 1개 이웃 발견
[getConnectedNeighbors] 결과: 1개 이웃 발견
[getConnectedNeighbors] 결과: 1개 이웃 발견
[getConnectedNeighbors] 결과: 0개 이웃 발견
[getConnectedNeighbors] 결과: 1개 이웃 발견
[getConnectedNeighbors] 결과: 1개 이웃 발견
[getConnectedNeighbors] 결과: 1개 이웃 발견
[getConnectedNeighbors] 결과: 1개 이웃 발견
[getConnectedNeighbors] 결과: 1개 이웃 발견
[getConnectedNeighbors] 결과: 1개 이웃 발견
[getConnectedNeighbors] 결과: 1개 이웃 발견
[getConnectedNeighbors] 결과: 1개 이웃 발견
[getConnectedNeighbors] 결과: 1개 이웃 발견
[getConnectedNeighbors] 결과: 1개 이웃 발견
[getConnectedNeighbors] 결과: 1개 이웃 발견
[getConnectedNeighbors] 결과: 1개 이웃 발견
[getConnectedNeighbors] 결과: 1개 이웃 발견
[getConnectedNeighbors] 결과: 1개 이웃 발견
[getConnectedNeighbors] 결과: 1개 이웃 발견
[getConnectedNeighbors] 결과: 1개 이웃 발견
[getConnectedNeighbors] 결과: 1개 이웃 발견
[getConnectedNeighbors] 결과: 1개 이웃 발견
[getConnectedNeighbors] 결과: 1개 이웃 발견
[getConnectedNeighbors] 결과: 1개 이웃 발견
[getConnectedNeighbors] 결과: 1개 이웃 발견
[getConnectedNeighbors] 결과: 1개 이웃 발견
[getConnectedNeighbors] 결과: 1개 이웃 발견
[getConnectedNeighbors] 결과: 1개 이웃 발견
[getConnectedNeighbors] 결과: 1개 이웃 발견
[getConnectedNeighbors] 결과: 1개 이웃 발견
[getConnectedNeighbors] 결과: 1개 이웃 발견
[getConnectedNeighbors] 결과: 1개 이웃 발견
[getConnectedNeighbors] 결과: 1개 이웃 발견
[getConnectedNeighbors] 결과: 1개 이웃 발견
[getConnectedNeighbors] 결과: 1개 이웃 발견
[getConnectedNeighbors] 결과: 1개 이웃 발견
[getConnectedNeighbors] 결과: 1개 이웃 발견
[getConnectedNeighbors] 결과: 1개 이웃 발견
[getConnectedNeighbors] 결과: 1개 이웃 발견
[getConnectedNeighbors] 결과: 1개 이웃 발견
[getConnectedNeighbors] 결과: 1개 이웃 발견
[getConnectedNeighbors] 결과: 1개 이웃 발견
[AI 트랙] 컴퓨터-기차II: 건설 (4,1) edges=[1,5] $2 총점=5533.0 [의도: 목적 도시 연결 완성] (전략=화물 기반 동적 전략, 경로=W→C)
[getConnectedNeighbors] 결과: 1개 이웃 발견
[isRouteComplete 디버그] 5,3 이웃: 1 개
  edge 4: 이웃 (4, 1) 트랙 확인, 소유자 매칭 성공! 필요한 entryEdge: 1
[getConnectedNeighbors] 결과: 2개 이웃 발견
[isRouteComplete 디버그] 5,2 이웃: 2 개
  edge 1: 이웃 (5, 2) 트랙 확인, 소유자 매칭 성공! 필요한 entryEdge: 4
[getConnectedNeighbors] 결과: 2개 이웃 발견
[isRouteComplete 디버그] 4,1 이웃: 2 개
[isRouteComplete 디버그] W→C 연결 찾음!
[AI 경로] W→C 경로 완성됨!
[AI 경로] 컴퓨터-기차II: 경로 W→C 완성됨, 새 경로 탐색
[getConnectedNeighbors] 결과: 1개 이웃 발견
[isRouteComplete 디버그] 5,3 이웃: 1 개
  edge 4: 이웃 (4, 1) 트랙 확인, 소유자 매칭 성공! 필요한 entryEdge: 1
[getConnectedNeighbors] 결과: 2개 이웃 발견
[isRouteComplete 디버그] 5,2 이웃: 2 개
  edge 1: 이웃 (5, 2) 트랙 확인, 소유자 매칭 성공! 필요한 entryEdge: 4
[getConnectedNeighbors] 결과: 2개 이웃 발견
[isRouteComplete 디버그] 4,1 이웃: 2 개
[isRouteComplete 디버그] W→C 연결 찾음!
[AI 경로] 컴퓨터-기차II: 모든 배달 기회가 이미 연결되어 있음
[AI 경로] 컴퓨터-기차II: 네트워크 확장 C→O
[getConnectedNeighbors] 결과: 1개 이웃 발견
[isRouteComplete 디버그] 5,3 이웃: 1 개
  edge 4: 이웃 (4, 1) 트랙 확인, 소유자 매칭 성공! 필요한 entryEdge: 1
[getConnectedNeighbors] 결과: 2개 이웃 발견
[isRouteComplete 디버그] 5,2 이웃: 2 개
  edge 1: 이웃 (5, 2) 트랙 확인, 소유자 매칭 성공! 필요한 entryEdge: 4
[getConnectedNeighbors] 결과: 2개 이웃 발견
[isRouteComplete 디버그] 4,1 이웃: 2 개
[isRouteComplete 디버그] W→C 연결 찾음!
[AI 경로] 컴퓨터-기차II: 모든 배달 기회가 이미 연결되어 있음
[AI 경로] 컴퓨터-기차II: 네트워크 확장 C→O
[getConnectedNeighbors] 결과: 1개 이웃 발견
[isRouteComplete 디버그] 5,0 이웃: 1 개
  edge 1: 이웃 (5, 2) 트랙 확인, 소유자 매칭 성공! 필요한 entryEdge: 4
[getConnectedNeighbors] 결과: 2개 이웃 발견
[isRouteComplete 디버그] 4,1 이웃: 2 개
  edge 4: 이웃 (4, 1) 트랙 확인, 소유자 매칭 성공! 필요한 entryEdge: 1
[getConnectedNeighbors] 결과: 2개 이웃 발견
[isRouteComplete 디버그] 5,2 이웃: 2 개
[getConnectedNeighbors] 결과: 1개 이웃 발견
[isRouteComplete 디버그] 5,3 이웃: 1 개
[isRouteComplete 디버그] C→O 연결 실패
[getConnectedNeighbors] 결과: 1개 이웃 발견
  edge 1: 이웃 (5, 2) 트랙 확인, 소유자 매칭 성공! 필요한 entryEdge: 4
[getConnectedNeighbors] 결과: 1개 이웃 발견
[getConnectedNeighbors] 결과: 1개 이웃 발견
[getConnectedNeighbors] 결과: 0개 이웃 발견
[AI 트랙] 출발지(C) 망에서만 확장 후보 탐색 (순차 건설 강제)
[getConnectedNeighbors] 결과: 1개 이웃 발견
  edge 1: 이웃 (5, 2) 트랙 확인, 소유자 매칭 성공! 필요한 entryEdge: 4
[getConnectedNeighbors] 결과: 2개 이웃 발견
  edge 4: 이웃 (4, 1) 트랙 확인, 소유자 매칭 성공! 필요한 entryEdge: 1
[getConnectedNeighbors] 결과: 2개 이웃 발견
[getConnectedNeighbors] 결과: 1개 이웃 발견
[getConnectedNeighbors] 결과: 1개 이웃 발견
  edge 1: 이웃 (5, 2) 트랙 확인, 소유자 매칭 성공! 필요한 entryEdge: 4
[getConnectedNeighbors] 결과: 2개 이웃 발견
  edge 4: 이웃 (4, 1) 트랙 확인, 소유자 매칭 성공! 필요한 entryEdge: 1
[getConnectedNeighbors] 결과: 2개 이웃 발견
[getConnectedNeighbors] 결과: 1개 이웃 발견
[getConnectedNeighbors] 결과: 1개 이웃 발견
  edge 1: 이웃 (5, 2) 트랙 확인, 소유자 매칭 성공! 필요한 entryEdge: 4
[getConnectedNeighbors] 결과: 2개 이웃 발견
  edge 4: 이웃 (4, 1) 트랙 확인, 소유자 매칭 성공! 필요한 entryEdge: 1
[getConnectedNeighbors] 결과: 2개 이웃 발견
[getConnectedNeighbors] 결과: 1개 이웃 발견
[getConnectedNeighbors] 결과: 1개 이웃 발견
  edge 1: 이웃 (5, 2) 트랙 확인, 소유자 매칭 성공! 필요한 entryEdge: 4
[getConnectedNeighbors] 결과: 2개 이웃 발견
  edge 4: 이웃 (4, 1) 트랙 확인, 소유자 매칭 성공! 필요한 entryEdge: 1
[getConnectedNeighbors] 결과: 2개 이웃 발견
[getConnectedNeighbors] 결과: 1개 이웃 발견
[getConnectedNeighbors] 결과: 1개 이웃 발견
  edge 1: 이웃 (5, 2) 트랙 확인, 소유자 매칭 성공! 필요한 entryEdge: 4
[getConnectedNeighbors] 결과: 2개 이웃 발견
  edge 4: 이웃 (4, 1) 트랙 확인, 소유자 매칭 성공! 필요한 entryEdge: 1
[getConnectedNeighbors] 결과: 2개 이웃 발견
[getConnectedNeighbors] 결과: 1개 이웃 발견
[getConnectedNeighbors] 결과: 1개 이웃 발견
  edge 1: 이웃 (5, 2) 트랙 확인, 소유자 매칭 성공! 필요한 entryEdge: 4
[getConnectedNeighbors] 결과: 2개 이웃 발견
  edge 4: 이웃 (4, 1) 트랙 확인, 소유자 매칭 성공! 필요한 entryEdge: 1
[getConnectedNeighbors] 결과: 2개 이웃 발견
[getConnectedNeighbors] 결과: 1개 이웃 발견
[getConnectedNeighbors] 결과: 1개 이웃 발견
  edge 1: 이웃 (5, 2) 트랙 확인, 소유자 매칭 성공! 필요한 entryEdge: 4
[getConnectedNeighbors] 결과: 2개 이웃 발견
  edge 4: 이웃 (4, 1) 트랙 확인, 소유자 매칭 성공! 필요한 entryEdge: 1
[getConnectedNeighbors] 결과: 2개 이웃 발견
[getConnectedNeighbors] 결과: 1개 이웃 발견
[getConnectedNeighbors] 결과: 1개 이웃 발견
  edge 1: 이웃 (5, 2) 트랙 확인, 소유자 매칭 성공! 필요한 entryEdge: 4
[getConnectedNeighbors] 결과: 1개 이웃 발견
[getConnectedNeighbors] 결과: 1개 이웃 발견
[getConnectedNeighbors] 결과: 0개 이웃 발견
[getConnectedNeighbors] 결과: 1개 이웃 발견
  edge 1: 이웃 (5, 2) 트랙 확인, 소유자 매칭 성공! 필요한 entryEdge: 4
[getConnectedNeighbors] 결과: 2개 이웃 발견
  edge 4: 이웃 (4, 1) 트랙 확인, 소유자 매칭 성공! 필요한 entryEdge: 1
[getConnectedNeighbors] 결과: 2개 이웃 발견
[getConnectedNeighbors] 결과: 1개 이웃 발견
[getConnectedNeighbors] 결과: 1개 이웃 발견
  edge 1: 이웃 (5, 2) 트랙 확인, 소유자 매칭 성공! 필요한 entryEdge: 4
[getConnectedNeighbors] 결과: 2개 이웃 발견
  edge 4: 이웃 (4, 1) 트랙 확인, 소유자 매칭 성공! 필요한 entryEdge: 1
[getConnectedNeighbors] 결과: 2개 이웃 발견
[getConnectedNeighbors] 결과: 1개 이웃 발견
[getConnectedNeighbors] 결과: 1개 이웃 발견
  edge 1: 이웃 (5, 2) 트랙 확인, 소유자 매칭 성공! 필요한 entryEdge: 4
[getConnectedNeighbors] 결과: 2개 이웃 발견
  edge 4: 이웃 (4, 1) 트랙 확인, 소유자 매칭 성공! 필요한 entryEdge: 1
[getConnectedNeighbors] 결과: 2개 이웃 발견
[getConnectedNeighbors] 결과: 1개 이웃 발견
[getConnectedNeighbors] 결과: 1개 이웃 발견
  edge 1: 이웃 (5, 2) 트랙 확인, 소유자 매칭 성공! 필요한 entryEdge: 4
[getConnectedNeighbors] 결과: 2개 이웃 발견
  edge 4: 이웃 (4, 1) 트랙 확인, 소유자 매칭 성공! 필요한 entryEdge: 1
[getConnectedNeighbors] 결과: 2개 이웃 발견
[getConnectedNeighbors] 결과: 1개 이웃 발견
[getConnectedNeighbors] 결과: 1개 이웃 발견
  edge 1: 이웃 (5, 2) 트랙 확인, 소유자 매칭 성공! 필요한 entryEdge: 4
[getConnectedNeighbors] 결과: 2개 이웃 발견
  edge 4: 이웃 (4, 1) 트랙 확인, 소유자 매칭 성공! 필요한 entryEdge: 1
[getConnectedNeighbors] 결과: 2개 이웃 발견
[getConnectedNeighbors] 결과: 1개 이웃 발견
[getConnectedNeighbors] 결과: 1개 이웃 발견
  edge 1: 이웃 (5, 2) 트랙 확인, 소유자 매칭 성공! 필요한 entryEdge: 4
[getConnectedNeighbors] 결과: 2개 이웃 발견
  edge 4: 이웃 (4, 1) 트랙 확인, 소유자 매칭 성공! 필요한 entryEdge: 1
[getConnectedNeighbors] 결과: 2개 이웃 발견
[getConnectedNeighbors] 결과: 1개 이웃 발견
[getConnectedNeighbors] 결과: 1개 이웃 발견
  edge 1: 이웃 (5, 2) 트랙 확인, 소유자 매칭 성공! 필요한 entryEdge: 4
[getConnectedNeighbors] 결과: 2개 이웃 발견
  edge 4: 이웃 (4, 1) 트랙 확인, 소유자 매칭 성공! 필요한 entryEdge: 1
[getConnectedNeighbors] 결과: 2개 이웃 발견
[getConnectedNeighbors] 결과: 1개 이웃 발견
[AI 트랙] 컴퓨터-기차II: 건설 (4,0) edges=[0,3] $2 총점=530.0 [의도: 출발 도시 연결] (전략=화물 기반 동적 전략, 경로=C→O)

 [32m✓[39m src/ai/strategy/__tests__/debug_build.test.ts [2m([22m[2m7 tests[22m[2m | [22m[33m6 skipped[39m[2m)[22m[32m 76[2mms[22m[39m

[2m Test Files [22m [1m[32m1 passed[39m[22m[90m (1)[39m
[2m      Tests [22m [1m[32m1 passed[39m[22m[2m | [22m[33m6 skipped[39m[90m (7)[39m
[2m   Start at [22m 16:59:59
[2m   Duration [22m 267ms

[1m[42m PASS [49m[22m [32mWaiting for file changes...[39m
       [2mpress [22m[1mh[22m[2m to show help[22m[2m, [22m[2mpress [22m[1mq[22m[2m to quit[22m
c[3J[1m[44m RERUN [49m[22m [34m[2msrc/utils/trackValidation.ts [22m[34mx14 [34m[39m
       [2m Filename pattern: [22m[34msrc/ai/strategy/__tests__/debug_build.test.ts[39m
       [2m Test name pattern: [22m[34m/연속 건설/[39m

[90mstdout[2m | src/ai/strategy/__tests__/debug_build.test.ts[2m > [22m[2mAI Build Sequential & Anti-Fragment Verification[2m > [22m[2m연속 건설(Continuity) 검증: 한 턴 내 3개 트랙이 끊기지 않고 이어져야 함
[22m[39m[getConnectedNeighbors] 결과: 0개 이웃 발견
[isRouteComplete 디버그] 5,3 이웃: 0 개
[isRouteComplete 디버그] W→C 연결 실패
[AI 경로] 컴퓨터-기차II: W→C (blue 화물, 거리 3)
[getConnectedNeighbors] 결과: 0개 이웃 발견
[isRouteComplete 디버그] 5,3 이웃: 0 개
[isRouteComplete 디버그] W→C 연결 실패
[AI 경로] 컴퓨터-기차II: W→C (blue 화물, 거리 3)
[getConnectedNeighbors] 결과: 0개 이웃 발견
[isRouteComplete 디버그] 5,3 이웃: 0 개
[isRouteComplete 디버그] W→C 연결 실패
[AI 트랙] 첫 트랙: W 도시에서 시작
[getConnectedNeighbors] 결과: 0개 이웃 발견
[getConnectedNeighbors] 결과: 0개 이웃 발견
[getConnectedNeighbors] 결과: 0개 이웃 발견
[getConnectedNeighbors] 결과: 0개 이웃 발견
[getConnectedNeighbors] 결과: 0개 이웃 발견
[getConnectedNeighbors] 결과: 0개 이웃 발견
[getConnectedNeighbors] 결과: 0개 이웃 발견
[getConnectedNeighbors] 결과: 0개 이웃 발견
[getConnectedNeighbors] 결과: 0개 이웃 발견
[getConnectedNeighbors] 결과: 0개 이웃 발견
[getConnectedNeighbors] 결과: 0개 이웃 발견
[getConnectedNeighbors] 결과: 0개 이웃 발견
[getConnectedNeighbors] 결과: 0개 이웃 발견
[getConnectedNeighbors] 결과: 0개 이웃 발견
[getConnectedNeighbors] 결과: 0개 이웃 발견
[getConnectedNeighbors] 결과: 0개 이웃 발견
[getConnectedNeighbors] 결과: 0개 이웃 발견
[getConnectedNeighbors] 결과: 0개 이웃 발견
[getConnectedNeighbors] 결과: 0개 이웃 발견
[AI 트랙] 컴퓨터-기차II: 건설 (5,2) edges=[1,4] $2 총점=1951.0 [의도: 출발 도시 연결] (전략=화물 기반 동적 전략, 경로=W→C)
[getConnectedNeighbors] 결과: 1개 이웃 발견
[isRouteComplete 디버그] 5,3 이웃: 1 개
[getConnectedNeighbors] 결과: 1개 이웃 발견
[isRouteComplete 디버그] 5,2 이웃: 1 개
[isRouteComplete 디버그] W→C 연결 실패
[AI 경로] 컴퓨터-기차II: 현재 경로 W→C 유지 (진행도: 33%)
[getConnectedNeighbors] 결과: 1개 이웃 발견
[isRouteComplete 디버그] 5,3 이웃: 1 개
[getConnectedNeighbors] 결과: 1개 이웃 발견
[isRouteComplete 디버그] 5,2 이웃: 1 개
[isRouteComplete 디버그] W→C 연결 실패
[AI 경로] 컴퓨터-기차II: W→C (blue 화물, 거리 3)
[getConnectedNeighbors] 결과: 1개 이웃 발견
[isRouteComplete 디버그] 5,3 이웃: 1 개
[getConnectedNeighbors] 결과: 1개 이웃 발견
[isRouteComplete 디버그] 5,2 이웃: 1 개
[isRouteComplete 디버그] W→C 연결 실패
[getConnectedNeighbors] 결과: 1개 이웃 발견
[getConnectedNeighbors] 결과: 0개 이웃 발견
[AI 트랙] 출발지(W) 망에서만 확장 후보 탐색 (순차 건설 강제)
[getConnectedNeighbors] 결과: 1개 이웃 발견
[getConnectedNeighbors] 결과: 1개 이웃 발견
[getConnectedNeighbors] 결과: 1개 이웃 발견
[getConnectedNeighbors] 결과: 1개 이웃 발견
[getConnectedNeighbors] 결과: 1개 이웃 발견
[getConnectedNeighbors] 결과: 1개 이웃 발견
[getConnectedNeighbors] 결과: 1개 이웃 발견
[getConnectedNeighbors] 결과: 1개 이웃 발견
[getConnectedNeighbors] 결과: 1개 이웃 발견
[getConnectedNeighbors] 결과: 1개 이웃 발견
[getConnectedNeighbors] 결과: 1개 이웃 발견
[getConnectedNeighbors] 결과: 1개 이웃 발견
[getConnectedNeighbors] 결과: 1개 이웃 발견
[getConnectedNeighbors] 결과: 1개 이웃 발견
[getConnectedNeighbors] 결과: 1개 이웃 발견
[getConnectedNeighbors] 결과: 1개 이웃 발견
[getConnectedNeighbors] 결과: 1개 이웃 발견
[getConnectedNeighbors] 결과: 1개 이웃 발견
[getConnectedNeighbors] 결과: 1개 이웃 발견
[getConnectedNeighbors] 결과: 1개 이웃 발견
[getConnectedNeighbors] 결과: 1개 이웃 발견
[getConnectedNeighbors] 결과: 1개 이웃 발견
[getConnectedNeighbors] 결과: 1개 이웃 발견
[getConnectedNeighbors] 결과: 1개 이웃 발견
[getConnectedNeighbors] 결과: 1개 이웃 발견
[getConnectedNeighbors] 결과: 1개 이웃 발견
[getConnectedNeighbors] 결과: 1개 이웃 발견
[getConnectedNeighbors] 결과: 1개 이웃 발견
[getConnectedNeighbors] 결과: 1개 이웃 발견
[getConnectedNeighbors] 결과: 1개 이웃 발견
[getConnectedNeighbors] 결과: 1개 이웃 발견
[getConnectedNeighbors] 결과: 1개 이웃 발견
[getConnectedNeighbors] 결과: 1개 이웃 발견
[getConnectedNeighbors] 결과: 1개 이웃 발견
[getConnectedNeighbors] 결과: 1개 이웃 발견
[getConnectedNeighbors] 결과: 1개 이웃 발견
[getConnectedNeighbors] 결과: 1개 이웃 발견
[getConnectedNeighbors] 결과: 1개 이웃 발견
[getConnectedNeighbors] 결과: 1개 이웃 발견
[getConnectedNeighbors] 결과: 0개 이웃 발견
[getConnectedNeighbors] 결과: 1개 이웃 발견
[getConnectedNeighbors] 결과: 1개 이웃 발견
[getConnectedNeighbors] 결과: 1개 이웃 발견
[getConnectedNeighbors] 결과: 1개 이웃 발견
[getConnectedNeighbors] 결과: 1개 이웃 발견
[getConnectedNeighbors] 결과: 1개 이웃 발견
[getConnectedNeighbors] 결과: 1개 이웃 발견
[getConnectedNeighbors] 결과: 1개 이웃 발견
[getConnectedNeighbors] 결과: 1개 이웃 발견
[getConnectedNeighbors] 결과: 1개 이웃 발견
[getConnectedNeighbors] 결과: 1개 이웃 발견
[getConnectedNeighbors] 결과: 1개 이웃 발견
[getConnectedNeighbors] 결과: 1개 이웃 발견
[getConnectedNeighbors] 결과: 1개 이웃 발견
[getConnectedNeighbors] 결과: 1개 이웃 발견
[getConnectedNeighbors] 결과: 1개 이웃 발견
[getConnectedNeighbors] 결과: 1개 이웃 발견
[getConnectedNeighbors] 결과: 1개 이웃 발견
[getConnectedNeighbors] 결과: 1개 이웃 발견
[getConnectedNeighbors] 결과: 1개 이웃 발견
[getConnectedNeighbors] 결과: 1개 이웃 발견
[getConnectedNeighbors] 결과: 1개 이웃 발견
[getConnectedNeighbors] 결과: 1개 이웃 발견
[getConnectedNeighbors] 결과: 1개 이웃 발견
[getConnectedNeighbors] 결과: 1개 이웃 발견
[getConnectedNeighbors] 결과: 1개 이웃 발견
[getConnectedNeighbors] 결과: 1개 이웃 발견
[getConnectedNeighbors] 결과: 1개 이웃 발견
[getConnectedNeighbors] 결과: 1개 이웃 발견
[getConnectedNeighbors] 결과: 1개 이웃 발견
[getConnectedNeighbors] 결과: 1개 이웃 발견
[getConnectedNeighbors] 결과: 1개 이웃 발견
[getConnectedNeighbors] 결과: 1개 이웃 발견
[getConnectedNeighbors] 결과: 1개 이웃 발견
[getConnectedNeighbors] 결과: 1개 이웃 발견
[getConnectedNeighbors] 결과: 1개 이웃 발견
[getConnectedNeighbors] 결과: 1개 이웃 발견
[getConnectedNeighbors] 결과: 1개 이웃 발견
[AI 트랙] 컴퓨터-기차II: 건설 (4,1) edges=[1,5] $2 총점=5533.0 [의도: 목적 도시 연결 완성] (전략=화물 기반 동적 전략, 경로=W→C)
[getConnectedNeighbors] 결과: 1개 이웃 발견
[isRouteComplete 디버그] 5,3 이웃: 1 개
  edge 4: 이웃 (4, 1) 트랙 확인, 소유자 매칭 성공! 필요한 entryEdge: 1
[getConnectedNeighbors] 결과: 2개 이웃 발견
[isRouteComplete 디버그] 5,2 이웃: 2 개
  edge 1: 이웃 (5, 2) 트랙 확인, 소유자 매칭 성공! 필요한 entryEdge: 4
[getConnectedNeighbors] 결과: 2개 이웃 발견
[isRouteComplete 디버그] 4,1 이웃: 2 개
[isRouteComplete 디버그] W→C 연결 찾음!
[AI 경로] W→C 경로 완성됨!
[AI 경로] 컴퓨터-기차II: 경로 W→C 완성됨, 새 경로 탐색
[getConnectedNeighbors] 결과: 1개 이웃 발견
[isRouteComplete 디버그] 5,3 이웃: 1 개
  edge 4: 이웃 (4, 1) 트랙 확인, 소유자 매칭 성공! 필요한 entryEdge: 1
[getConnectedNeighbors] 결과: 2개 이웃 발견
[isRouteComplete 디버그] 5,2 이웃: 2 개
  edge 1: 이웃 (5, 2) 트랙 확인, 소유자 매칭 성공! 필요한 entryEdge: 4
[getConnectedNeighbors] 결과: 2개 이웃 발견
[isRouteComplete 디버그] 4,1 이웃: 2 개
[isRouteComplete 디버그] W→C 연결 찾음!
[AI 경로] 컴퓨터-기차II: 모든 배달 기회가 이미 연결되어 있음
[AI 경로] 컴퓨터-기차II: 네트워크 확장 C→O
[getConnectedNeighbors] 결과: 1개 이웃 발견
[isRouteComplete 디버그] 5,3 이웃: 1 개
  edge 4: 이웃 (4, 1) 트랙 확인, 소유자 매칭 성공! 필요한 entryEdge: 1
[getConnectedNeighbors] 결과: 2개 이웃 발견
[isRouteComplete 디버그] 5,2 이웃: 2 개
  edge 1: 이웃 (5, 2) 트랙 확인, 소유자 매칭 성공! 필요한 entryEdge: 4
[getConnectedNeighbors] 결과: 2개 이웃 발견
[isRouteComplete 디버그] 4,1 이웃: 2 개
[isRouteComplete 디버그] W→C 연결 찾음!
[AI 경로] 컴퓨터-기차II: 모든 배달 기회가 이미 연결되어 있음
[AI 경로] 컴퓨터-기차II: 네트워크 확장 C→O
[getConnectedNeighbors] 결과: 1개 이웃 발견
[isRouteComplete 디버그] 5,0 이웃: 1 개
  edge 1: 이웃 (5, 2) 트랙 확인, 소유자 매칭 성공! 필요한 entryEdge: 4
[getConnectedNeighbors] 결과: 2개 이웃 발견
[isRouteComplete 디버그] 4,1 이웃: 2 개
  edge 4: 이웃 (4, 1) 트랙 확인, 소유자 매칭 성공! 필요한 entryEdge: 1
[getConnectedNeighbors] 결과: 2개 이웃 발견
[isRouteComplete 디버그] 5,2 이웃: 2 개
[getConnectedNeighbors] 결과: 1개 이웃 발견
[isRouteComplete 디버그] 5,3 이웃: 1 개
[isRouteComplete 디버그] C→O 연결 실패
[getConnectedNeighbors] 결과: 1개 이웃 발견
  edge 1: 이웃 (5, 2) 트랙 확인, 소유자 매칭 성공! 필요한 entryEdge: 4
[getConnectedNeighbors] 결과: 1개 이웃 발견
[getConnectedNeighbors] 결과: 1개 이웃 발견
[getConnectedNeighbors] 결과: 0개 이웃 발견
[AI 트랙] 출발지(C) 망에서만 확장 후보 탐색 (순차 건설 강제)
[getConnectedNeighbors] 결과: 1개 이웃 발견
  edge 1: 이웃 (5, 2) 트랙 확인, 소유자 매칭 성공! 필요한 entryEdge: 4
[getConnectedNeighbors] 결과: 2개 이웃 발견
  edge 4: 이웃 (4, 1) 트랙 확인, 소유자 매칭 성공! 필요한 entryEdge: 1
[getConnectedNeighbors] 결과: 2개 이웃 발견
[getConnectedNeighbors] 결과: 1개 이웃 발견
[getConnectedNeighbors] 결과: 1개 이웃 발견
  edge 1: 이웃 (5, 2) 트랙 확인, 소유자 매칭 성공! 필요한 entryEdge: 4
[getConnectedNeighbors] 결과: 2개 이웃 발견
  edge 4: 이웃 (4, 1) 트랙 확인, 소유자 매칭 성공! 필요한 entryEdge: 1
[getConnectedNeighbors] 결과: 2개 이웃 발견
[getConnectedNeighbors] 결과: 1개 이웃 발견
[getConnectedNeighbors] 결과: 1개 이웃 발견
  edge 1: 이웃 (5, 2) 트랙 확인, 소유자 매칭 성공! 필요한 entryEdge: 4
[getConnectedNeighbors] 결과: 2개 이웃 발견
  edge 4: 이웃 (4, 1) 트랙 확인, 소유자 매칭 성공! 필요한 entryEdge: 1
[getConnectedNeighbors] 결과: 2개 이웃 발견
[getConnectedNeighbors] 결과: 1개 이웃 발견
[getConnectedNeighbors] 결과: 1개 이웃 발견
  edge 1: 이웃 (5, 2) 트랙 확인, 소유자 매칭 성공! 필요한 entryEdge: 4
[getConnectedNeighbors] 결과: 2개 이웃 발견
  edge 4: 이웃 (4, 1) 트랙 확인, 소유자 매칭 성공! 필요한 entryEdge: 1
[getConnectedNeighbors] 결과: 2개 이웃 발견
[getConnectedNeighbors] 결과: 1개 이웃 발견
[getConnectedNeighbors] 결과: 1개 이웃 발견
  edge 1: 이웃 (5, 2) 트랙 확인, 소유자 매칭 성공! 필요한 entryEdge: 4
[getConnectedNeighbors] 결과: 2개 이웃 발견
  edge 4: 이웃 (4, 1) 트랙 확인, 소유자 매칭 성공! 필요한 entryEdge: 1
[getConnectedNeighbors] 결과: 2개 이웃 발견
[getConnectedNeighbors] 결과: 1개 이웃 발견
[getConnectedNeighbors] 결과: 1개 이웃 발견
  edge 1: 이웃 (5, 2) 트랙 확인, 소유자 매칭 성공! 필요한 entryEdge: 4
[getConnectedNeighbors] 결과: 2개 이웃 발견
  edge 4: 이웃 (4, 1) 트랙 확인, 소유자 매칭 성공! 필요한 entryEdge: 1
[getConnectedNeighbors] 결과: 2개 이웃 발견
[getConnectedNeighbors] 결과: 1개 이웃 발견
[getConnectedNeighbors] 결과: 1개 이웃 발견
  edge 1: 이웃 (5, 2) 트랙 확인, 소유자 매칭 성공! 필요한 entryEdge: 4
[getConnectedNeighbors] 결과: 2개 이웃 발견
  edge 4: 이웃 (4, 1) 트랙 확인, 소유자 매칭 성공! 필요한 entryEdge: 1
[getConnectedNeighbors] 결과: 2개 이웃 발견
[getConnectedNeighbors] 결과: 1개 이웃 발견
[getConnectedNeighbors] 결과: 1개 이웃 발견
  edge 1: 이웃 (5, 2) 트랙 확인, 소유자 매칭 성공! 필요한 entryEdge: 4
[getConnectedNeighbors] 결과: 1개 이웃 발견
[getConnectedNeighbors] 결과: 1개 이웃 발견
[getConnectedNeighbors] 결과: 0개 이웃 발견
[getConnectedNeighbors] 결과: 1개 이웃 발견
  edge 1: 이웃 (5, 2) 트랙 확인, 소유자 매칭 성공! 필요한 entryEdge: 4
[getConnectedNeighbors] 결과: 2개 이웃 발견
  edge 4: 이웃 (4, 1) 트랙 확인, 소유자 매칭 성공! 필요한 entryEdge: 1
[getConnectedNeighbors] 결과: 2개 이웃 발견
[getConnectedNeighbors] 결과: 1개 이웃 발견
[getConnectedNeighbors] 결과: 1개 이웃 발견
  edge 1: 이웃 (5, 2) 트랙 확인, 소유자 매칭 성공! 필요한 entryEdge: 4
[getConnectedNeighbors] 결과: 2개 이웃 발견
  edge 4: 이웃 (4, 1) 트랙 확인, 소유자 매칭 성공! 필요한 entryEdge: 1
[getConnectedNeighbors] 결과: 2개 이웃 발견
[getConnectedNeighbors] 결과: 1개 이웃 발견
[getConnectedNeighbors] 결과: 1개 이웃 발견
  edge 1: 이웃 (5, 2) 트랙 확인, 소유자 매칭 성공! 필요한 entryEdge: 4
[getConnectedNeighbors] 결과: 2개 이웃 발견
  edge 4: 이웃 (4, 1) 트랙 확인, 소유자 매칭 성공! 필요한 entryEdge: 1
[getConnectedNeighbors] 결과: 2개 이웃 발견
[getConnectedNeighbors] 결과: 1개 이웃 발견
[getConnectedNeighbors] 결과: 1개 이웃 발견
  edge 1: 이웃 (5, 2) 트랙 확인, 소유자 매칭 성공! 필요한 entryEdge: 4
[getConnectedNeighbors] 결과: 2개 이웃 발견
  edge 4: 이웃 (4, 1) 트랙 확인, 소유자 매칭 성공! 필요한 entryEdge: 1
[getConnectedNeighbors] 결과: 2개 이웃 발견
[getConnectedNeighbors] 결과: 1개 이웃 발견
[getConnectedNeighbors] 결과: 1개 이웃 발견
  edge 1: 이웃 (5, 2) 트랙 확인, 소유자 매칭 성공! 필요한 entryEdge: 4
[getConnectedNeighbors] 결과: 2개 이웃 발견
  edge 4: 이웃 (4, 1) 트랙 확인, 소유자 매칭 성공! 필요한 entryEdge: 1
[getConnectedNeighbors] 결과: 2개 이웃 발견
[getConnectedNeighbors] 결과: 1개 이웃 발견
[getConnectedNeighbors] 결과: 1개 이웃 발견
  edge 1: 이웃 (5, 2) 트랙 확인, 소유자 매칭 성공! 필요한 entryEdge: 4
[getConnectedNeighbors] 결과: 2개 이웃 발견
  edge 4: 이웃 (4, 1) 트랙 확인, 소유자 매칭 성공! 필요한 entryEdge: 1
[getConnectedNeighbors] 결과: 2개 이웃 발견
[getConnectedNeighbors] 결과: 1개 이웃 발견
[getConnectedNeighbors] 결과: 1개 이웃 발견
  edge 1: 이웃 (5, 2) 트랙 확인, 소유자 매칭 성공! 필요한 entryEdge: 4
[getConnectedNeighbors] 결과: 2개 이웃 발견
  edge 4: 이웃 (4, 1) 트랙 확인, 소유자 매칭 성공! 필요한 entryEdge: 1
[getConnectedNeighbors] 결과: 2개 이웃 발견
[getConnectedNeighbors] 결과: 1개 이웃 발견
[AI 트랙] 컴퓨터-기차II: 건설 (4,0) edges=[0,3] $2 총점=530.0 [의도: 출발 도시 연결] (전략=화물 기반 동적 전략, 경로=C→O)

 [32m✓[39m src/ai/strategy/__tests__/debug_build.test.ts [2m([22m[2m7 tests[22m[2m | [22m[33m6 skipped[39m[2m)[22m[32m 104[2mms[22m[39m

[2m Test Files [22m [1m[32m1 passed[39m[22m[90m (1)[39m
[2m      Tests [22m [1m[32m1 passed[39m[22m[2m | [22m[33m6 skipped[39m[90m (7)[39m
[2m   Start at [22m 17:00:31
[2m   Duration [22m 195ms

[1m[42m PASS [49m[22m [32mWaiting for file changes...[39m
       [2mpress [22m[1mh[22m[2m to show help[22m[2m, [22m[2mpress [22m[1mq[22m[2m to quit[22m
c[3J[1m[44m RERUN [49m[22m [34m[2msrc/utils/hexGrid.ts [22m[34mx15 [34m[39m
       [2m Filename pattern: [22m[34msrc/ai/strategy/__tests__/debug_build.test.ts[39m
       [2m Test name pattern: [22m[34m/연속 건설/[39m

[90mstdout[2m | src/ai/strategy/__tests__/debug_build.test.ts[2m > [22m[2mAI Build Sequential & Anti-Fragment Verification[2m > [22m[2m연속 건설(Continuity) 검증: 한 턴 내 3개 트랙이 끊기지 않고 이어져야 함
[22m[39m[getConnectedNeighbors] 결과: 0개 이웃 발견
[isRouteComplete 디버그] 5,3 이웃: 0 개
[isRouteComplete 디버그] W→C 연결 실패
[AI 경로] 컴퓨터-기차II: W→C (blue 화물, 거리 3)
[getConnectedNeighbors] 결과: 0개 이웃 발견
[isRouteComplete 디버그] 5,3 이웃: 0 개
[isRouteComplete 디버그] W→C 연결 실패
[AI 경로] 컴퓨터-기차II: W→C (blue 화물, 거리 3)
[getConnectedNeighbors] 결과: 0개 이웃 발견
[isRouteComplete 디버그] 5,3 이웃: 0 개
[isRouteComplete 디버그] W→C 연결 실패
[AI 트랙] 첫 트랙: W 도시에서 시작
[getConnectedNeighbors] 결과: 0개 이웃 발견
[getConnectedNeighbors] 결과: 0개 이웃 발견
[getConnectedNeighbors] 결과: 0개 이웃 발견
[getConnectedNeighbors] 결과: 0개 이웃 발견
[getConnectedNeighbors] 결과: 0개 이웃 발견
[getConnectedNeighbors] 결과: 0개 이웃 발견
[getConnectedNeighbors] 결과: 0개 이웃 발견
[getConnectedNeighbors] 결과: 0개 이웃 발견
[getConnectedNeighbors] 결과: 0개 이웃 발견
[getConnectedNeighbors] 결과: 0개 이웃 발견
[getConnectedNeighbors] 결과: 0개 이웃 발견
[getConnectedNeighbors] 결과: 0개 이웃 발견
[getConnectedNeighbors] 결과: 0개 이웃 발견
[getConnectedNeighbors] 결과: 0개 이웃 발견
[getConnectedNeighbors] 결과: 0개 이웃 발견
[getConnectedNeighbors] 결과: 0개 이웃 발견
[getConnectedNeighbors] 결과: 0개 이웃 발견
[getConnectedNeighbors] 결과: 0개 이웃 발견
[getConnectedNeighbors] 결과: 0개 이웃 발견
[AI 트랙] 컴퓨터-기차II: 건설 (5,2) edges=[1,4] $2 총점=1951.0 [의도: 출발 도시 연결] (전략=화물 기반 동적 전략, 경로=W→C)
[getConnectedNeighbors] 결과: 1개 이웃 발견
[isRouteComplete 디버그] 5,3 이웃: 1 개
[getConnectedNeighbors] 결과: 1개 이웃 발견
[isRouteComplete 디버그] 5,2 이웃: 1 개
[isRouteComplete 디버그] W→C 연결 실패
[AI 경로] 컴퓨터-기차II: 현재 경로 W→C 유지 (진행도: 33%)
[getConnectedNeighbors] 결과: 1개 이웃 발견
[isRouteComplete 디버그] 5,3 이웃: 1 개
[getConnectedNeighbors] 결과: 1개 이웃 발견
[isRouteComplete 디버그] 5,2 이웃: 1 개
[isRouteComplete 디버그] W→C 연결 실패
[AI 경로] 컴퓨터-기차II: W→C (blue 화물, 거리 3)
[getConnectedNeighbors] 결과: 1개 이웃 발견
[isRouteComplete 디버그] 5,3 이웃: 1 개
[getConnectedNeighbors] 결과: 1개 이웃 발견
[isRouteComplete 디버그] 5,2 이웃: 1 개
[isRouteComplete 디버그] W→C 연결 실패
[getConnectedNeighbors] 결과: 1개 이웃 발견
[getConnectedNeighbors] 결과: 0개 이웃 발견
[AI 트랙] 출발지(W) 망에서만 확장 후보 탐색 (순차 건설 강제)
[getConnectedNeighbors] 결과: 1개 이웃 발견
[getConnectedNeighbors] 결과: 1개 이웃 발견
[getConnectedNeighbors] 결과: 1개 이웃 발견
[getConnectedNeighbors] 결과: 1개 이웃 발견
[getConnectedNeighbors] 결과: 1개 이웃 발견
[getConnectedNeighbors] 결과: 1개 이웃 발견
[getConnectedNeighbors] 결과: 1개 이웃 발견
[getConnectedNeighbors] 결과: 1개 이웃 발견
[getConnectedNeighbors] 결과: 1개 이웃 발견
[getConnectedNeighbors] 결과: 1개 이웃 발견
[getConnectedNeighbors] 결과: 1개 이웃 발견
[getConnectedNeighbors] 결과: 1개 이웃 발견
[getConnectedNeighbors] 결과: 1개 이웃 발견
[getConnectedNeighbors] 결과: 1개 이웃 발견
[getConnectedNeighbors] 결과: 1개 이웃 발견
[getConnectedNeighbors] 결과: 1개 이웃 발견
[getConnectedNeighbors] 결과: 1개 이웃 발견
[getConnectedNeighbors] 결과: 1개 이웃 발견
[getConnectedNeighbors] 결과: 1개 이웃 발견
[getConnectedNeighbors] 결과: 1개 이웃 발견
[getConnectedNeighbors] 결과: 1개 이웃 발견
[getConnectedNeighbors] 결과: 1개 이웃 발견
[getConnectedNeighbors] 결과: 1개 이웃 발견
[getConnectedNeighbors] 결과: 1개 이웃 발견
[getConnectedNeighbors] 결과: 1개 이웃 발견
[getConnectedNeighbors] 결과: 1개 이웃 발견
[getConnectedNeighbors] 결과: 1개 이웃 발견
[getConnectedNeighbors] 결과: 1개 이웃 발견
[getConnectedNeighbors] 결과: 1개 이웃 발견
[getConnectedNeighbors] 결과: 1개 이웃 발견
[getConnectedNeighbors] 결과: 1개 이웃 발견
[getConnectedNeighbors] 결과: 1개 이웃 발견
[getConnectedNeighbors] 결과: 1개 이웃 발견
[getConnectedNeighbors] 결과: 1개 이웃 발견
[getConnectedNeighbors] 결과: 1개 이웃 발견
[getConnectedNeighbors] 결과: 1개 이웃 발견
[getConnectedNeighbors] 결과: 1개 이웃 발견
[getConnectedNeighbors] 결과: 1개 이웃 발견
[getConnectedNeighbors] 결과: 1개 이웃 발견
[getConnectedNeighbors] 결과: 0개 이웃 발견
[getConnectedNeighbors] 결과: 1개 이웃 발견
[getConnectedNeighbors] 결과: 1개 이웃 발견
[getConnectedNeighbors] 결과: 1개 이웃 발견
[getConnectedNeighbors] 결과: 1개 이웃 발견
[getConnectedNeighbors] 결과: 1개 이웃 발견
[getConnectedNeighbors] 결과: 1개 이웃 발견
[getConnectedNeighbors] 결과: 1개 이웃 발견
[getConnectedNeighbors] 결과: 1개 이웃 발견
[getConnectedNeighbors] 결과: 1개 이웃 발견
[getConnectedNeighbors] 결과: 1개 이웃 발견
[getConnectedNeighbors] 결과: 1개 이웃 발견
[getConnectedNeighbors] 결과: 1개 이웃 발견
[getConnectedNeighbors] 결과: 1개 이웃 발견
[getConnectedNeighbors] 결과: 1개 이웃 발견
[getConnectedNeighbors] 결과: 1개 이웃 발견
[getConnectedNeighbors] 결과: 1개 이웃 발견
[getConnectedNeighbors] 결과: 1개 이웃 발견
[getConnectedNeighbors] 결과: 1개 이웃 발견
[getConnectedNeighbors] 결과: 1개 이웃 발견
[getConnectedNeighbors] 결과: 1개 이웃 발견
[getConnectedNeighbors] 결과: 1개 이웃 발견
[getConnectedNeighbors] 결과: 1개 이웃 발견
[getConnectedNeighbors] 결과: 1개 이웃 발견
[getConnectedNeighbors] 결과: 1개 이웃 발견
[getConnectedNeighbors] 결과: 1개 이웃 발견
[getConnectedNeighbors] 결과: 1개 이웃 발견
[getConnectedNeighbors] 결과: 1개 이웃 발견
[getConnectedNeighbors] 결과: 1개 이웃 발견
[getConnectedNeighbors] 결과: 1개 이웃 발견
[getConnectedNeighbors] 결과: 1개 이웃 발견
[getConnectedNeighbors] 결과: 1개 이웃 발견
[getConnectedNeighbors] 결과: 1개 이웃 발견
[getConnectedNeighbors] 결과: 1개 이웃 발견
[getConnectedNeighbors] 결과: 1개 이웃 발견
[getConnectedNeighbors] 결과: 1개 이웃 발견
[getConnectedNeighbors] 결과: 1개 이웃 발견
[getConnectedNeighbors] 결과: 1개 이웃 발견
[getConnectedNeighbors] 결과: 1개 이웃 발견
[AI 트랙] 컴퓨터-기차II: 건설 (4,1) edges=[1,5] $2 총점=5533.0 [의도: 목적 도시 연결 완성] (전략=화물 기반 동적 전략, 경로=W→C)
[getConnectedNeighbors] 결과: 1개 이웃 발견
[isRouteComplete 디버그] 5,3 이웃: 1 개
  edge 4: 이웃 (4, 1) 트랙 확인, 소유자 매칭 성공! 필요한 entryEdge: 1
[getConnectedNeighbors] 결과: 2개 이웃 발견
[isRouteComplete 디버그] 5,2 이웃: 2 개
  edge 1: 이웃 (5, 2) 트랙 확인, 소유자 매칭 성공! 필요한 entryEdge: 4
[getConnectedNeighbors] 결과: 2개 이웃 발견
[isRouteComplete 디버그] 4,1 이웃: 2 개
[isRouteComplete 디버그] W→C 연결 찾음!
[AI 경로] W→C 경로 완성됨!
[AI 경로] 컴퓨터-기차II: 경로 W→C 완성됨, 새 경로 탐색
[getConnectedNeighbors] 결과: 1개 이웃 발견
[isRouteComplete 디버그] 5,3 이웃: 1 개
  edge 4: 이웃 (4, 1) 트랙 확인, 소유자 매칭 성공! 필요한 entryEdge: 1
[getConnectedNeighbors] 결과: 2개 이웃 발견
[isRouteComplete 디버그] 5,2 이웃: 2 개
  edge 1: 이웃 (5, 2) 트랙 확인, 소유자 매칭 성공! 필요한 entryEdge: 4
[getConnectedNeighbors] 결과: 2개 이웃 발견
[isRouteComplete 디버그] 4,1 이웃: 2 개
[isRouteComplete 디버그] W→C 연결 찾음!
[AI 경로] 컴퓨터-기차II: 모든 배달 기회가 이미 연결되어 있음
[AI 경로] 컴퓨터-기차II: 네트워크 확장 C→O
[getConnectedNeighbors] 결과: 1개 이웃 발견
[isRouteComplete 디버그] 5,3 이웃: 1 개
  edge 4: 이웃 (4, 1) 트랙 확인, 소유자 매칭 성공! 필요한 entryEdge: 1
[getConnectedNeighbors] 결과: 2개 이웃 발견
[isRouteComplete 디버그] 5,2 이웃: 2 개
  edge 1: 이웃 (5, 2) 트랙 확인, 소유자 매칭 성공! 필요한 entryEdge: 4
[getConnectedNeighbors] 결과: 2개 이웃 발견
[isRouteComplete 디버그] 4,1 이웃: 2 개
[isRouteComplete 디버그] W→C 연결 찾음!
[AI 경로] 컴퓨터-기차II: 모든 배달 기회가 이미 연결되어 있음
[AI 경로] 컴퓨터-기차II: 네트워크 확장 C→O
[getConnectedNeighbors] 결과: 1개 이웃 발견
[isRouteComplete 디버그] 5,0 이웃: 1 개
  edge 1: 이웃 (5, 2) 트랙 확인, 소유자 매칭 성공! 필요한 entryEdge: 4
[getConnectedNeighbors] 결과: 2개 이웃 발견
[isRouteComplete 디버그] 4,1 이웃: 2 개
  edge 4: 이웃 (4, 1) 트랙 확인, 소유자 매칭 성공! 필요한 entryEdge: 1
[getConnectedNeighbors] 결과: 2개 이웃 발견
[isRouteComplete 디버그] 5,2 이웃: 2 개
[getConnectedNeighbors] 결과: 1개 이웃 발견
[isRouteComplete 디버그] 5,3 이웃: 1 개
[isRouteComplete 디버그] C→O 연결 실패
[getConnectedNeighbors] 결과: 1개 이웃 발견
  edge 1: 이웃 (5, 2) 트랙 확인, 소유자 매칭 성공! 필요한 entryEdge: 4
[getConnectedNeighbors] 결과: 1개 이웃 발견
[getConnectedNeighbors] 결과: 1개 이웃 발견
[getConnectedNeighbors] 결과: 0개 이웃 발견
[AI 트랙] 출발지(C) 망에서만 확장 후보 탐색 (순차 건설 강제)
[getConnectedNeighbors] 결과: 1개 이웃 발견
  edge 1: 이웃 (5, 2) 트랙 확인, 소유자 매칭 성공! 필요한 entryEdge: 4
[getConnectedNeighbors] 결과: 2개 이웃 발견
  edge 4: 이웃 (4, 1) 트랙 확인, 소유자 매칭 성공! 필요한 entryEdge: 1
[getConnectedNeighbors] 결과: 2개 이웃 발견
[getConnectedNeighbors] 결과: 1개 이웃 발견
[getConnectedNeighbors] 결과: 1개 이웃 발견
  edge 1: 이웃 (5, 2) 트랙 확인, 소유자 매칭 성공! 필요한 entryEdge: 4
[getConnectedNeighbors] 결과: 2개 이웃 발견
  edge 4: 이웃 (4, 1) 트랙 확인, 소유자 매칭 성공! 필요한 entryEdge: 1
[getConnectedNeighbors] 결과: 2개 이웃 발견
[getConnectedNeighbors] 결과: 1개 이웃 발견
[getConnectedNeighbors] 결과: 1개 이웃 발견
  edge 1: 이웃 (5, 2) 트랙 확인, 소유자 매칭 성공! 필요한 entryEdge: 4
[getConnectedNeighbors] 결과: 2개 이웃 발견
  edge 4: 이웃 (4, 1) 트랙 확인, 소유자 매칭 성공! 필요한 entryEdge: 1
[getConnectedNeighbors] 결과: 2개 이웃 발견
[getConnectedNeighbors] 결과: 1개 이웃 발견
[getConnectedNeighbors] 결과: 1개 이웃 발견
  edge 1: 이웃 (5, 2) 트랙 확인, 소유자 매칭 성공! 필요한 entryEdge: 4
[getConnectedNeighbors] 결과: 2개 이웃 발견
  edge 4: 이웃 (4, 1) 트랙 확인, 소유자 매칭 성공! 필요한 entryEdge: 1
[getConnectedNeighbors] 결과: 2개 이웃 발견
[getConnectedNeighbors] 결과: 1개 이웃 발견
[getConnectedNeighbors] 결과: 1개 이웃 발견
  edge 1: 이웃 (5, 2) 트랙 확인, 소유자 매칭 성공! 필요한 entryEdge: 4
[getConnectedNeighbors] 결과: 2개 이웃 발견
  edge 4: 이웃 (4, 1) 트랙 확인, 소유자 매칭 성공! 필요한 entryEdge: 1
[getConnectedNeighbors] 결과: 2개 이웃 발견
[getConnectedNeighbors] 결과: 1개 이웃 발견
[getConnectedNeighbors] 결과: 1개 이웃 발견
  edge 1: 이웃 (5, 2) 트랙 확인, 소유자 매칭 성공! 필요한 entryEdge: 4
[getConnectedNeighbors] 결과: 2개 이웃 발견
  edge 4: 이웃 (4, 1) 트랙 확인, 소유자 매칭 성공! 필요한 entryEdge: 1
[getConnectedNeighbors] 결과: 2개 이웃 발견
[getConnectedNeighbors] 결과: 1개 이웃 발견
[getConnectedNeighbors] 결과: 1개 이웃 발견
  edge 1: 이웃 (5, 2) 트랙 확인, 소유자 매칭 성공! 필요한 entryEdge: 4
[getConnectedNeighbors] 결과: 2개 이웃 발견
  edge 4: 이웃 (4, 1) 트랙 확인, 소유자 매칭 성공! 필요한 entryEdge: 1
[getConnectedNeighbors] 결과: 2개 이웃 발견
[getConnectedNeighbors] 결과: 1개 이웃 발견
[getConnectedNeighbors] 결과: 1개 이웃 발견
  edge 1: 이웃 (5, 2) 트랙 확인, 소유자 매칭 성공! 필요한 entryEdge: 4
[getConnectedNeighbors] 결과: 1개 이웃 발견
[getConnectedNeighbors] 결과: 1개 이웃 발견
[getConnectedNeighbors] 결과: 0개 이웃 발견
[getConnectedNeighbors] 결과: 1개 이웃 발견
  edge 1: 이웃 (5, 2) 트랙 확인, 소유자 매칭 성공! 필요한 entryEdge: 4
[getConnectedNeighbors] 결과: 2개 이웃 발견
  edge 4: 이웃 (4, 1) 트랙 확인, 소유자 매칭 성공! 필요한 entryEdge: 1
[getConnectedNeighbors] 결과: 2개 이웃 발견
[getConnectedNeighbors] 결과: 1개 이웃 발견
[getConnectedNeighbors] 결과: 1개 이웃 발견
  edge 1: 이웃 (5, 2) 트랙 확인, 소유자 매칭 성공! 필요한 entryEdge: 4
[getConnectedNeighbors] 결과: 2개 이웃 발견
  edge 4: 이웃 (4, 1) 트랙 확인, 소유자 매칭 성공! 필요한 entryEdge: 1
[getConnectedNeighbors] 결과: 2개 이웃 발견
[getConnectedNeighbors] 결과: 1개 이웃 발견
[getConnectedNeighbors] 결과: 1개 이웃 발견
  edge 1: 이웃 (5, 2) 트랙 확인, 소유자 매칭 성공! 필요한 entryEdge: 4
[getConnectedNeighbors] 결과: 2개 이웃 발견
  edge 4: 이웃 (4, 1) 트랙 확인, 소유자 매칭 성공! 필요한 entryEdge: 1
[getConnectedNeighbors] 결과: 2개 이웃 발견
[getConnectedNeighbors] 결과: 1개 이웃 발견
[getConnectedNeighbors] 결과: 1개 이웃 발견
  edge 1: 이웃 (5, 2) 트랙 확인, 소유자 매칭 성공! 필요한 entryEdge: 4
[getConnectedNeighbors] 결과: 2개 이웃 발견
  edge 4: 이웃 (4, 1) 트랙 확인, 소유자 매칭 성공! 필요한 entryEdge: 1
[getConnectedNeighbors] 결과: 2개 이웃 발견
[getConnectedNeighbors] 결과: 1개 이웃 발견
[getConnectedNeighbors] 결과: 1개 이웃 발견
  edge 1: 이웃 (5, 2) 트랙 확인, 소유자 매칭 성공! 필요한 entryEdge: 4
[getConnectedNeighbors] 결과: 2개 이웃 발견
  edge 4: 이웃 (4, 1) 트랙 확인, 소유자 매칭 성공! 필요한 entryEdge: 1
[getConnectedNeighbors] 결과: 2개 이웃 발견
[getConnectedNeighbors] 결과: 1개 이웃 발견
[getConnectedNeighbors] 결과: 1개 이웃 발견
  edge 1: 이웃 (5, 2) 트랙 확인, 소유자 매칭 성공! 필요한 entryEdge: 4
[getConnectedNeighbors] 결과: 2개 이웃 발견
  edge 4: 이웃 (4, 1) 트랙 확인, 소유자 매칭 성공! 필요한 entryEdge: 1
[getConnectedNeighbors] 결과: 2개 이웃 발견
[getConnectedNeighbors] 결과: 1개 이웃 발견
[getConnectedNeighbors] 결과: 1개 이웃 발견
  edge 1: 이웃 (5, 2) 트랙 확인, 소유자 매칭 성공! 필요한 entryEdge: 4
[getConnectedNeighbors] 결과: 2개 이웃 발견
  edge 4: 이웃 (4, 1) 트랙 확인, 소유자 매칭 성공! 필요한 entryEdge: 1
[getConnectedNeighbors] 결과: 2개 이웃 발견
[getConnectedNeighbors] 결과: 1개 이웃 발견
[AI 트랙] 컴퓨터-기차II: 건설 (4,0) edges=[0,3] $2 총점=530.0 [의도: 출발 도시 연결] (전략=화물 기반 동적 전략, 경로=C→O)

 [32m✓[39m src/ai/strategy/__tests__/debug_build.test.ts [2m([22m[2m7 tests[22m[2m | [22m[33m6 skipped[39m[2m)[22m[32m 76[2mms[22m[39m

[2m Test Files [22m [1m[32m1 passed[39m[22m[90m (1)[39m
[2m      Tests [22m [1m[32m1 passed[39m[22m[2m | [22m[33m6 skipped[39m[90m (7)[39m
[2m   Start at [22m 17:02:05
[2m   Duration [22m 319ms

[1m[42m PASS [49m[22m [32mWaiting for file changes...[39m
       [2mpress [22m[1mh[22m[2m to show help[22m[2m, [22m[2mpress [22m[1mq[22m[2m to quit[22m
c[3J[1m[44m RERUN [49m[22m [34m[2msrc/utils/hexGrid.ts [22m[34mx16 [34m[39m
       [2m Filename pattern: [22m[34msrc/ai/strategy/__tests__/debug_build.test.ts[39m
       [2m Test name pattern: [22m[34m/연속 건설/[39m

[90mstdout[2m | src/ai/strategy/__tests__/debug_build.test.ts[2m > [22m[2mAI Build Sequential & Anti-Fragment Verification[2m > [22m[2m연속 건설(Continuity) 검증: 한 턴 내 3개 트랙이 끊기지 않고 이어져야 함
[22m[39m[getConnectedNeighbors] 결과: 0개 이웃 발견
[isRouteComplete 디버그] 5,3 이웃: 0 개
[isRouteComplete 디버그] W→C 연결 실패
[AI 경로] 컴퓨터-기차II: W→C (blue 화물, 거리 3)
[getConnectedNeighbors] 결과: 0개 이웃 발견
[isRouteComplete 디버그] 5,3 이웃: 0 개
[isRouteComplete 디버그] W→C 연결 실패
[AI 경로] 컴퓨터-기차II: W→C (blue 화물, 거리 3)
[getConnectedNeighbors] 결과: 0개 이웃 발견
[isRouteComplete 디버그] 5,3 이웃: 0 개
[isRouteComplete 디버그] W→C 연결 실패
[AI 트랙] 첫 트랙: W 도시에서 시작
[getConnectedNeighbors] 결과: 0개 이웃 발견
[getConnectedNeighbors] 결과: 0개 이웃 발견
[getConnectedNeighbors] 결과: 0개 이웃 발견
[getConnectedNeighbors] 결과: 0개 이웃 발견
[getConnectedNeighbors] 결과: 0개 이웃 발견
[getConnectedNeighbors] 결과: 0개 이웃 발견
[getConnectedNeighbors] 결과: 0개 이웃 발견
[getConnectedNeighbors] 결과: 0개 이웃 발견
[getConnectedNeighbors] 결과: 0개 이웃 발견
[getConnectedNeighbors] 결과: 0개 이웃 발견
[getConnectedNeighbors] 결과: 0개 이웃 발견
[getConnectedNeighbors] 결과: 0개 이웃 발견
[getConnectedNeighbors] 결과: 0개 이웃 발견
[getConnectedNeighbors] 결과: 0개 이웃 발견
[getConnectedNeighbors] 결과: 0개 이웃 발견
[getConnectedNeighbors] 결과: 0개 이웃 발견
[getConnectedNeighbors] 결과: 0개 이웃 발견
[getConnectedNeighbors] 결과: 0개 이웃 발견
[getConnectedNeighbors] 결과: 0개 이웃 발견
[AI 트랙] 컴퓨터-기차II: 건설 (5,2) edges=[1,4] $2 총점=1951.0 [의도: 출발 도시 연결] (전략=화물 기반 동적 전략, 경로=W→C)
[getConnectedNeighbors] 결과: 1개 이웃 발견
[isRouteComplete 디버그] 5,3 이웃: 1 개
[getConnectedNeighbors] 결과: 1개 이웃 발견
[isRouteComplete 디버그] 5,2 이웃: 1 개
[isRouteComplete 디버그] W→C 연결 실패
[AI 경로] 컴퓨터-기차II: 현재 경로 W→C 유지 (진행도: 33%)
[getConnectedNeighbors] 결과: 1개 이웃 발견
[isRouteComplete 디버그] 5,3 이웃: 1 개
[getConnectedNeighbors] 결과: 1개 이웃 발견
[isRouteComplete 디버그] 5,2 이웃: 1 개
[isRouteComplete 디버그] W→C 연결 실패
[AI 경로] 컴퓨터-기차II: W→C (blue 화물, 거리 3)
[getConnectedNeighbors] 결과: 1개 이웃 발견
[isRouteComplete 디버그] 5,3 이웃: 1 개
[getConnectedNeighbors] 결과: 1개 이웃 발견
[isRouteComplete 디버그] 5,2 이웃: 1 개
[isRouteComplete 디버그] W→C 연결 실패
[getConnectedNeighbors] 결과: 1개 이웃 발견
[getConnectedNeighbors] 결과: 0개 이웃 발견
[AI 트랙] 출발지(W) 망에서만 확장 후보 탐색 (순차 건설 강제)
[getConnectedNeighbors] 결과: 1개 이웃 발견
[getConnectedNeighbors] 결과: 1개 이웃 발견
[getConnectedNeighbors] 결과: 1개 이웃 발견
[getConnectedNeighbors] 결과: 1개 이웃 발견
[getConnectedNeighbors] 결과: 1개 이웃 발견
[getConnectedNeighbors] 결과: 1개 이웃 발견
[getConnectedNeighbors] 결과: 1개 이웃 발견
[getConnectedNeighbors] 결과: 1개 이웃 발견
[getConnectedNeighbors] 결과: 1개 이웃 발견
[getConnectedNeighbors] 결과: 1개 이웃 발견
[getConnectedNeighbors] 결과: 1개 이웃 발견
[getConnectedNeighbors] 결과: 1개 이웃 발견
[getConnectedNeighbors] 결과: 1개 이웃 발견
[getConnectedNeighbors] 결과: 1개 이웃 발견
[getConnectedNeighbors] 결과: 1개 이웃 발견
[getConnectedNeighbors] 결과: 1개 이웃 발견
[getConnectedNeighbors] 결과: 1개 이웃 발견
[getConnectedNeighbors] 결과: 1개 이웃 발견
[getConnectedNeighbors] 결과: 1개 이웃 발견
[getConnectedNeighbors] 결과: 1개 이웃 발견
[getConnectedNeighbors] 결과: 1개 이웃 발견
[getConnectedNeighbors] 결과: 1개 이웃 발견
[getConnectedNeighbors] 결과: 1개 이웃 발견
[getConnectedNeighbors] 결과: 1개 이웃 발견
[getConnectedNeighbors] 결과: 1개 이웃 발견
[getConnectedNeighbors] 결과: 1개 이웃 발견
[getConnectedNeighbors] 결과: 1개 이웃 발견
[getConnectedNeighbors] 결과: 1개 이웃 발견
[getConnectedNeighbors] 결과: 1개 이웃 발견
[getConnectedNeighbors] 결과: 1개 이웃 발견
[getConnectedNeighbors] 결과: 1개 이웃 발견
[getConnectedNeighbors] 결과: 1개 이웃 발견
[getConnectedNeighbors] 결과: 1개 이웃 발견
[getConnectedNeighbors] 결과: 1개 이웃 발견
[getConnectedNeighbors] 결과: 1개 이웃 발견
[getConnectedNeighbors] 결과: 1개 이웃 발견
[getConnectedNeighbors] 결과: 1개 이웃 발견
[getConnectedNeighbors] 결과: 1개 이웃 발견
[getConnectedNeighbors] 결과: 1개 이웃 발견
[getConnectedNeighbors] 결과: 0개 이웃 발견
[getConnectedNeighbors] 결과: 1개 이웃 발견
[getConnectedNeighbors] 결과: 1개 이웃 발견
[getConnectedNeighbors] 결과: 1개 이웃 발견
[getConnectedNeighbors] 결과: 1개 이웃 발견
[getConnectedNeighbors] 결과: 1개 이웃 발견
[getConnectedNeighbors] 결과: 1개 이웃 발견
[getConnectedNeighbors] 결과: 1개 이웃 발견
[getConnectedNeighbors] 결과: 1개 이웃 발견
[getConnectedNeighbors] 결과: 1개 이웃 발견
[getConnectedNeighbors] 결과: 1개 이웃 발견
[getConnectedNeighbors] 결과: 1개 이웃 발견
[getConnectedNeighbors] 결과: 1개 이웃 발견
[getConnectedNeighbors] 결과: 1개 이웃 발견
[getConnectedNeighbors] 결과: 1개 이웃 발견
[getConnectedNeighbors] 결과: 1개 이웃 발견
[getConnectedNeighbors] 결과: 1개 이웃 발견
[getConnectedNeighbors] 결과: 1개 이웃 발견
[getConnectedNeighbors] 결과: 1개 이웃 발견
[getConnectedNeighbors] 결과: 1개 이웃 발견
[getConnectedNeighbors] 결과: 1개 이웃 발견
[getConnectedNeighbors] 결과: 1개 이웃 발견
[getConnectedNeighbors] 결과: 1개 이웃 발견
[getConnectedNeighbors] 결과: 1개 이웃 발견
[getConnectedNeighbors] 결과: 1개 이웃 발견
[getConnectedNeighbors] 결과: 1개 이웃 발견
[getConnectedNeighbors] 결과: 1개 이웃 발견
[getConnectedNeighbors] 결과: 1개 이웃 발견
[getConnectedNeighbors] 결과: 1개 이웃 발견
[getConnectedNeighbors] 결과: 1개 이웃 발견
[getConnectedNeighbors] 결과: 1개 이웃 발견
[getConnectedNeighbors] 결과: 1개 이웃 발견
[getConnectedNeighbors] 결과: 1개 이웃 발견
[getConnectedNeighbors] 결과: 1개 이웃 발견
[getConnectedNeighbors] 결과: 1개 이웃 발견
[getConnectedNeighbors] 결과: 1개 이웃 발견
[getConnectedNeighbors] 결과: 1개 이웃 발견
[getConnectedNeighbors] 결과: 1개 이웃 발견
[getConnectedNeighbors] 결과: 1개 이웃 발견
[AI 트랙] 컴퓨터-기차II: 건설 (4,1) edges=[1,5] $2 총점=5533.0 [의도: 목적 도시 연결 완성] (전략=화물 기반 동적 전략, 경로=W→C)
[getConnectedNeighbors] 결과: 1개 이웃 발견
[isRouteComplete 디버그] 5,3 이웃: 1 개
  edge 4: 이웃 (4, 1) 트랙 확인, 소유자 매칭 성공! 필요한 entryEdge: 1
[getConnectedNeighbors] 결과: 2개 이웃 발견
[isRouteComplete 디버그] 5,2 이웃: 2 개
  edge 1: 이웃 (5, 2) 트랙 확인, 소유자 매칭 성공! 필요한 entryEdge: 4
[getConnectedNeighbors] 결과: 2개 이웃 발견
[isRouteComplete 디버그] 4,1 이웃: 2 개
[isRouteComplete 디버그] W→C 연결 찾음!
[AI 경로] W→C 경로 완성됨!
[AI 경로] 컴퓨터-기차II: 경로 W→C 완성됨, 새 경로 탐색
[getConnectedNeighbors] 결과: 1개 이웃 발견
[isRouteComplete 디버그] 5,3 이웃: 1 개
  edge 4: 이웃 (4, 1) 트랙 확인, 소유자 매칭 성공! 필요한 entryEdge: 1
[getConnectedNeighbors] 결과: 2개 이웃 발견
[isRouteComplete 디버그] 5,2 이웃: 2 개
  edge 1: 이웃 (5, 2) 트랙 확인, 소유자 매칭 성공! 필요한 entryEdge: 4
[getConnectedNeighbors] 결과: 2개 이웃 발견
[isRouteComplete 디버그] 4,1 이웃: 2 개
[isRouteComplete 디버그] W→C 연결 찾음!
[AI 경로] 컴퓨터-기차II: 모든 배달 기회가 이미 연결되어 있음
[AI 경로] 컴퓨터-기차II: 네트워크 확장 C→O
[getConnectedNeighbors] 결과: 1개 이웃 발견
[isRouteComplete 디버그] 5,3 이웃: 1 개
  edge 4: 이웃 (4, 1) 트랙 확인, 소유자 매칭 성공! 필요한 entryEdge: 1
[getConnectedNeighbors] 결과: 2개 이웃 발견
[isRouteComplete 디버그] 5,2 이웃: 2 개
  edge 1: 이웃 (5, 2) 트랙 확인, 소유자 매칭 성공! 필요한 entryEdge: 4
[getConnectedNeighbors] 결과: 2개 이웃 발견
[isRouteComplete 디버그] 4,1 이웃: 2 개
[isRouteComplete 디버그] W→C 연결 찾음!
[AI 경로] 컴퓨터-기차II: 모든 배달 기회가 이미 연결되어 있음
[AI 경로] 컴퓨터-기차II: 네트워크 확장 C→O
[getConnectedNeighbors] 결과: 1개 이웃 발견
[isRouteComplete 디버그] 5,0 이웃: 1 개
  edge 1: 이웃 (5, 2) 트랙 확인, 소유자 매칭 성공! 필요한 entryEdge: 4
[getConnectedNeighbors] 결과: 2개 이웃 발견
[isRouteComplete 디버그] 4,1 이웃: 2 개
  edge 4: 이웃 (4, 1) 트랙 확인, 소유자 매칭 성공! 필요한 entryEdge: 1
[getConnectedNeighbors] 결과: 2개 이웃 발견
[isRouteComplete 디버그] 5,2 이웃: 2 개
[getConnectedNeighbors] 결과: 1개 이웃 발견
[isRouteComplete 디버그] 5,3 이웃: 1 개
[isRouteComplete 디버그] C→O 연결 실패
[getConnectedNeighbors] 결과: 1개 이웃 발견
  edge 1: 이웃 (5, 2) 트랙 확인, 소유자 매칭 성공! 필요한 entryEdge: 4
[getConnectedNeighbors] 결과: 1개 이웃 발견
[getConnectedNeighbors] 결과: 1개 이웃 발견
[getConnectedNeighbors] 결과: 0개 이웃 발견
[AI 트랙] 출발지(C) 망에서만 확장 후보 탐색 (순차 건설 강제)
[getConnectedNeighbors] 결과: 1개 이웃 발견
  edge 1: 이웃 (5, 2) 트랙 확인, 소유자 매칭 성공! 필요한 entryEdge: 4
[getConnectedNeighbors] 결과: 2개 이웃 발견
  edge 4: 이웃 (4, 1) 트랙 확인, 소유자 매칭 성공! 필요한 entryEdge: 1
[getConnectedNeighbors] 결과: 2개 이웃 발견
[getConnectedNeighbors] 결과: 1개 이웃 발견
[getConnectedNeighbors] 결과: 1개 이웃 발견
  edge 1: 이웃 (5, 2) 트랙 확인, 소유자 매칭 성공! 필요한 entryEdge: 4
[getConnectedNeighbors] 결과: 2개 이웃 발견
  edge 4: 이웃 (4, 1) 트랙 확인, 소유자 매칭 성공! 필요한 entryEdge: 1
[getConnectedNeighbors] 결과: 2개 이웃 발견
[getConnectedNeighbors] 결과: 1개 이웃 발견
[getConnectedNeighbors] 결과: 1개 이웃 발견
  edge 1: 이웃 (5, 2) 트랙 확인, 소유자 매칭 성공! 필요한 entryEdge: 4
[getConnectedNeighbors] 결과: 2개 이웃 발견
  edge 4: 이웃 (4, 1) 트랙 확인, 소유자 매칭 성공! 필요한 entryEdge: 1
[getConnectedNeighbors] 결과: 2개 이웃 발견
[getConnectedNeighbors] 결과: 1개 이웃 발견
[getConnectedNeighbors] 결과: 1개 이웃 발견
  edge 1: 이웃 (5, 2) 트랙 확인, 소유자 매칭 성공! 필요한 entryEdge: 4
[getConnectedNeighbors] 결과: 2개 이웃 발견
  edge 4: 이웃 (4, 1) 트랙 확인, 소유자 매칭 성공! 필요한 entryEdge: 1
[getConnectedNeighbors] 결과: 2개 이웃 발견
[getConnectedNeighbors] 결과: 1개 이웃 발견
[getConnectedNeighbors] 결과: 1개 이웃 발견
  edge 1: 이웃 (5, 2) 트랙 확인, 소유자 매칭 성공! 필요한 entryEdge: 4
[getConnectedNeighbors] 결과: 2개 이웃 발견
  edge 4: 이웃 (4, 1) 트랙 확인, 소유자 매칭 성공! 필요한 entryEdge: 1
[getConnectedNeighbors] 결과: 2개 이웃 발견
[getConnectedNeighbors] 결과: 1개 이웃 발견
[getConnectedNeighbors] 결과: 1개 이웃 발견
  edge 1: 이웃 (5, 2) 트랙 확인, 소유자 매칭 성공! 필요한 entryEdge: 4
[getConnectedNeighbors] 결과: 2개 이웃 발견
  edge 4: 이웃 (4, 1) 트랙 확인, 소유자 매칭 성공! 필요한 entryEdge: 1
[getConnectedNeighbors] 결과: 2개 이웃 발견
[getConnectedNeighbors] 결과: 1개 이웃 발견
[getConnectedNeighbors] 결과: 1개 이웃 발견
  edge 1: 이웃 (5, 2) 트랙 확인, 소유자 매칭 성공! 필요한 entryEdge: 4
[getConnectedNeighbors] 결과: 2개 이웃 발견
  edge 4: 이웃 (4, 1) 트랙 확인, 소유자 매칭 성공! 필요한 entryEdge: 1
[getConnectedNeighbors] 결과: 2개 이웃 발견
[getConnectedNeighbors] 결과: 1개 이웃 발견
[getConnectedNeighbors] 결과: 1개 이웃 발견
  edge 1: 이웃 (5, 2) 트랙 확인, 소유자 매칭 성공! 필요한 entryEdge: 4
[getConnectedNeighbors] 결과: 1개 이웃 발견
[getConnectedNeighbors] 결과: 1개 이웃 발견
[getConnectedNeighbors] 결과: 0개 이웃 발견
[getConnectedNeighbors] 결과: 1개 이웃 발견
  edge 1: 이웃 (5, 2) 트랙 확인, 소유자 매칭 성공! 필요한 entryEdge: 4
[getConnectedNeighbors] 결과: 2개 이웃 발견
  edge 4: 이웃 (4, 1) 트랙 확인, 소유자 매칭 성공! 필요한 entryEdge: 1
[getConnectedNeighbors] 결과: 2개 이웃 발견
[getConnectedNeighbors] 결과: 1개 이웃 발견
[getConnectedNeighbors] 결과: 1개 이웃 발견
  edge 1: 이웃 (5, 2) 트랙 확인, 소유자 매칭 성공! 필요한 entryEdge: 4
[getConnectedNeighbors] 결과: 2개 이웃 발견
  edge 4: 이웃 (4, 1) 트랙 확인, 소유자 매칭 성공! 필요한 entryEdge: 1
[getConnectedNeighbors] 결과: 2개 이웃 발견
[getConnectedNeighbors] 결과: 1개 이웃 발견
[getConnectedNeighbors] 결과: 1개 이웃 발견
  edge 1: 이웃 (5, 2) 트랙 확인, 소유자 매칭 성공! 필요한 entryEdge: 4
[getConnectedNeighbors] 결과: 2개 이웃 발견
  edge 4: 이웃 (4, 1) 트랙 확인, 소유자 매칭 성공! 필요한 entryEdge: 1
[getConnectedNeighbors] 결과: 2개 이웃 발견
[getConnectedNeighbors] 결과: 1개 이웃 발견
[getConnectedNeighbors] 결과: 1개 이웃 발견
  edge 1: 이웃 (5, 2) 트랙 확인, 소유자 매칭 성공! 필요한 entryEdge: 4
[getConnectedNeighbors] 결과: 2개 이웃 발견
  edge 4: 이웃 (4, 1) 트랙 확인, 소유자 매칭 성공! 필요한 entryEdge: 1
[getConnectedNeighbors] 결과: 2개 이웃 발견
[getConnectedNeighbors] 결과: 1개 이웃 발견
[getConnectedNeighbors] 결과: 1개 이웃 발견
  edge 1: 이웃 (5, 2) 트랙 확인, 소유자 매칭 성공! 필요한 entryEdge: 4
[getConnectedNeighbors] 결과: 2개 이웃 발견
  edge 4: 이웃 (4, 1) 트랙 확인, 소유자 매칭 성공! 필요한 entryEdge: 1
[getConnectedNeighbors] 결과: 2개 이웃 발견
[getConnectedNeighbors] 결과: 1개 이웃 발견
[getConnectedNeighbors] 결과: 1개 이웃 발견
  edge 1: 이웃 (5, 2) 트랙 확인, 소유자 매칭 성공! 필요한 entryEdge: 4
[getConnectedNeighbors] 결과: 2개 이웃 발견
  edge 4: 이웃 (4, 1) 트랙 확인, 소유자 매칭 성공! 필요한 entryEdge: 1
[getConnectedNeighbors] 결과: 2개 이웃 발견
[getConnectedNeighbors] 결과: 1개 이웃 발견
[getConnectedNeighbors] 결과: 1개 이웃 발견
  edge 1: 이웃 (5, 2) 트랙 확인, 소유자 매칭 성공! 필요한 entryEdge: 4
[getConnectedNeighbors] 결과: 2개 이웃 발견
  edge 4: 이웃 (4, 1) 트랙 확인, 소유자 매칭 성공! 필요한 entryEdge: 1
[getConnectedNeighbors] 결과: 2개 이웃 발견
[getConnectedNeighbors] 결과: 1개 이웃 발견
[AI 트랙] 컴퓨터-기차II: 건설 (4,0) edges=[0,3] $2 총점=530.0 [의도: 출발 도시 연결] (전략=화물 기반 동적 전략, 경로=C→O)

 [32m✓[39m src/ai/strategy/__tests__/debug_build.test.ts [2m([22m[2m7 tests[22m[2m | [22m[33m6 skipped[39m[2m)[22m[32m 13[2mms[22m[39m

[2m Test Files [22m [1m[32m1 passed[39m[22m[90m (1)[39m
[2m      Tests [22m [1m[32m1 passed[39m[22m[2m | [22m[33m6 skipped[39m[90m (7)[39m
[2m   Start at [22m 17:02:25
[2m   Duration [22m 195ms

[1m[42m PASS [49m[22m [32mWaiting for file changes...[39m
       [2mpress [22m[1mh[22m[2m to show help[22m[2m, [22m[2mpress [22m[1mq[22m[2m to quit[22m
c[3J[1m[44m RERUN [49m[22m [34m[2msrc/utils/trackValidation.ts [22m[34mx17 [34m[39m
       [2m Filename pattern: [22m[34msrc/ai/strategy/__tests__/debug_build.test.ts[39m
       [2m Test name pattern: [22m[34m/연속 건설/[39m

[90mstdout[2m | src/ai/strategy/__tests__/debug_build.test.ts[2m > [22m[2mAI Build Sequential & Anti-Fragment Verification[2m > [22m[2m연속 건설(Continuity) 검증: 한 턴 내 3개 트랙이 끊기지 않고 이어져야 함
[22m[39m[getConnectedNeighbors] 결과: 0개 이웃 발견
[isRouteComplete 디버그] 5,3 이웃: 0 개
[isRouteComplete 디버그] W→C 연결 실패
[AI 경로] 컴퓨터-기차II: W→C (blue 화물, 거리 3)
[getConnectedNeighbors] 결과: 0개 이웃 발견
[isRouteComplete 디버그] 5,3 이웃: 0 개
[isRouteComplete 디버그] W→C 연결 실패
[AI 경로] 컴퓨터-기차II: W→C (blue 화물, 거리 3)
[getConnectedNeighbors] 결과: 0개 이웃 발견
[isRouteComplete 디버그] 5,3 이웃: 0 개
[isRouteComplete 디버그] W→C 연결 실패
[AI 트랙] 첫 트랙: W 도시에서 시작
[getConnectedNeighbors] 결과: 0개 이웃 발견
[getConnectedNeighbors] 결과: 0개 이웃 발견
[getConnectedNeighbors] 결과: 0개 이웃 발견
[getConnectedNeighbors] 결과: 0개 이웃 발견
[getConnectedNeighbors] 결과: 0개 이웃 발견
[getConnectedNeighbors] 결과: 0개 이웃 발견
[getConnectedNeighbors] 결과: 0개 이웃 발견
[getConnectedNeighbors] 결과: 0개 이웃 발견
[getConnectedNeighbors] 결과: 0개 이웃 발견
[getConnectedNeighbors] 결과: 0개 이웃 발견
[getConnectedNeighbors] 결과: 0개 이웃 발견
[getConnectedNeighbors] 결과: 0개 이웃 발견
[getConnectedNeighbors] 결과: 0개 이웃 발견
[getConnectedNeighbors] 결과: 0개 이웃 발견
[getConnectedNeighbors] 결과: 0개 이웃 발견
[getConnectedNeighbors] 결과: 0개 이웃 발견
[getConnectedNeighbors] 결과: 0개 이웃 발견
[getConnectedNeighbors] 결과: 0개 이웃 발견
[getConnectedNeighbors] 결과: 0개 이웃 발견
[AI 트랙] 컴퓨터-기차II: 건설 (5,2) edges=[1,4] $2 총점=1951.0 [의도: 출발 도시 연결] (전략=화물 기반 동적 전략, 경로=W→C)
[getConnectedNeighbors] 결과: 1개 이웃 발견
[isRouteComplete 디버그] 5,3 이웃: 1 개
[getConnectedNeighbors] 결과: 1개 이웃 발견
[isRouteComplete 디버그] 5,2 이웃: 1 개
[isRouteComplete 디버그] W→C 연결 실패
[AI 경로] 컴퓨터-기차II: 현재 경로 W→C 유지 (진행도: 33%)
[getConnectedNeighbors] 결과: 1개 이웃 발견
[isRouteComplete 디버그] 5,3 이웃: 1 개
[getConnectedNeighbors] 결과: 1개 이웃 발견
[isRouteComplete 디버그] 5,2 이웃: 1 개
[isRouteComplete 디버그] W→C 연결 실패
[AI 경로] 컴퓨터-기차II: W→C (blue 화물, 거리 3)
[getConnectedNeighbors] 결과: 1개 이웃 발견
[isRouteComplete 디버그] 5,3 이웃: 1 개
[getConnectedNeighbors] 결과: 1개 이웃 발견
[isRouteComplete 디버그] 5,2 이웃: 1 개
[isRouteComplete 디버그] W→C 연결 실패
[getConnectedNeighbors] 결과: 1개 이웃 발견
[getConnectedNeighbors] 결과: 0개 이웃 발견
[AI 트랙] 출발지(W) 망에서만 확장 후보 탐색 (순차 건설 강제)
[getConnectedNeighbors] 결과: 1개 이웃 발견
[getConnectedNeighbors] 결과: 1개 이웃 발견
[getConnectedNeighbors] 결과: 1개 이웃 발견
[getConnectedNeighbors] 결과: 1개 이웃 발견
[getConnectedNeighbors] 결과: 1개 이웃 발견
[getConnectedNeighbors] 결과: 1개 이웃 발견
[getConnectedNeighbors] 결과: 1개 이웃 발견
[getConnectedNeighbors] 결과: 1개 이웃 발견
[getConnectedNeighbors] 결과: 1개 이웃 발견
[getConnectedNeighbors] 결과: 1개 이웃 발견
[getConnectedNeighbors] 결과: 1개 이웃 발견
[getConnectedNeighbors] 결과: 1개 이웃 발견
[getConnectedNeighbors] 결과: 1개 이웃 발견
[getConnectedNeighbors] 결과: 1개 이웃 발견
[getConnectedNeighbors] 결과: 1개 이웃 발견
[getConnectedNeighbors] 결과: 1개 이웃 발견
[getConnectedNeighbors] 결과: 1개 이웃 발견
[getConnectedNeighbors] 결과: 1개 이웃 발견
[getConnectedNeighbors] 결과: 1개 이웃 발견
[getConnectedNeighbors] 결과: 1개 이웃 발견
[getConnectedNeighbors] 결과: 1개 이웃 발견
[getConnectedNeighbors] 결과: 1개 이웃 발견
[getConnectedNeighbors] 결과: 1개 이웃 발견
[getConnectedNeighbors] 결과: 1개 이웃 발견
[getConnectedNeighbors] 결과: 1개 이웃 발견
[getConnectedNeighbors] 결과: 1개 이웃 발견
[getConnectedNeighbors] 결과: 1개 이웃 발견
[getConnectedNeighbors] 결과: 1개 이웃 발견
[getConnectedNeighbors] 결과: 1개 이웃 발견
[getConnectedNeighbors] 결과: 1개 이웃 발견
[getConnectedNeighbors] 결과: 1개 이웃 발견
[getConnectedNeighbors] 결과: 1개 이웃 발견
[getConnectedNeighbors] 결과: 1개 이웃 발견
[getConnectedNeighbors] 결과: 1개 이웃 발견
[getConnectedNeighbors] 결과: 1개 이웃 발견
[getConnectedNeighbors] 결과: 1개 이웃 발견
[getConnectedNeighbors] 결과: 1개 이웃 발견
[getConnectedNeighbors] 결과: 1개 이웃 발견
[getConnectedNeighbors] 결과: 1개 이웃 발견
[getConnectedNeighbors] 결과: 0개 이웃 발견
[getConnectedNeighbors] 결과: 1개 이웃 발견
[getConnectedNeighbors] 결과: 1개 이웃 발견
[getConnectedNeighbors] 결과: 1개 이웃 발견
[getConnectedNeighbors] 결과: 1개 이웃 발견
[getConnectedNeighbors] 결과: 1개 이웃 발견
[getConnectedNeighbors] 결과: 1개 이웃 발견
[getConnectedNeighbors] 결과: 1개 이웃 발견
[getConnectedNeighbors] 결과: 1개 이웃 발견
[getConnectedNeighbors] 결과: 1개 이웃 발견
[getConnectedNeighbors] 결과: 1개 이웃 발견
[getConnectedNeighbors] 결과: 1개 이웃 발견
[getConnectedNeighbors] 결과: 1개 이웃 발견
[getConnectedNeighbors] 결과: 1개 이웃 발견
[getConnectedNeighbors] 결과: 1개 이웃 발견
[getConnectedNeighbors] 결과: 1개 이웃 발견
[getConnectedNeighbors] 결과: 1개 이웃 발견
[getConnectedNeighbors] 결과: 1개 이웃 발견
[getConnectedNeighbors] 결과: 1개 이웃 발견
[getConnectedNeighbors] 결과: 1개 이웃 발견
[getConnectedNeighbors] 결과: 1개 이웃 발견
[getConnectedNeighbors] 결과: 1개 이웃 발견
[getConnectedNeighbors] 결과: 1개 이웃 발견
[getConnectedNeighbors] 결과: 1개 이웃 발견
[getConnectedNeighbors] 결과: 1개 이웃 발견
[getConnectedNeighbors] 결과: 1개 이웃 발견
[getConnectedNeighbors] 결과: 1개 이웃 발견
[getConnectedNeighbors] 결과: 1개 이웃 발견
[getConnectedNeighbors] 결과: 1개 이웃 발견
[getConnectedNeighbors] 결과: 1개 이웃 발견
[getConnectedNeighbors] 결과: 1개 이웃 발견
[getConnectedNeighbors] 결과: 1개 이웃 발견
[getConnectedNeighbors] 결과: 1개 이웃 발견
[getConnectedNeighbors] 결과: 1개 이웃 발견
[getConnectedNeighbors] 결과: 1개 이웃 발견
[getConnectedNeighbors] 결과: 1개 이웃 발견
[getConnectedNeighbors] 결과: 1개 이웃 발견
[getConnectedNeighbors] 결과: 1개 이웃 발견
[getConnectedNeighbors] 결과: 1개 이웃 발견
[AI 트랙] 컴퓨터-기차II: 건설 (4,1) edges=[1,5] $2 총점=5533.0 [의도: 목적 도시 연결 완성] (전략=화물 기반 동적 전략, 경로=W→C)
[getConnectedNeighbors] 결과: 1개 이웃 발견
[isRouteComplete 디버그] 5,3 이웃: 1 개
  edge 4: 이웃 (4, 1) 트랙 확인, 소유자 매칭 성공! 필요한 entryEdge: 1
[getConnectedNeighbors] 결과: 2개 이웃 발견
[isRouteComplete 디버그] 5,2 이웃: 2 개
  edge 1: 이웃 (5, 2) 트랙 확인, 소유자 매칭 성공! 필요한 entryEdge: 4
[getConnectedNeighbors] 결과: 2개 이웃 발견
[isRouteComplete 디버그] 4,1 이웃: 2 개
[isRouteComplete 디버그] W→C 연결 찾음!
[AI 경로] W→C 경로 완성됨!
[AI 경로] 컴퓨터-기차II: 경로 W→C 완성됨, 새 경로 탐색
[getConnectedNeighbors] 결과: 1개 이웃 발견
[isRouteComplete 디버그] 5,3 이웃: 1 개
  edge 4: 이웃 (4, 1) 트랙 확인, 소유자 매칭 성공! 필요한 entryEdge: 1
[getConnectedNeighbors] 결과: 2개 이웃 발견
[isRouteComplete 디버그] 5,2 이웃: 2 개
  edge 1: 이웃 (5, 2) 트랙 확인, 소유자 매칭 성공! 필요한 entryEdge: 4
[getConnectedNeighbors] 결과: 2개 이웃 발견
[isRouteComplete 디버그] 4,1 이웃: 2 개
[isRouteComplete 디버그] W→C 연결 찾음!
[AI 경로] 컴퓨터-기차II: 모든 배달 기회가 이미 연결되어 있음
[AI 경로] 컴퓨터-기차II: 네트워크 확장 C→O
[getConnectedNeighbors] 결과: 1개 이웃 발견
[isRouteComplete 디버그] 5,3 이웃: 1 개
  edge 4: 이웃 (4, 1) 트랙 확인, 소유자 매칭 성공! 필요한 entryEdge: 1
[getConnectedNeighbors] 결과: 2개 이웃 발견
[isRouteComplete 디버그] 5,2 이웃: 2 개
  edge 1: 이웃 (5, 2) 트랙 확인, 소유자 매칭 성공! 필요한 entryEdge: 4
[getConnectedNeighbors] 결과: 2개 이웃 발견
[isRouteComplete 디버그] 4,1 이웃: 2 개
[isRouteComplete 디버그] W→C 연결 찾음!
[AI 경로] 컴퓨터-기차II: 모든 배달 기회가 이미 연결되어 있음
[AI 경로] 컴퓨터-기차II: 네트워크 확장 C→O
[getConnectedNeighbors] 결과: 1개 이웃 발견
[isRouteComplete 디버그] 5,0 이웃: 1 개
  edge 1: 이웃 (5, 2) 트랙 확인, 소유자 매칭 성공! 필요한 entryEdge: 4
[getConnectedNeighbors] 결과: 2개 이웃 발견
[isRouteComplete 디버그] 4,1 이웃: 2 개
  edge 4: 이웃 (4, 1) 트랙 확인, 소유자 매칭 성공! 필요한 entryEdge: 1
[getConnectedNeighbors] 결과: 2개 이웃 발견
[isRouteComplete 디버그] 5,2 이웃: 2 개
[getConnectedNeighbors] 결과: 1개 이웃 발견
[isRouteComplete 디버그] 5,3 이웃: 1 개
[isRouteComplete 디버그] C→O 연결 실패
[getConnectedNeighbors] 결과: 1개 이웃 발견
  edge 1: 이웃 (5, 2) 트랙 확인, 소유자 매칭 성공! 필요한 entryEdge: 4
[getConnectedNeighbors] 결과: 1개 이웃 발견
[getConnectedNeighbors] 결과: 1개 이웃 발견
[getConnectedNeighbors] 결과: 0개 이웃 발견
[AI 트랙] 출발지(C) 망에서만 확장 후보 탐색 (순차 건설 강제)
[getConnectedNeighbors] 결과: 1개 이웃 발견
  edge 1: 이웃 (5, 2) 트랙 확인, 소유자 매칭 성공! 필요한 entryEdge: 4
[getConnectedNeighbors] 결과: 2개 이웃 발견
  edge 4: 이웃 (4, 1) 트랙 확인, 소유자 매칭 성공! 필요한 entryEdge: 1
[getConnectedNeighbors] 결과: 2개 이웃 발견
[getConnectedNeighbors] 결과: 1개 이웃 발견
[getConnectedNeighbors] 결과: 1개 이웃 발견
  edge 1: 이웃 (5, 2) 트랙 확인, 소유자 매칭 성공! 필요한 entryEdge: 4
[getConnectedNeighbors] 결과: 2개 이웃 발견
  edge 4: 이웃 (4, 1) 트랙 확인, 소유자 매칭 성공! 필요한 entryEdge: 1
[getConnectedNeighbors] 결과: 2개 이웃 발견
[getConnectedNeighbors] 결과: 1개 이웃 발견
[getConnectedNeighbors] 결과: 1개 이웃 발견
  edge 1: 이웃 (5, 2) 트랙 확인, 소유자 매칭 성공! 필요한 entryEdge: 4
[getConnectedNeighbors] 결과: 2개 이웃 발견
  edge 4: 이웃 (4, 1) 트랙 확인, 소유자 매칭 성공! 필요한 entryEdge: 1
[getConnectedNeighbors] 결과: 2개 이웃 발견
[getConnectedNeighbors] 결과: 1개 이웃 발견
[getConnectedNeighbors] 결과: 1개 이웃 발견
  edge 1: 이웃 (5, 2) 트랙 확인, 소유자 매칭 성공! 필요한 entryEdge: 4
[getConnectedNeighbors] 결과: 2개 이웃 발견
  edge 4: 이웃 (4, 1) 트랙 확인, 소유자 매칭 성공! 필요한 entryEdge: 1
[getConnectedNeighbors] 결과: 2개 이웃 발견
[getConnectedNeighbors] 결과: 1개 이웃 발견
[getConnectedNeighbors] 결과: 1개 이웃 발견
  edge 1: 이웃 (5, 2) 트랙 확인, 소유자 매칭 성공! 필요한 entryEdge: 4
[getConnectedNeighbors] 결과: 2개 이웃 발견
  edge 4: 이웃 (4, 1) 트랙 확인, 소유자 매칭 성공! 필요한 entryEdge: 1
[getConnectedNeighbors] 결과: 2개 이웃 발견
[getConnectedNeighbors] 결과: 1개 이웃 발견
[getConnectedNeighbors] 결과: 1개 이웃 발견
  edge 1: 이웃 (5, 2) 트랙 확인, 소유자 매칭 성공! 필요한 entryEdge: 4
[getConnectedNeighbors] 결과: 2개 이웃 발견
  edge 4: 이웃 (4, 1) 트랙 확인, 소유자 매칭 성공! 필요한 entryEdge: 1
[getConnectedNeighbors] 결과: 2개 이웃 발견
[getConnectedNeighbors] 결과: 1개 이웃 발견
[getConnectedNeighbors] 결과: 1개 이웃 발견
  edge 1: 이웃 (5, 2) 트랙 확인, 소유자 매칭 성공! 필요한 entryEdge: 4
[getConnectedNeighbors] 결과: 2개 이웃 발견
  edge 4: 이웃 (4, 1) 트랙 확인, 소유자 매칭 성공! 필요한 entryEdge: 1
[getConnectedNeighbors] 결과: 2개 이웃 발견
[getConnectedNeighbors] 결과: 1개 이웃 발견
[getConnectedNeighbors] 결과: 1개 이웃 발견
  edge 1: 이웃 (5, 2) 트랙 확인, 소유자 매칭 성공! 필요한 entryEdge: 4
[getConnectedNeighbors] 결과: 1개 이웃 발견
[getConnectedNeighbors] 결과: 1개 이웃 발견
[getConnectedNeighbors] 결과: 0개 이웃 발견
[getConnectedNeighbors] 결과: 1개 이웃 발견
  edge 1: 이웃 (5, 2) 트랙 확인, 소유자 매칭 성공! 필요한 entryEdge: 4
[getConnectedNeighbors] 결과: 2개 이웃 발견
  edge 4: 이웃 (4, 1) 트랙 확인, 소유자 매칭 성공! 필요한 entryEdge: 1
[getConnectedNeighbors] 결과: 2개 이웃 발견
[getConnectedNeighbors] 결과: 1개 이웃 발견
[getConnectedNeighbors] 결과: 1개 이웃 발견
  edge 1: 이웃 (5, 2) 트랙 확인, 소유자 매칭 성공! 필요한 entryEdge: 4
[getConnectedNeighbors] 결과: 2개 이웃 발견
  edge 4: 이웃 (4, 1) 트랙 확인, 소유자 매칭 성공! 필요한 entryEdge: 1
[getConnectedNeighbors] 결과: 2개 이웃 발견
[getConnectedNeighbors] 결과: 1개 이웃 발견
[getConnectedNeighbors] 결과: 1개 이웃 발견
  edge 1: 이웃 (5, 2) 트랙 확인, 소유자 매칭 성공! 필요한 entryEdge: 4
[getConnectedNeighbors] 결과: 2개 이웃 발견
  edge 4: 이웃 (4, 1) 트랙 확인, 소유자 매칭 성공! 필요한 entryEdge: 1
[getConnectedNeighbors] 결과: 2개 이웃 발견
[getConnectedNeighbors] 결과: 1개 이웃 발견
[getConnectedNeighbors] 결과: 1개 이웃 발견
  edge 1: 이웃 (5, 2) 트랙 확인, 소유자 매칭 성공! 필요한 entryEdge: 4
[getConnectedNeighbors] 결과: 2개 이웃 발견
  edge 4: 이웃 (4, 1) 트랙 확인, 소유자 매칭 성공! 필요한 entryEdge: 1
[getConnectedNeighbors] 결과: 2개 이웃 발견
[getConnectedNeighbors] 결과: 1개 이웃 발견
[getConnectedNeighbors] 결과: 1개 이웃 발견
  edge 1: 이웃 (5, 2) 트랙 확인, 소유자 매칭 성공! 필요한 entryEdge: 4
[getConnectedNeighbors] 결과: 2개 이웃 발견
  edge 4: 이웃 (4, 1) 트랙 확인, 소유자 매칭 성공! 필요한 entryEdge: 1
[getConnectedNeighbors] 결과: 2개 이웃 발견
[getConnectedNeighbors] 결과: 1개 이웃 발견
[getConnectedNeighbors] 결과: 1개 이웃 발견
  edge 1: 이웃 (5, 2) 트랙 확인, 소유자 매칭 성공! 필요한 entryEdge: 4
[getConnectedNeighbors] 결과: 2개 이웃 발견
  edge 4: 이웃 (4, 1) 트랙 확인, 소유자 매칭 성공! 필요한 entryEdge: 1
[getConnectedNeighbors] 결과: 2개 이웃 발견
[getConnectedNeighbors] 결과: 1개 이웃 발견
[getConnectedNeighbors] 결과: 1개 이웃 발견
  edge 1: 이웃 (5, 2) 트랙 확인, 소유자 매칭 성공! 필요한 entryEdge: 4
[getConnectedNeighbors] 결과: 2개 이웃 발견
  edge 4: 이웃 (4, 1) 트랙 확인, 소유자 매칭 성공! 필요한 entryEdge: 1
[getConnectedNeighbors] 결과: 2개 이웃 발견
[getConnectedNeighbors] 결과: 1개 이웃 발견
[AI 트랙] 컴퓨터-기차II: 건설 (4,0) edges=[0,3] $2 총점=530.0 [의도: 출발 도시 연결] (전략=화물 기반 동적 전략, 경로=C→O)

 [32m✓[39m src/ai/strategy/__tests__/debug_build.test.ts [2m([22m[2m7 tests[22m[2m | [22m[33m6 skipped[39m[2m)[22m[32m 50[2mms[22m[39m

[2m Test Files [22m [1m[32m1 passed[39m[22m[90m (1)[39m
[2m      Tests [22m [1m[32m1 passed[39m[22m[2m | [22m[33m6 skipped[39m[90m (7)[39m
[2m   Start at [22m 17:02:45
[2m   Duration [22m 162ms

[1m[42m PASS [49m[22m [32mWaiting for file changes...[39m
       [2mpress [22m[1mh[22m[2m to show help[22m[2m, [22m[2mpress [22m[1mq[22m[2m to quit[22m
[33mTest removed...[39m[2m [ src/ai/strategy/__tests__/debug_build.test.ts ]
[22m
c[3J[1m[44m RERUN [49m[22m [34m[2msrc/ai/strategy/__tests__/debug_build.test.ts [22m[34mx18 [34m[39m
       [2m Filename pattern: [22m[34msrc/ai/strategy/__tests__/debug_build.test.ts[39m
       [2m Test name pattern: [22m[34m/연속 건설/[39m


[31m⎯⎯⎯⎯⎯⎯[39m[1m[41m Failed Suites 1 [49m[22m[31m⎯⎯⎯⎯⎯⎯⎯[39m

[41m[1m FAIL [22m[49m src/ai/strategy/__tests__/debug_build.test.ts[2m [ src/ai/strategy/__tests__/debug_build.test.ts ][22m
[31m[1mError[22m: Cannot find module '../buildTrack' imported from '/Users/dalelee/Desktop/aos-showcase/src/ai/strategy/__tests__/debug_build.test.ts'[39m
[36m [2m❯[22m src/ai/strategy/__tests__/debug_build.test.ts:[2m4:1[22m[39m
    [90m  2| [39m[35mimport[39m { describe[33m,[39m it[33m,[39m expect[33m,[39m vi } [35mfrom[39m [32m'vitest'[39m[33m;[39m
    [90m  3| [39mimport { GameState, BoardState, Player, DeliveryRoute } from '@/types/…
    [90m  4| [39m[35mimport[39m { decideBuildTrack } [35mfrom[39m [32m'../buildTrack'[39m[33m;[39m
    [90m   | [39m[31m^[39m
    [90m  5| [39m[35mimport[39m { getNextTargetRoute } [35mfrom[39m [32m'../selector'[39m[33m;[39m
    [90m  6| [39m[35mimport[39m { hexCoordsEqual } [35mfrom[39m [32m'@/utils/hexGrid'[39m[33m;[39m

[31m[2m⎯⎯⎯⎯⎯⎯⎯⎯⎯⎯⎯⎯⎯⎯⎯⎯⎯⎯⎯⎯⎯⎯⎯⎯[1/1]⎯[22m[39m


[2m Test Files [22m [1m[31m1 failed[39m[22m[90m (1)[39m
[2m      Tests [22m [2mno tests[22m
[2m   Start at [22m 17:13:40
[2m   Duration [22m 0ms

[1m[41m FAIL [49m[22m [31mTests failed. Watching for file changes...[39m
       [2mpress [22m[1mh[22m[2m to show help[22m[2m, [22m[2mpress [22m[1mq[22m[2m to quit[22m
c[3J[1m[44m RERUN [49m[22m [34m[2msrc/ai/strategy/__tests__/debug_build.test.ts [22m[34mx19 [34m[39m
       [2m Filename pattern: [22m[34msrc/ai/strategy/__tests__/debug_build.test.ts[39m
       [2m Test name pattern: [22m[34m/연속 건설/[39m

[90mstdout[2m | src/ai/strategy/__tests__/debug_build.test.ts[2m > [22m[2mAI Build Track Decision[2m > [22m[2m목표 경로가 완성되면 즉시 다른 네트워크 확장을 시도해야 함 (연속 건설 제약 해제)
[22m[39m[AI 경로] SequentialTester: 배달 가능한 화물 없음
[AI 경로] SequentialTester: 네트워크 확장 P→D
[AI 경로] SequentialTester: 배달 가능한 화물 없음
[AI 경로] SequentialTester: 네트워크 확장 P→D
[getConnectedNeighbors] 결과: 1개 이웃 발견
[isRouteComplete 디버그] 1,0 이웃: 1 개
  edge 1: 이웃 (2, 1) 트랙 확인, 소유자 매칭 성공! 필요한 entryEdge: 4
[getConnectedNeighbors] 결과: 2개 이웃 발견
[isRouteComplete 디버그] 2,0 이웃: 2 개
  edge 4: 이웃 (2, 0) 트랙 확인, 소유자 매칭 성공! 필요한 entryEdge: 1
[getConnectedNeighbors] 결과: 2개 이웃 발견
[isRouteComplete 디버그] 2,1 이웃: 2 개
[getConnectedNeighbors] 결과: 1개 이웃 발견
[isRouteComplete 디버그] 3,1 이웃: 1 개
[isRouteComplete 디버그] P→D 연결 실패
[getConnectedNeighbors] 결과: 1개 이웃 발견
  edge 1: 이웃 (2, 1) 트랙 확인, 소유자 매칭 성공! 필요한 entryEdge: 4
[getConnectedNeighbors] 결과: 1개 이웃 발견
[getConnectedNeighbors] 결과: 1개 이웃 발견
[getConnectedNeighbors] 결과: 0개 이웃 발견
[AI 트랙] 출발지(P) 망에서만 확장 후보 탐색 (순차 건설 강제)
[getConnectedNeighbors] 결과: 1개 이웃 발견
  edge 1: 이웃 (2, 1) 트랙 확인, 소유자 매칭 성공! 필요한 entryEdge: 4
[getConnectedNeighbors] 결과: 2개 이웃 발견
  edge 4: 이웃 (2, 0) 트랙 확인, 소유자 매칭 성공! 필요한 entryEdge: 1
[getConnectedNeighbors] 결과: 2개 이웃 발견
[getConnectedNeighbors] 결과: 1개 이웃 발견
[getConnectedNeighbors] 결과: 1개 이웃 발견
  edge 1: 이웃 (2, 1) 트랙 확인, 소유자 매칭 성공! 필요한 entryEdge: 4
[getConnectedNeighbors] 결과: 2개 이웃 발견
  edge 4: 이웃 (2, 0) 트랙 확인, 소유자 매칭 성공! 필요한 entryEdge: 1
[getConnectedNeighbors] 결과: 2개 이웃 발견
[getConnectedNeighbors] 결과: 1개 이웃 발견
[getConnectedNeighbors] 결과: 1개 이웃 발견
  edge 1: 이웃 (2, 1) 트랙 확인, 소유자 매칭 성공! 필요한 entryEdge: 4
[getConnectedNeighbors] 결과: 2개 이웃 발견
  edge 4: 이웃 (2, 0) 트랙 확인, 소유자 매칭 성공! 필요한 entryEdge: 1
[getConnectedNeighbors] 결과: 2개 이웃 발견
[getConnectedNeighbors] 결과: 1개 이웃 발견
[getConnectedNeighbors] 결과: 1개 이웃 발견
  edge 1: 이웃 (2, 1) 트랙 확인, 소유자 매칭 성공! 필요한 entryEdge: 4
[getConnectedNeighbors] 결과: 2개 이웃 발견
  edge 4: 이웃 (2, 0) 트랙 확인, 소유자 매칭 성공! 필요한 entryEdge: 1
[getConnectedNeighbors] 결과: 2개 이웃 발견
[getConnectedNeighbors] 결과: 1개 이웃 발견
[getConnectedNeighbors] 결과: 1개 이웃 발견
  edge 1: 이웃 (2, 1) 트랙 확인, 소유자 매칭 성공! 필요한 entryEdge: 4
[getConnectedNeighbors] 결과: 2개 이웃 발견
  edge 4: 이웃 (2, 0) 트랙 확인, 소유자 매칭 성공! 필요한 entryEdge: 1
[getConnectedNeighbors] 결과: 2개 이웃 발견
[getConnectedNeighbors] 결과: 1개 이웃 발견
[getConnectedNeighbors] 결과: 1개 이웃 발견
  edge 1: 이웃 (2, 1) 트랙 확인, 소유자 매칭 성공! 필요한 entryEdge: 4
[getConnectedNeighbors] 결과: 2개 이웃 발견
  edge 4: 이웃 (2, 0) 트랙 확인, 소유자 매칭 성공! 필요한 entryEdge: 1
[getConnectedNeighbors] 결과: 2개 이웃 발견
[getConnectedNeighbors] 결과: 1개 이웃 발견
[getConnectedNeighbors] 결과: 1개 이웃 발견
  edge 1: 이웃 (2, 1) 트랙 확인, 소유자 매칭 성공! 필요한 entryEdge: 4
[getConnectedNeighbors] 결과: 2개 이웃 발견
  edge 4: 이웃 (2, 0) 트랙 확인, 소유자 매칭 성공! 필요한 entryEdge: 1
[getConnectedNeighbors] 결과: 2개 이웃 발견
[getConnectedNeighbors] 결과: 1개 이웃 발견
[getConnectedNeighbors] 결과: 1개 이웃 발견
  edge 1: 이웃 (2, 1) 트랙 확인, 소유자 매칭 성공! 필요한 entryEdge: 4
[getConnectedNeighbors] 결과: 2개 이웃 발견
  edge 4: 이웃 (2, 0) 트랙 확인, 소유자 매칭 성공! 필요한 entryEdge: 1
[getConnectedNeighbors] 결과: 2개 이웃 발견
[getConnectedNeighbors] 결과: 1개 이웃 발견
[getConnectedNeighbors] 결과: 1개 이웃 발견
  edge 1: 이웃 (2, 1) 트랙 확인, 소유자 매칭 성공! 필요한 entryEdge: 4
[getConnectedNeighbors] 결과: 2개 이웃 발견
  edge 4: 이웃 (2, 0) 트랙 확인, 소유자 매칭 성공! 필요한 entryEdge: 1
[getConnectedNeighbors] 결과: 2개 이웃 발견
[getConnectedNeighbors] 결과: 1개 이웃 발견
[getConnectedNeighbors] 결과: 1개 이웃 발견
  edge 1: 이웃 (2, 1) 트랙 확인, 소유자 매칭 성공! 필요한 entryEdge: 4
[getConnectedNeighbors] 결과: 2개 이웃 발견
  edge 4: 이웃 (2, 0) 트랙 확인, 소유자 매칭 성공! 필요한 entryEdge: 1
[getConnectedNeighbors] 결과: 2개 이웃 발견
[getConnectedNeighbors] 결과: 1개 이웃 발견
[getConnectedNeighbors] 결과: 1개 이웃 발견
  edge 1: 이웃 (2, 1) 트랙 확인, 소유자 매칭 성공! 필요한 entryEdge: 4
[getConnectedNeighbors] 결과: 2개 이웃 발견
  edge 4: 이웃 (2, 0) 트랙 확인, 소유자 매칭 성공! 필요한 entryEdge: 1
[getConnectedNeighbors] 결과: 2개 이웃 발견
[getConnectedNeighbors] 결과: 1개 이웃 발견
[getConnectedNeighbors] 결과: 1개 이웃 발견
  edge 1: 이웃 (2, 1) 트랙 확인, 소유자 매칭 성공! 필요한 entryEdge: 4
[getConnectedNeighbors] 결과: 2개 이웃 발견
  edge 4: 이웃 (2, 0) 트랙 확인, 소유자 매칭 성공! 필요한 entryEdge: 1
[getConnectedNeighbors] 결과: 2개 이웃 발견
[getConnectedNeighbors] 결과: 1개 이웃 발견
[getConnectedNeighbors] 결과: 1개 이웃 발견
  edge 1: 이웃 (2, 1) 트랙 확인, 소유자 매칭 성공! 필요한 entryEdge: 4
[getConnectedNeighbors] 결과: 2개 이웃 발견
  edge 4: 이웃 (2, 0) 트랙 확인, 소유자 매칭 성공! 필요한 entryEdge: 1
[getConnectedNeighbors] 결과: 2개 이웃 발견
[getConnectedNeighbors] 결과: 1개 이웃 발견
[getConnectedNeighbors] 결과: 1개 이웃 발견
  edge 1: 이웃 (2, 1) 트랙 확인, 소유자 매칭 성공! 필요한 entryEdge: 4
[getConnectedNeighbors] 결과: 2개 이웃 발견
  edge 4: 이웃 (2, 0) 트랙 확인, 소유자 매칭 성공! 필요한 entryEdge: 1
[getConnectedNeighbors] 결과: 2개 이웃 발견
[getConnectedNeighbors] 결과: 1개 이웃 발견
[getConnectedNeighbors] 결과: 1개 이웃 발견
  edge 1: 이웃 (2, 1) 트랙 확인, 소유자 매칭 성공! 필요한 entryEdge: 4
[getConnectedNeighbors] 결과: 2개 이웃 발견
  edge 4: 이웃 (2, 0) 트랙 확인, 소유자 매칭 성공! 필요한 entryEdge: 1
[getConnectedNeighbors] 결과: 2개 이웃 발견
[getConnectedNeighbors] 결과: 1개 이웃 발견
[getConnectedNeighbors] 결과: 1개 이웃 발견
  edge 1: 이웃 (2, 1) 트랙 확인, 소유자 매칭 성공! 필요한 entryEdge: 4
[getConnectedNeighbors] 결과: 1개 이웃 발견
[getConnectedNeighbors] 결과: 1개 이웃 발견
[getConnectedNeighbors] 결과: 0개 이웃 발견
[getConnectedNeighbors] 결과: 1개 이웃 발견
  edge 1: 이웃 (2, 1) 트랙 확인, 소유자 매칭 성공! 필요한 entryEdge: 4
[getConnectedNeighbors] 결과: 2개 이웃 발견
  edge 4: 이웃 (2, 0) 트랙 확인, 소유자 매칭 성공! 필요한 entryEdge: 1
[getConnectedNeighbors] 결과: 2개 이웃 발견
[getConnectedNeighbors] 결과: 1개 이웃 발견
[getConnectedNeighbors] 결과: 1개 이웃 발견
  edge 1: 이웃 (2, 1) 트랙 확인, 소유자 매칭 성공! 필요한 entryEdge: 4
[getConnectedNeighbors] 결과: 2개 이웃 발견
  edge 4: 이웃 (2, 0) 트랙 확인, 소유자 매칭 성공! 필요한 entryEdge: 1
[getConnectedNeighbors] 결과: 2개 이웃 발견
[getConnectedNeighbors] 결과: 1개 이웃 발견
[getConnectedNeighbors] 결과: 1개 이웃 발견
  edge 1: 이웃 (2, 1) 트랙 확인, 소유자 매칭 성공! 필요한 entryEdge: 4
[getConnectedNeighbors] 결과: 2개 이웃 발견
  edge 4: 이웃 (2, 0) 트랙 확인, 소유자 매칭 성공! 필요한 entryEdge: 1
[getConnectedNeighbors] 결과: 2개 이웃 발견
[getConnectedNeighbors] 결과: 1개 이웃 발견
[getConnectedNeighbors] 결과: 1개 이웃 발견
  edge 1: 이웃 (2, 1) 트랙 확인, 소유자 매칭 성공! 필요한 entryEdge: 4
[getConnectedNeighbors] 결과: 2개 이웃 발견
  edge 4: 이웃 (2, 0) 트랙 확인, 소유자 매칭 성공! 필요한 entryEdge: 1
[getConnectedNeighbors] 결과: 2개 이웃 발견
[getConnectedNeighbors] 결과: 1개 이웃 발견
[getConnectedNeighbors] 결과: 1개 이웃 발견
  edge 1: 이웃 (2, 1) 트랙 확인, 소유자 매칭 성공! 필요한 entryEdge: 4
[getConnectedNeighbors] 결과: 2개 이웃 발견
  edge 4: 이웃 (2, 0) 트랙 확인, 소유자 매칭 성공! 필요한 entryEdge: 1
[getConnectedNeighbors] 결과: 2개 이웃 발견
[getConnectedNeighbors] 결과: 1개 이웃 발견
[getConnectedNeighbors] 결과: 1개 이웃 발견
  edge 1: 이웃 (2, 1) 트랙 확인, 소유자 매칭 성공! 필요한 entryEdge: 4
[getConnectedNeighbors] 결과: 2개 이웃 발견
  edge 4: 이웃 (2, 0) 트랙 확인, 소유자 매칭 성공! 필요한 entryEdge: 1
[getConnectedNeighbors] 결과: 2개 이웃 발견
[getConnectedNeighbors] 결과: 1개 이웃 발견
[getConnectedNeighbors] 결과: 1개 이웃 발견
  edge 1: 이웃 (2, 1) 트랙 확인, 소유자 매칭 성공! 필요한 entryEdge: 4
[getConnectedNeighbors] 결과: 2개 이웃 발견
  edge 4: 이웃 (2, 0) 트랙 확인, 소유자 매칭 성공! 필요한 entryEdge: 1
[getConnectedNeighbors] 결과: 2개 이웃 발견
[getConnectedNeighbors] 결과: 1개 이웃 발견
[getConnectedNeighbors] 결과: 1개 이웃 발견
  edge 1: 이웃 (2, 1) 트랙 확인, 소유자 매칭 성공! 필요한 entryEdge: 4
[getConnectedNeighbors] 결과: 2개 이웃 발견
  edge 4: 이웃 (2, 0) 트랙 확인, 소유자 매칭 성공! 필요한 entryEdge: 1
[getConnectedNeighbors] 결과: 2개 이웃 발견
[getConnectedNeighbors] 결과: 1개 이웃 발견
[getConnectedNeighbors] 결과: 1개 이웃 발견
  edge 1: 이웃 (2, 1) 트랙 확인, 소유자 매칭 성공! 필요한 entryEdge: 4
[getConnectedNeighbors] 결과: 2개 이웃 발견
  edge 4: 이웃 (2, 0) 트랙 확인, 소유자 매칭 성공! 필요한 entryEdge: 1
[getConnectedNeighbors] 결과: 2개 이웃 발견
[getConnectedNeighbors] 결과: 1개 이웃 발견
[getConnectedNeighbors] 결과: 1개 이웃 발견
  edge 1: 이웃 (2, 1) 트랙 확인, 소유자 매칭 성공! 필요한 entryEdge: 4
[getConnectedNeighbors] 결과: 2개 이웃 발견
  edge 4: 이웃 (2, 0) 트랙 확인, 소유자 매칭 성공! 필요한 entryEdge: 1
[getConnectedNeighbors] 결과: 2개 이웃 발견
[getConnectedNeighbors] 결과: 1개 이웃 발견
[getConnectedNeighbors] 결과: 1개 이웃 발견
  edge 1: 이웃 (2, 1) 트랙 확인, 소유자 매칭 성공! 필요한 entryEdge: 4
[getConnectedNeighbors] 결과: 2개 이웃 발견
  edge 4: 이웃 (2, 0) 트랙 확인, 소유자 매칭 성공! 필요한 entryEdge: 1
[getConnectedNeighbors] 결과: 2개 이웃 발견
[getConnectedNeighbors] 결과: 1개 이웃 발견
[getConnectedNeighbors] 결과: 1개 이웃 발견
  edge 1: 이웃 (2, 1) 트랙 확인, 소유자 매칭 성공! 필요한 entryEdge: 4
[getConnectedNeighbors] 결과: 2개 이웃 발견
  edge 4: 이웃 (2, 0) 트랙 확인, 소유자 매칭 성공! 필요한 entryEdge: 1
[getConnectedNeighbors] 결과: 2개 이웃 발견
[getConnectedNeighbors] 결과: 1개 이웃 발견
[getConnectedNeighbors] 결과: 1개 이웃 발견
  edge 1: 이웃 (2, 1) 트랙 확인, 소유자 매칭 성공! 필요한 entryEdge: 4
[getConnectedNeighbors] 결과: 2개 이웃 발견
  edge 4: 이웃 (2, 0) 트랙 확인, 소유자 매칭 성공! 필요한 entryEdge: 1
[getConnectedNeighbors] 결과: 2개 이웃 발견
[getConnectedNeighbors] 결과: 1개 이웃 발견
[getConnectedNeighbors] 결과: 1개 이웃 발견
  edge 1: 이웃 (2, 1) 트랙 확인, 소유자 매칭 성공! 필요한 entryEdge: 4
[getConnectedNeighbors] 결과: 2개 이웃 발견
  edge 4: 이웃 (2, 0) 트랙 확인, 소유자 매칭 성공! 필요한 entryEdge: 1
[getConnectedNeighbors] 결과: 2개 이웃 발견
[getConnectedNeighbors] 결과: 1개 이웃 발견
[getConnectedNeighbors] 결과: 1개 이웃 발견
  edge 1: 이웃 (2, 1) 트랙 확인, 소유자 매칭 성공! 필요한 entryEdge: 4
[getConnectedNeighbors] 결과: 2개 이웃 발견
  edge 4: 이웃 (2, 0) 트랙 확인, 소유자 매칭 성공! 필요한 entryEdge: 1
[getConnectedNeighbors] 결과: 2개 이웃 발견
[getConnectedNeighbors] 결과: 1개 이웃 발견
[AI 트랙] SequentialTester: 건설 (1,1) edges=[4,1] $2 총점=470.0 [의도: 출발 도시 연결] (전략=화물 기반 동적 전략, 경로=P→D)

 [32m✓[39m src/ai/strategy/__tests__/debug_build.test.ts [2m([22m[2m1 test[22m[2m)[22m[32m 69[2mms[22m[39m

[2m Test Files [22m [1m[32m1 passed[39m[22m[90m (1)[39m
[2m      Tests [22m [1m[32m1 passed[39m[22m[90m (1)[39m
[2m   Start at [22m 17:13:58
[2m   Duration [22m 387ms

[1m[42m PASS [49m[22m [32mWaiting for file changes...[39m
       [2mpress [22m[1mh[22m[2m to show help[22m[2m, [22m[2mpress [22m[1mq[22m[2m to quit[22m
c[3J[1m[44m RERUN [49m[22m [34m[2msrc/ai/strategies/buildTrack.ts [22m[34mx20 [34m[39m
       [2m Filename pattern: [22m[34msrc/ai/strategy/__tests__/debug_build.test.ts[39m
       [2m Test name pattern: [22m[34m/연속 건설/[39m

[90mstdout[2m | src/ai/strategy/__tests__/debug_build.test.ts[2m > [22m[2mAI Build Track Decision[2m > [22m[2m목표 경로가 완성되면 즉시 다른 네트워크 확장을 시도해야 함 (연속 건설 제약 해제)
[22m[39m[AI 경로] SequentialTester: 배달 가능한 화물 없음
[AI 경로] SequentialTester: 네트워크 확장 P→D
[AI 경로] SequentialTester: 배달 가능한 화물 없음
[AI 경로] SequentialTester: 네트워크 확장 P→D
[getConnectedNeighbors] 결과: 1개 이웃 발견
[isRouteComplete 디버그] 1,0 이웃: 1 개
  edge 1: 이웃 (2, 1) 트랙 확인, 소유자 매칭 성공! 필요한 entryEdge: 4
[getConnectedNeighbors] 결과: 2개 이웃 발견
[isRouteComplete 디버그] 2,0 이웃: 2 개
  edge 4: 이웃 (2, 0) 트랙 확인, 소유자 매칭 성공! 필요한 entryEdge: 1
[getConnectedNeighbors] 결과: 2개 이웃 발견
[isRouteComplete 디버그] 2,1 이웃: 2 개
[getConnectedNeighbors] 결과: 1개 이웃 발견
[isRouteComplete 디버그] 3,1 이웃: 1 개
[isRouteComplete 디버그] P→D 연결 실패
[AI 트랙] 목표(P) 달성을 위해 모든 보유 트랙에서 확장 후보 탐색 (유연한 건설)
[getConnectedNeighbors] 결과: 1개 이웃 발견
  edge 1: 이웃 (2, 1) 트랙 확인, 소유자 매칭 성공! 필요한 entryEdge: 4
[getConnectedNeighbors] 결과: 2개 이웃 발견
  edge 4: 이웃 (2, 0) 트랙 확인, 소유자 매칭 성공! 필요한 entryEdge: 1
[getConnectedNeighbors] 결과: 2개 이웃 발견
[getConnectedNeighbors] 결과: 1개 이웃 발견
[getConnectedNeighbors] 결과: 1개 이웃 발견
  edge 1: 이웃 (2, 1) 트랙 확인, 소유자 매칭 성공! 필요한 entryEdge: 4
[getConnectedNeighbors] 결과: 2개 이웃 발견
  edge 4: 이웃 (2, 0) 트랙 확인, 소유자 매칭 성공! 필요한 entryEdge: 1
[getConnectedNeighbors] 결과: 2개 이웃 발견
[getConnectedNeighbors] 결과: 1개 이웃 발견
[getConnectedNeighbors] 결과: 1개 이웃 발견
  edge 1: 이웃 (2, 1) 트랙 확인, 소유자 매칭 성공! 필요한 entryEdge: 4
[getConnectedNeighbors] 결과: 2개 이웃 발견
  edge 4: 이웃 (2, 0) 트랙 확인, 소유자 매칭 성공! 필요한 entryEdge: 1
[getConnectedNeighbors] 결과: 2개 이웃 발견
[getConnectedNeighbors] 결과: 1개 이웃 발견
[getConnectedNeighbors] 결과: 1개 이웃 발견
  edge 1: 이웃 (2, 1) 트랙 확인, 소유자 매칭 성공! 필요한 entryEdge: 4
[getConnectedNeighbors] 결과: 2개 이웃 발견
  edge 4: 이웃 (2, 0) 트랙 확인, 소유자 매칭 성공! 필요한 entryEdge: 1
[getConnectedNeighbors] 결과: 2개 이웃 발견
[getConnectedNeighbors] 결과: 1개 이웃 발견
[getConnectedNeighbors] 결과: 1개 이웃 발견
  edge 1: 이웃 (2, 1) 트랙 확인, 소유자 매칭 성공! 필요한 entryEdge: 4
[getConnectedNeighbors] 결과: 2개 이웃 발견
  edge 4: 이웃 (2, 0) 트랙 확인, 소유자 매칭 성공! 필요한 entryEdge: 1
[getConnectedNeighbors] 결과: 2개 이웃 발견
[getConnectedNeighbors] 결과: 1개 이웃 발견
[getConnectedNeighbors] 결과: 1개 이웃 발견
  edge 1: 이웃 (2, 1) 트랙 확인, 소유자 매칭 성공! 필요한 entryEdge: 4
[getConnectedNeighbors] 결과: 2개 이웃 발견
  edge 4: 이웃 (2, 0) 트랙 확인, 소유자 매칭 성공! 필요한 entryEdge: 1
[getConnectedNeighbors] 결과: 2개 이웃 발견
[getConnectedNeighbors] 결과: 1개 이웃 발견
[getConnectedNeighbors] 결과: 1개 이웃 발견
  edge 1: 이웃 (2, 1) 트랙 확인, 소유자 매칭 성공! 필요한 entryEdge: 4
[getConnectedNeighbors] 결과: 2개 이웃 발견
  edge 4: 이웃 (2, 0) 트랙 확인, 소유자 매칭 성공! 필요한 entryEdge: 1
[getConnectedNeighbors] 결과: 2개 이웃 발견
[getConnectedNeighbors] 결과: 1개 이웃 발견
[getConnectedNeighbors] 결과: 1개 이웃 발견
  edge 1: 이웃 (2, 1) 트랙 확인, 소유자 매칭 성공! 필요한 entryEdge: 4
[getConnectedNeighbors] 결과: 2개 이웃 발견
  edge 4: 이웃 (2, 0) 트랙 확인, 소유자 매칭 성공! 필요한 entryEdge: 1
[getConnectedNeighbors] 결과: 2개 이웃 발견
[getConnectedNeighbors] 결과: 1개 이웃 발견
[getConnectedNeighbors] 결과: 1개 이웃 발견
  edge 1: 이웃 (2, 1) 트랙 확인, 소유자 매칭 성공! 필요한 entryEdge: 4
[getConnectedNeighbors] 결과: 2개 이웃 발견
  edge 4: 이웃 (2, 0) 트랙 확인, 소유자 매칭 성공! 필요한 entryEdge: 1
[getConnectedNeighbors] 결과: 2개 이웃 발견
[getConnectedNeighbors] 결과: 1개 이웃 발견
[getConnectedNeighbors] 결과: 1개 이웃 발견
  edge 1: 이웃 (2, 1) 트랙 확인, 소유자 매칭 성공! 필요한 entryEdge: 4
[getConnectedNeighbors] 결과: 2개 이웃 발견
  edge 4: 이웃 (2, 0) 트랙 확인, 소유자 매칭 성공! 필요한 entryEdge: 1
[getConnectedNeighbors] 결과: 2개 이웃 발견
[getConnectedNeighbors] 결과: 1개 이웃 발견
[getConnectedNeighbors] 결과: 1개 이웃 발견
  edge 1: 이웃 (2, 1) 트랙 확인, 소유자 매칭 성공! 필요한 entryEdge: 4
[getConnectedNeighbors] 결과: 2개 이웃 발견
  edge 4: 이웃 (2, 0) 트랙 확인, 소유자 매칭 성공! 필요한 entryEdge: 1
[getConnectedNeighbors] 결과: 2개 이웃 발견
[getConnectedNeighbors] 결과: 1개 이웃 발견
[getConnectedNeighbors] 결과: 1개 이웃 발견
  edge 1: 이웃 (2, 1) 트랙 확인, 소유자 매칭 성공! 필요한 entryEdge: 4
[getConnectedNeighbors] 결과: 2개 이웃 발견
  edge 4: 이웃 (2, 0) 트랙 확인, 소유자 매칭 성공! 필요한 entryEdge: 1
[getConnectedNeighbors] 결과: 2개 이웃 발견
[getConnectedNeighbors] 결과: 1개 이웃 발견
[getConnectedNeighbors] 결과: 1개 이웃 발견
  edge 1: 이웃 (2, 1) 트랙 확인, 소유자 매칭 성공! 필요한 entryEdge: 4
[getConnectedNeighbors] 결과: 2개 이웃 발견
  edge 4: 이웃 (2, 0) 트랙 확인, 소유자 매칭 성공! 필요한 entryEdge: 1
[getConnectedNeighbors] 결과: 2개 이웃 발견
[getConnectedNeighbors] 결과: 1개 이웃 발견
[getConnectedNeighbors] 결과: 1개 이웃 발견
  edge 1: 이웃 (2, 1) 트랙 확인, 소유자 매칭 성공! 필요한 entryEdge: 4
[getConnectedNeighbors] 결과: 2개 이웃 발견
  edge 4: 이웃 (2, 0) 트랙 확인, 소유자 매칭 성공! 필요한 entryEdge: 1
[getConnectedNeighbors] 결과: 2개 이웃 발견
[getConnectedNeighbors] 결과: 1개 이웃 발견
[getConnectedNeighbors] 결과: 1개 이웃 발견
  edge 1: 이웃 (2, 1) 트랙 확인, 소유자 매칭 성공! 필요한 entryEdge: 4
[getConnectedNeighbors] 결과: 2개 이웃 발견
  edge 4: 이웃 (2, 0) 트랙 확인, 소유자 매칭 성공! 필요한 entryEdge: 1
[getConnectedNeighbors] 결과: 2개 이웃 발견
[getConnectedNeighbors] 결과: 1개 이웃 발견
[getConnectedNeighbors] 결과: 1개 이웃 발견
  edge 1: 이웃 (2, 1) 트랙 확인, 소유자 매칭 성공! 필요한 entryEdge: 4
[getConnectedNeighbors] 결과: 1개 이웃 발견
[getConnectedNeighbors] 결과: 1개 이웃 발견
[getConnectedNeighbors] 결과: 0개 이웃 발견
[getConnectedNeighbors] 결과: 1개 이웃 발견
  edge 1: 이웃 (2, 1) 트랙 확인, 소유자 매칭 성공! 필요한 entryEdge: 4
[getConnectedNeighbors] 결과: 2개 이웃 발견
  edge 4: 이웃 (2, 0) 트랙 확인, 소유자 매칭 성공! 필요한 entryEdge: 1
[getConnectedNeighbors] 결과: 2개 이웃 발견
[getConnectedNeighbors] 결과: 1개 이웃 발견
[getConnectedNeighbors] 결과: 1개 이웃 발견
  edge 1: 이웃 (2, 1) 트랙 확인, 소유자 매칭 성공! 필요한 entryEdge: 4
[getConnectedNeighbors] 결과: 2개 이웃 발견
  edge 4: 이웃 (2, 0) 트랙 확인, 소유자 매칭 성공! 필요한 entryEdge: 1
[getConnectedNeighbors] 결과: 2개 이웃 발견
[getConnectedNeighbors] 결과: 1개 이웃 발견
[getConnectedNeighbors] 결과: 1개 이웃 발견
  edge 1: 이웃 (2, 1) 트랙 확인, 소유자 매칭 성공! 필요한 entryEdge: 4
[getConnectedNeighbors] 결과: 2개 이웃 발견
  edge 4: 이웃 (2, 0) 트랙 확인, 소유자 매칭 성공! 필요한 entryEdge: 1
[getConnectedNeighbors] 결과: 2개 이웃 발견
[getConnectedNeighbors] 결과: 1개 이웃 발견
[getConnectedNeighbors] 결과: 1개 이웃 발견
  edge 1: 이웃 (2, 1) 트랙 확인, 소유자 매칭 성공! 필요한 entryEdge: 4
[getConnectedNeighbors] 결과: 2개 이웃 발견
  edge 4: 이웃 (2, 0) 트랙 확인, 소유자 매칭 성공! 필요한 entryEdge: 1
[getConnectedNeighbors] 결과: 2개 이웃 발견
[getConnectedNeighbors] 결과: 1개 이웃 발견
[getConnectedNeighbors] 결과: 1개 이웃 발견
  edge 1: 이웃 (2, 1) 트랙 확인, 소유자 매칭 성공! 필요한 entryEdge: 4
[getConnectedNeighbors] 결과: 2개 이웃 발견
  edge 4: 이웃 (2, 0) 트랙 확인, 소유자 매칭 성공! 필요한 entryEdge: 1
[getConnectedNeighbors] 결과: 2개 이웃 발견
[getConnectedNeighbors] 결과: 1개 이웃 발견
[getConnectedNeighbors] 결과: 1개 이웃 발견
  edge 1: 이웃 (2, 1) 트랙 확인, 소유자 매칭 성공! 필요한 entryEdge: 4
[getConnectedNeighbors] 결과: 2개 이웃 발견
  edge 4: 이웃 (2, 0) 트랙 확인, 소유자 매칭 성공! 필요한 entryEdge: 1
[getConnectedNeighbors] 결과: 2개 이웃 발견
[getConnectedNeighbors] 결과: 1개 이웃 발견
[getConnectedNeighbors] 결과: 1개 이웃 발견
  edge 1: 이웃 (2, 1) 트랙 확인, 소유자 매칭 성공! 필요한 entryEdge: 4
[getConnectedNeighbors] 결과: 2개 이웃 발견
  edge 4: 이웃 (2, 0) 트랙 확인, 소유자 매칭 성공! 필요한 entryEdge: 1
[getConnectedNeighbors] 결과: 2개 이웃 발견
[getConnectedNeighbors] 결과: 1개 이웃 발견
[getConnectedNeighbors] 결과: 1개 이웃 발견
  edge 1: 이웃 (2, 1) 트랙 확인, 소유자 매칭 성공! 필요한 entryEdge: 4
[getConnectedNeighbors] 결과: 2개 이웃 발견
  edge 4: 이웃 (2, 0) 트랙 확인, 소유자 매칭 성공! 필요한 entryEdge: 1
[getConnectedNeighbors] 결과: 2개 이웃 발견
[getConnectedNeighbors] 결과: 1개 이웃 발견
[getConnectedNeighbors] 결과: 1개 이웃 발견
  edge 1: 이웃 (2, 1) 트랙 확인, 소유자 매칭 성공! 필요한 entryEdge: 4
[getConnectedNeighbors] 결과: 2개 이웃 발견
  edge 4: 이웃 (2, 0) 트랙 확인, 소유자 매칭 성공! 필요한 entryEdge: 1
[getConnectedNeighbors] 결과: 2개 이웃 발견
[getConnectedNeighbors] 결과: 1개 이웃 발견
[getConnectedNeighbors] 결과: 1개 이웃 발견
  edge 1: 이웃 (2, 1) 트랙 확인, 소유자 매칭 성공! 필요한 entryEdge: 4
[getConnectedNeighbors] 결과: 2개 이웃 발견
  edge 4: 이웃 (2, 0) 트랙 확인, 소유자 매칭 성공! 필요한 entryEdge: 1
[getConnectedNeighbors] 결과: 2개 이웃 발견
[getConnectedNeighbors] 결과: 1개 이웃 발견
[getConnectedNeighbors] 결과: 1개 이웃 발견
  edge 1: 이웃 (2, 1) 트랙 확인, 소유자 매칭 성공! 필요한 entryEdge: 4
[getConnectedNeighbors] 결과: 2개 이웃 발견
  edge 4: 이웃 (2, 0) 트랙 확인, 소유자 매칭 성공! 필요한 entryEdge: 1
[getConnectedNeighbors] 결과: 2개 이웃 발견
[getConnectedNeighbors] 결과: 1개 이웃 발견
[getConnectedNeighbors] 결과: 1개 이웃 발견
  edge 1: 이웃 (2, 1) 트랙 확인, 소유자 매칭 성공! 필요한 entryEdge: 4
[getConnectedNeighbors] 결과: 2개 이웃 발견
  edge 4: 이웃 (2, 0) 트랙 확인, 소유자 매칭 성공! 필요한 entryEdge: 1
[getConnectedNeighbors] 결과: 2개 이웃 발견
[getConnectedNeighbors] 결과: 1개 이웃 발견
[getConnectedNeighbors] 결과: 1개 이웃 발견
  edge 1: 이웃 (2, 1) 트랙 확인, 소유자 매칭 성공! 필요한 entryEdge: 4
[getConnectedNeighbors] 결과: 2개 이웃 발견
  edge 4: 이웃 (2, 0) 트랙 확인, 소유자 매칭 성공! 필요한 entryEdge: 1
[getConnectedNeighbors] 결과: 2개 이웃 발견
[getConnectedNeighbors] 결과: 1개 이웃 발견
[getConnectedNeighbors] 결과: 1개 이웃 발견
  edge 1: 이웃 (2, 1) 트랙 확인, 소유자 매칭 성공! 필요한 entryEdge: 4
[getConnectedNeighbors] 결과: 2개 이웃 발견
  edge 4: 이웃 (2, 0) 트랙 확인, 소유자 매칭 성공! 필요한 entryEdge: 1
[getConnectedNeighbors] 결과: 2개 이웃 발견
[getConnectedNeighbors] 결과: 1개 이웃 발견
[getConnectedNeighbors] 결과: 1개 이웃 발견
  edge 1: 이웃 (2, 1) 트랙 확인, 소유자 매칭 성공! 필요한 entryEdge: 4
[getConnectedNeighbors] 결과: 2개 이웃 발견
  edge 4: 이웃 (2, 0) 트랙 확인, 소유자 매칭 성공! 필요한 entryEdge: 1
[getConnectedNeighbors] 결과: 2개 이웃 발견
[getConnectedNeighbors] 결과: 1개 이웃 발견
[AI 트랙] SequentialTester: 건설 (1,1) edges=[4,1] $2 총점=470.0 [의도: 출발 도시 연결] (전략=화물 기반 동적 전략, 경로=P→D)

 [32m✓[39m src/ai/strategy/__tests__/debug_build.test.ts [2m([22m[2m1 test[22m[2m)[22m[32m 76[2mms[22m[39m

[2m Test Files [22m [1m[32m1 passed[39m[22m[90m (1)[39m
[2m      Tests [22m [1m[32m1 passed[39m[22m[90m (1)[39m
[2m   Start at [22m 17:14:52
[2m   Duration [22m 316ms

[1m[42m PASS [49m[22m [32mWaiting for file changes...[39m
       [2mpress [22m[1mh[22m[2m to show help[22m[2m, [22m[2mpress [22m[1mq[22m[2m to quit[22m
[33mTest removed...[39m[2m [ src/ai/strategy/__tests__/debug_build.test.ts ]
[22m
